$ (cd cap_certificate && cap_inequality_certificate.py)

========================================================================
(A)  the polytope Q and its volume
========================================================================
    root system has 24 elements                                PASS
    every root has squared length 2                            PASS
    23 remaining roots                                         PASS
    Q has 25 vertices (exact rational enumeration)
    Q has 25 vertices                                          PASS
    vol(Q) = 8.3333333333   (exact value 25/3 = 8.3333333333)
    vol(Q) = 25/3                                              PASS
    vol(24-cell) = 8                                           PASS
    vol(Q) - vol(24-cell) = 1/3                                PASS

========================================================================
(B)  Q is contained in a cross-polytope
========================================================================
    frame of four pairwise orthogonal roots: [(1, 1, 0, 0), (1, -1, 0, 0), (0, 0, 1, 1), (0, 0, 1, -1)]
    frame is pairwise orthogonal                               PASS
    largest l^1 norm of a vertex of Q: sqrt(2) = 1.4142135624
    every vertex has l^1 norm at most sqrt(2)                  PASS
    the bound sqrt(2) is attained                              PASS

========================================================================
(C)  closed form for the cap volume
========================================================================
    max |direct volume - closed form| over 60 directions: 1.32e-10
    closed form agrees with direct volume                      PASS
    cap at a vertex direction: 0.333333333304   (exact value 1/3)
    cap at a vertex direction is 1/3                           PASS

========================================================================
(D)  g has nonnegative fourth derivative on its support
========================================================================
    g''''(t^2) = 3*(20*t**2 - 3)/(2*t**5)
    g''''(t^2) = 3(20t^2 - 3)/(2 t^5)                          PASS
    nonnegative for t >= 1/2                                   PASS
    g'''(1/4) = 0, so g''' extends continuously by zero below 1/4
    g'''(1/4) = 0                                              PASS

========================================================================
(E)  at most one node above 1/4: three exact polynomial inequalities
========================================================================
    c >= sqrt(3)/2              -(c - 1)*(14*c**3 - 18*c**2 + 7*c - 1)
        interior real roots: []
    no sign change on c >= sqrt(3)/2                           PASS
    1/sqrt(2) <= c <= sqrt(3)/2  -(2*c - 1)*(112*c**3 - 200*c**2 + 102*c - 13)/16
        interior real roots: []
    no sign change on 1/sqrt(2) <= c <= sqrt(3)/2              PASS
    1/2 <= c <= 1/sqrt(2)       -(56*c**3 - 44*c**2 - 6*c - 1)/8
        interior real roots: []
    no sign change on 1/2 <= c <= 1/sqrt(2)                    PASS
    case (E) complete                                          PASS

========================================================================
(F)  two or more nodes above 1/4: exact rational box certificate
========================================================================
    boxes in the certificate: 303
    largest corner value: 0.99755050
    every corner bound is at most 1                            PASS

========================================================================
(G)  the defect is nonnegative, checked against direct cell volumes
========================================================================
    minimum defect over 300 random (tilt, direction) pairs: 0.0001856874
    defect nonnegative on the sample                           PASS

========================================================================
SUMMARY
========================================================================
    21 checks, 21 passed, 0 failed
    overall: PASS
