$ (cd multi_cap && covering_bound.py)
The covering bound
==============================================================
[PASS] cap-area formula C(r) = pi(2r - sin 2r)
       C(pi) = 19.739208802179   |S^3| = 19.739208802179
         r = 0.3:  formula 0.111079   Monte Carlo 0.110579
         r = 0.6:  formula 0.841824   Monte Carlo 0.842272
         r = 0.9:  formula 2.595434   Monte Carlo 2.597670
         r = 1.2:  formula 5.417792   Monte Carlo 5.414623
[PASS] radial identity vol = (1/4) int sec^4(delta) at the roots
       (1/4) int sec^4 delta = 7.999025   direct volume = 8.00000000
       covering radius = 44.8693 deg (exact value 45)  [Monte Carlo]
[PASS] layer-cake rewriting of the same integral
       direct 31.996101   layer cake 31.996081  [Monte Carlo]
[PASS] radial identity on random configurations
       configurations tested: 4  [Monte Carlo, 1e6 samples each]
[PASS] closed form (pi m/3) tan^3 r_m equals the quadrature
       largest discrepancy over m in {5,9,14,18,22,24}: 9.770e-15
[PASS] bound is strictly decreasing in m over 5..24
         m =  5   r_m = 60.536972 deg   bound = 29.042559   >= 8
         m =  6   r_m = 56.406799 deg   bound = 21.440235   >= 8
         m =  7   r_m = 53.197354 deg   bound = 17.503703   >= 8
         m =  8   r_m = 50.601922 deg   bound = 15.119204   >= 8
         m =  9   r_m = 48.441431 deg   bound = 13.525786   >= 8
         m = 10   r_m = 46.603050 deg   bound = 12.387172   >= 8
         m = 11   r_m = 45.011524 deg   bound = 11.533082   >= 8
         m = 12   r_m = 43.614387 deg   bound = 10.868477   >= 8
         m = 13   r_m = 42.373749 deg   bound = 10.336286   >= 8
         m = 14   r_m = 41.261436 deg   bound =  9.900225   >= 8
         m = 15   r_m = 40.255989 deg   bound =  9.536151   >= 8
         m = 16   r_m = 39.340721 deg   bound =  9.227382   >= 8
         m = 17   r_m = 38.502427 deg   bound =  8.962031   >= 8
         m = 18   r_m = 37.730497 deg   bound =  8.731395   >= 8
         m = 19   r_m = 37.016289 deg   bound =  8.528959   >= 8
         m = 20   r_m = 36.352679 deg   bound =  8.349750   >= 8
         m = 21   r_m = 35.733735 deg   bound =  8.189905   >= 8
         m = 22   r_m = 35.154469 deg   bound =  8.046376   >= 8
         m = 23   r_m = 34.610650 deg   bound =  7.916728
         m = 24   r_m = 34.098663 deg   bound =  7.798989
[PASS] bound exceeds 8 exactly for m <= 22
       largest m with bound >= 8: 22   bound(22) = 8.046376   bound(23) = 7.916728
[PASS] root configuration respects the bound
       true volume 8 (computed 8.00000000)   bound at m = 24: 7.798989   slack 0.201011
[PASS] subsets of the root system respect the bound
       configurations tested: 100
         m = 20  smallest volume over root subsets 9.333333   bound 8.349750
         m = 21  smallest volume over root subsets 9.000000   bound 8.189905
         m = 22  smallest volume over root subsets 8.666667   bound 8.046376
         m = 23  smallest volume over root subsets 8.333333   bound 7.916728
[PASS] random packing-valid configurations respect the bound
       configurations tested: 50   smallest true/bound ratio 1.0523  [double precision]
[PASS] the constants quoted in the text
       m = 22: 8.046376 (text 8.046376)
       m = 24: 7.798989 (text 7.798989), shortfall from 8: 0.201011
       m = 23: 7.916728, shortfall from 8: 0.083272
       implied density (pi^2/2)/7.798989 = 0.632749 (text 0.632749), against pi^2/16 = 0.616850
[PASS] phi'(s) = 3 sec^4(C^-1(s)) / (4 pi)
         area 0.2000: numerical 0.31404026  closed form 0.31404026
         area 0.5000: numerical 0.40309301  closed form 0.40309301
         area 0.8225: numerical 0.50774521  closed form 0.50774521
         area 1.5000: numerical 0.79209556  closed form 0.79209556
         area 3.0000: numerical 2.09071375  closed form 2.09071375
[PASS] phi is strictly convex
       all 498 second differences positive
[PASS] equal cell areas reproduce the global bound and minimise it
       per-cell bound at equal areas 7.798989   global bound 7.798989
       smallest value over 1500 random area splittings: 8.723793
[PASS] four unit vectors in R^3 always have a pair with inner product at least -1/3
       counterexamples in 200000 random quadruples: 0
[PASS] covering radius never below arccos sqrt(5/8)
       bound 37.76124 deg   smallest covering radius over 4 configurations 44.69951 deg
       (D4 exact value 45; sampling underestimates a maximum slightly)  [Monte Carlo]
[PASS] the covering-radius bound does not move the volume bound
       plain 7.79899   with one deep hole 7.79902 (text 7.79902)
       with one deep hole per cell, treated as disjoint: 7.79966 (text 7.79966)
[PASS] the shortfall at m = 24 splits as about 0.057 + 0.140
       overlaps below r_24 = 0.0559 (text: about 0.057)
       tail above r_24     = 0.1413 (text: about 0.140)
       sum 0.1972 against the shortfall 8 - 7.798989 = 0.2010  [Monte Carlo]
[PASS] 96 pairs at 60 degrees, total overlap about 2.0 at r_24
       pairs at exactly 60 degrees: 96
       one lens at r_24: 0.020331   total: 1.9518 (text: about 2.0)  [Monte Carlo]
==============================================================
19 of 19 checks passed
