$ (cd multi_cap && local_cell_obstruction.py)
[PASS] at the root configuration the mean of sec^4 over a Voronoi cell is 16/pi^2
       mean 1.621121 against 16/pi^2 = 1.621139
       cell measure 0.820796 against 2 pi^2 / 24 = 0.822467
       (Monte Carlo over S^3)
[PASS] nine contacts at 60 degrees give a cell that violates (LOCAL), and so do nine at 61 degrees
       nine directions of R^3 with pairwise inner product at most 1/3: largest is 0.333333333333343
       contacts at 60 deg: largest inner product 0.500000, cell measure 0.77434, mean of sec^4 1.573155  (target 1.621139)
       contacts at 61 deg: largest inner product 0.490027, cell measure 0.80893, mean of sec^4 1.595377  (target 1.621139)
       adding further directions only shrinks the cell and lowers the mean
[PASS] inside a Delaunay cell the nearest contact direction need not be a vertex of that cell
       configuration of 22 directions with 88 Delaunay cells
       294 of 200000 sampled directions have their nearest contact outside the Delaunay cell containing them
       largest gap in cosine between the true nearest contact and the nearest vertex of the cell: 0.106890
       so the integral over a Delaunay cell is not a functional of that cell alone
[PASS] the regular simplex of edge 60 degrees falls 4.78 per cent short, and edge 62 degrees still falls short
       E[(1+M)^-4] = 0.200000000, that is 1/5 exactly
       E[(1+q)^-2] = 0.518306859
       closed form 4 E[(1+M)^-4] / E[(1+q)^-2] = 1.543487
       direct sampling, edge 60 deg                = 1.543693
       direct sampling, edge 62 deg                = 1.595475
       target 16/pi^2                              = 1.621139
       shortfall at edge 60 deg: 0.0777, that is 4.79 per cent
       circumradius at edge 60 deg: 37.7612 deg, below 60, so saturation does not exclude it
[PASS] the Delaunay cells of D4 are octahedra, and the regular simplex occurs elsewhere but never in D4
       D4: 24 Delaunay cells, [6] vertices each, circumradius 45.0000 deg
       largest set of roots pairwise at 60 degrees: 3, so no Delaunay cell of D4 is a regular simplex of edge 60 degrees
       greedy completion of one such simplex: 15 directions, all pairwise inner products at most 1/2; its circumcentre is at cos 0.790569 from each of the four and the next direction is at cos 0.270595, so the circumsphere is empty
==============================================================
5 of 5 checks passed
The shape deficit of Proposition 7.18 is not additive over
cells: no inequality applied one cell at a time, in either
decomposition, can reach the bound.
