$ (cd multi_cap && certificate_check.py)
certificate of degree 8: 9 coefficients f_k, matrices F_k of sizes [9, 8, 7, 6, 5, 4, 3, 2, 1]
  step 1: f_k >= 0 for k >= 1 and every F_k positive definite (exact LDL^T)
  step 2: exact bound B / 1000 = 0.092900000; 8 - A_* in [0.092855570294, 0.092855570294]
  the bound exceeds 8 - A_* by 4.443e-05
  step 3: P has 449 monomials, degree 16; P is symmetric
  omega tabulated at 12001 angles (cells of width at most 1.44e-05 in u); at 60 degrees omega >= 0.0014454086, omega' in [0.02519166, 0.02519166]; |omega''| <= 0.289712 on [1/3, 1/2]
  level  1: 0 boxes verified, 0 outside the domain, 2 to bisect, least lower bound so far -6.555e+03  [0s]
  level  2: 0 boxes verified, 0 outside the domain, 4 to bisect, least lower bound so far -6.555e+03  [0s]
  level  3: 0 boxes verified, 0 outside the domain, 8 to bisect, least lower bound so far -6.555e+03  [0s]
  level  4: 0 boxes verified, 0 outside the domain, 16 to bisect, least lower bound so far -6.555e+03  [0s]
  level  5: 0 boxes verified, 3 outside the domain, 26 to bisect, least lower bound so far -6.555e+03  [0s]
  level  6: 0 boxes verified, 7 outside the domain, 44 to bisect, least lower bound so far -6.555e+03  [1s]
  level  7: 0 boxes verified, 15 outside the domain, 72 to bisect, least lower bound so far -6.555e+03  [1s]
  level  8: 0 boxes verified, 27 outside the domain, 120 to bisect, least lower bound so far -6.555e+03  [1s]
  level  9: 0 boxes verified, 49 outside the domain, 196 to bisect, least lower bound so far -6.555e+03  [1s]
  level 10: 0 boxes verified, 77 outside the domain, 336 to bisect, least lower bound so far -6.555e+03  [1s]
  level 11: 0 boxes verified, 125 outside the domain, 576 to bisect, least lower bound so far -6.555e+03  [1s]
  level 12: 0 boxes verified, 206 outside the domain, 990 to bisect, least lower bound so far -6.555e+03  [2s]
  level 13: 25 boxes verified, 299 outside the domain, 1744 to bisect, least lower bound so far -6.555e+03  [2s]
  level 14: 64 boxes verified, 453 outside the domain, 3102 to bisect, least lower bound so far -6.555e+03  [2s]
  level 15: 222 boxes verified, 740 outside the domain, 5314 to bisect, least lower bound so far -6.555e+03  [3s]
  level 16: 835 boxes verified, 1029 outside the domain, 8824 to bisect, least lower bound so far -6.555e+03  [5s]
  level 17: 1998 boxes verified, 1530 outside the domain, 14320 to bisect, least lower bound so far -6.555e+03  [7s]
  level 18: 4083 boxes verified, 2261 outside the domain, 23008 to bisect, least lower bound so far -6.555e+03  [11s]
  level 19: 8084 boxes verified, 2952 outside the domain, 36632 to bisect, least lower bound so far -6.555e+03  [18s]
  level 20: 15514 boxes verified, 4111 outside the domain, 56086 to bisect, least lower bound so far -6.555e+03  [29s]
  level 21: 30643 boxes verified, 5672 outside the domain, 78792 to bisect, least lower bound so far -6.555e+03  [47s]
  level 22: 59853 boxes verified, 6797 outside the domain, 96914 to bisect, least lower bound so far -6.555e+03  [73s]
  level 23: 105171 boxes verified, 8238 outside the domain, 100310 to bisect, least lower bound so far -6.555e+03  [114s]
  level 24: 156937 boxes verified, 10184 outside the domain, 93196 to bisect, least lower bound so far -6.555e+03  [156s]
  level 25: 214847 boxes verified, 11008 outside the domain, 68924 to bisect, least lower bound so far -6.555e+03  [190s]
  level 26: 263904 boxes verified, 11430 outside the domain, 38890 to bisect, least lower bound so far -6.555e+03  [214s]
  level 27: 297497 boxes verified, 11659 outside the domain, 10136 to bisect, least lower bound so far -6.555e+03  [229s]
  level 28: 304472 boxes verified, 11789 outside the domain, 6062 to bisect, least lower bound so far -6.555e+03  [232s]
  level 29: 308847 boxes verified, 11889 outside the domain, 3174 to bisect, least lower bound so far -6.555e+03  [234s]
  level 30: 311164 boxes verified, 11952 outside the domain, 1588 to bisect, least lower bound so far -6.555e+03  [235s]
  level 31: 312377 boxes verified, 12063 outside the domain, 528 to bisect, least lower bound so far -6.555e+03  [235s]
  level 32: 312625 boxes verified, 12089 outside the domain, 508 to bisect, least lower bound so far -6.555e+03  [236s]
  level 33: 312804 boxes verified, 12232 outside the domain, 372 to bisect, least lower bound so far -6.555e+03  [236s]
  level 34: 312969 boxes verified, 12251 outside the domain, 376 to bisect, least lower bound so far -6.555e+03  [236s]
  level 35: 313073 boxes verified, 12270 outside the domain, 506 to bisect, least lower bound so far -6.555e+03  [236s]
  level 36: 313191 boxes verified, 12435 outside the domain, 446 to bisect, least lower bound so far -6.555e+03  [237s]
  level 37: 313275 boxes verified, 12630 outside the domain, 334 to bisect, least lower bound so far -6.555e+03  [237s]
  level 38: 313390 boxes verified, 12650 outside the domain, 398 to bisect, least lower bound so far -6.555e+03  [237s]
  level 39: 313478 boxes verified, 12658 outside the domain, 604 to bisect, least lower bound so far -6.555e+03  [237s]
  level 40: 313589 boxes verified, 12923 outside the domain, 456 to bisect, least lower bound so far -6.555e+03  [238s]
  level 41: 313669 boxes verified, 13194 outside the domain, 210 to bisect, least lower bound so far -6.555e+03  [238s]
  level 42: 313721 boxes verified, 13202 outside the domain, 300 to bisect, least lower bound so far -6.555e+03  [238s]
  level 43: 313758 boxes verified, 13391 outside the domain, 148 to bisect, least lower bound so far -6.555e+03  [239s]
  level 44: 313780 boxes verified, 13517 outside the domain, 0 to bisect, least lower bound so far -6.555e+03  [239s]
PASS: (C) holds on the admissible domain; every contact configuration of 23 directions satisfies sum omega(gamma_ij) >= 0.092900000 > 8 - A_*.
