MEM loaded rss=4.844232 GB threads=4 mode=fast prec=128 K=7 levels=7 cholK=8 cholL=10
 iter  time(s)           μ       P-obj       D-obj        gap    P-error    p-error    d-error        α_p        α_d       beta
      CHOLSTAT min pivot^2/S_ii = 1.5697879706172939e-34 at row 3886
    1    737.1   1.000e+20   0.000e+00   1.000e+10   1.00e+00   1.00e+10   0.00e+00   1.61e+25   6.82e-01   4.55e-01   3.00e-01
      PROF R=0.8 Xinv=0.4 schur=560.7 cholS=32.0 res=26.6 pred=51.7 corr=52.6 alpha=9.9 rss=9.97GB
      CKPT iteration 1 saved in 3.3 s
      CHOLSTAT min pivot^2/S_ii = 1.580119486573299e-33 at row 3886
    2   1547.3   4.377e+19   6.756e+07   1.274e+10   9.89e-01   3.18e+09   0.00e+00   8.79e+24   6.07e-01   3.31e-01   3.00e-01
      PROF R=1.2 Xinv=0.6 schur=615.0 cholS=30.8 res=35.3 pred=58.8 corr=59.5 alpha=3.1 rss=10.21GB
      CKPT iteration 2 saved in 2.9 s
      CHOLSTAT min pivot^2/S_ii = 8.684919196070521e-33 at row 3886
    3   2354.1   2.338e+19   6.047e+07   1.548e+10   9.92e-01   1.25e+09   0.00e+00   5.88e+24   4.71e-01   5.06e-01   3.00e-01
      PROF R=1.1 Xinv=0.6 schur=619.7 cholS=31.1 res=34.8 pred=57.2 corr=55.4 alpha=3.2 rss=10.20GB
      CKPT iteration 3 saved in 2.8 s
      CHOLSTAT min pivot^2/S_ii = 5.148565011496558e-32 at row 3886
    4   3155.4   1.584e+19   4.224e+07   2.121e+10   9.96e-01   6.60e+08   0.00e+00   2.90e+24   2.33e-01   4.85e-01   3.00e-01
      PROF R=1.3 Xinv=0.7 schur=609.1 cholS=31.9 res=35.4 pred=58.3 corr=57.9 alpha=3.3 rss=10.22GB
      CKPT iteration 4 saved in 3.5 s
      CHOLSTAT min pivot^2/S_ii = 2.137645087401246e-31 at row 3886
    5   3958.6   1.473e+19   2.912e+07   2.818e+10   9.98e-01   5.06e+08   0.00e+00   1.50e+24   4.43e-01   4.62e-01   3.00e-01
      PROF R=1.5 Xinv=0.7 schur=615.0 cholS=30.1 res=33.9 pred=56.9 corr=57.9 alpha=3.1 rss=10.32GB
      CKPT iteration 5 saved in 2.9 s
      CHOLSTAT min pivot^2/S_ii = 1.1319151153309184e-30 at row 3886
    6   4759.2   1.044e+19   1.998e+07   3.631e+10   9.99e-01   2.82e+08   0.00e+00   8.04e+23   3.18e-01   2.61e-01   3.00e-01
      PROF R=1.3 Xinv=0.7 schur=609.4 cholS=30.2 res=34.7 pred=59.4 corr=58.2 alpha=3.3 rss=10.28GB
      CKPT iteration 6 saved in 3.2 s
      CHOLSTAT min pivot^2/S_ii = 3.0561302120872858e-30 at row 3886
    7   5567.9   8.342e+18   1.953e+07   4.223e+10   9.99e-01   1.92e+08   0.00e+00   5.94e+23   2.70e-01   3.04e-01   3.00e-01
      PROF R=1.4 Xinv=0.7 schur=616.9 cholS=31.0 res=35.4 pred=58.6 corr=58.0 alpha=3.1 rss=10.29GB
      CKPT iteration 7 saved in 2.7 s
      CHOLSTAT min pivot^2/S_ii = 8.3194622148725e-30 at row 3886
    8   6369.8   7.150e+18   1.226e+07   5.021e+10   1.00e+00   1.40e+08   0.00e+00   4.13e+23   4.25e-01   3.72e-01   3.00e-01
      PROF R=1.3 Xinv=0.7 schur=613.3 cholS=31.2 res=33.6 pred=58.6 corr=56.7 alpha=3.3 rss=10.31GB
      CKPT iteration 8 saved in 3.1 s
      CHOLSTAT min pivot^2/S_ii = 3.5960340114642124e-29 at row 3886
    9   7186.5   5.088e+18   1.307e+07   6.188e+10   1.00e+00   8.07e+07   0.00e+00   2.59e+23   1.69e-01   3.36e-01   3.00e-01
      PROF R=1.5 Xinv=0.7 schur=625.9 cholS=32.0 res=35.0 pred=56.4 corr=58.2 alpha=3.3 rss=10.29GB
      CKPT iteration 9 saved in 3.1 s
      CHOLSTAT min pivot^2/S_ii = 8.246915426812809e-29 at row 3886
   10   7987.7   4.920e+18   1.349e+07   7.525e+10   1.00e+00   6.70e+07   0.00e+00   1.72e+23   4.09e-01   2.38e-01   3.00e-01
      PROF R=1.4 Xinv=0.7 schur=617.0 cholS=30.2 res=33.5 pred=54.4 corr=57.1 alpha=3.2 rss=10.29GB
      CKPT iteration 10 saved in 3.0 s
      CHOLSTAT min pivot^2/S_ii = 2.599731078725057e-28 at row 3886
   11   8773.2   3.446e+18   1.165e+07   8.632e+10   1.00e+00   3.96e+07   0.00e+00   1.31e+23   1.74e-01   8.94e-02   3.00e-01
      PROF R=1.3 Xinv=0.7 schur=605.0 cholS=29.5 res=32.7 pred=55.1 corr=54.5 alpha=3.1 rss=10.28GB
      CKPT iteration 11 saved in 2.7 s
      CHOLSTAT min pivot^2/S_ii = 3.91066874316894e-28 at row 3886
   12   9521.2   3.053e+18   1.018e+07   9.122e+10   1.00e+00   3.27e+07   0.00e+00   1.19e+23   2.82e-01   3.03e-01   3.00e-01
      PROF R=1.3 Xinv=0.7 schur=575.2 cholS=28.1 res=31.3 pred=52.8 corr=52.3 alpha=3.1 rss=10.31GB
      CKPT iteration 12 saved in 2.8 s
