$ (cd multi_cap && slack_continuation.py 40 1)
   delta  min angle   h(delta)  cov. radius endpoints deletions  inner products of the best
 0.05000    56.6330   0.655037      49.0776        40         0  largest values [(0.55, 31), (0.549999, 1), (0.549997, 2)]   [26s]
 0.03000    57.9945   0.680267      47.1355        60         0  largest values [(0.53, 4), (0.529994, 1), (0.52972, 1)]   [120s]
 0.02000    58.6677   0.684941      46.7690        42         0  largest values [(0.52, 54), (0.519907, 1), (0.519254, 1)]   [197s]
 0.01500    59.0025   0.669558      47.9671        24         0  largest values [(0.515, 11), (0.514999, 1), (0.514994, 1)]   [254s]
 0.01000    59.3362   0.656970      48.9308        24         0  largest values [(0.51, 22), (0.509984, 1), (0.509983, 1)]   [310s]
 0.00900    59.4028   0.655501      49.0424        28         0  largest values [(0.509, 31), (0.508995, 1), (0.508991, 1)]   [361s]
 0.00800  no feasible endpoint
 0.00700    59.5358   0.510531      59.3008         3         0  largest values [(0.507, 10), (0.506988, 1), (0.506936, 1)]   [415s]
 0.00500    59.6686   0.506683      59.5569         3         0  largest values [(0.505, 10), (0.504997, 1), (0.504991, 1)]   [440s]
 0.00300    59.8013   0.507604      59.4956         5         0  largest values [(0.503, 19), (0.502995, 1), (0.502991, 1)]   [465s]
 0.00200    59.8676   0.505482      59.6367         7         0  largest values [(0.502, 19), (0.501987, 1), (0.501985, 1)]   [495s]
 0.00150    59.9007   0.503176      59.7897         8         0  largest values [(0.5015, 16), (0.501499, 3), (0.501498, 1)]   [523s]
 0.00100    59.9338   0.502213      59.8535         8         0  largest values [(0.501, 15), (0.500994, 1), (0.500993, 1)]   [551s]
 0.00070    59.9537   0.503151      59.7913         8         0  largest values [(0.5007, 31), (0.500698, 3), (0.500691, 1)]   [579s]
 0.00050    59.9669   0.501808      59.8803         9         0  largest values [(0.5005, 28), (0.500498, 1), (0.500492, 1)]   [605s]
 0.00030    59.9802   0.501189      59.9213         9         0  largest values [(0.5003, 27), (0.500299, 3), (0.500298, 2)]   [629s]
 0.00020    59.9868   0.500707      59.9532        11         0  largest values [(0.5002, 30), (0.500198, 1), (0.500196, 1)]   [653s]
 0.00010    59.9934   0.500679      59.9550        12         0  largest values [(0.5001, 33), (0.500099, 1), (0.500098, 5)]   [678s]
 0.00005    59.9967   0.500316      59.9791        15         0  largest values [(0.50005, 36), (0.500049, 3), (0.500047, 1)]   [702s]
 0.00000    60.0000   0.500000      60.0000        15        15  largest values [(0.5, 88), (0.0, 66), (-0.5, 88)]   [728s]
total time 728s
