MEM loaded rss=0.7377 GB threads=2 mode=fast prec=128 K=7 levels=7 cholK=8 cholL=10
 iter  time(s)           μ       P-obj       D-obj        gap    P-error    p-error    d-error        α_p        α_d       beta
      CHOLSTAT min pivot^2/S_ii = 3.0621585528295256e-16 at row 105
    1     49.0   1.000e+06   0.000e+00   1.000e+03   1.00e+00   1.00e+03   0.00e+00   3.47e+09   4.39e-01   2.26e-01   3.00e-01
      PROF R=0.3 Xinv=0.2 schur=26.1 cholS=1.5 res=2.0 pred=4.4 corr=4.4 alpha=8.1 rss=2.68GB
      CHOLSTAT min pivot^2/S_ii = 1.0140067281731118e-15 at row 105
    2     95.0   7.034e+05   1.582e+01   1.135e+03   9.73e-01   5.61e+02   0.00e+00   2.69e+09   6.92e-01   4.70e-01   3.00e-01
      PROF R=0.2 Xinv=0.1 schur=27.9 cholS=0.9 res=3.0 pred=6.1 corr=5.8 alpha=0.5 rss=2.48GB
      CHOLSTAT min pivot^2/S_ii = 1.1278662397286077e-14 at row 105
    3    139.8   3.650e+05   3.454e+01   1.492e+03   9.55e-01   1.73e+02   0.00e+00   1.42e+09   6.74e-01   5.56e-01   3.00e-01
      PROF R=0.2 Xinv=0.1 schur=28.1 cholS=0.8 res=3.0 pred=6.1 corr=6.0 alpha=0.5 rss=2.71GB
      CHOLSTAT min pivot^2/S_ii = 1.3315500342393287e-13 at row 105
    4    185.7   2.018e+05   2.990e+01   2.243e+03   9.74e-01   5.63e+01   0.00e+00   6.32e+08   6.45e-01   6.65e-01   3.00e-01
      PROF R=0.2 Xinv=0.1 schur=28.8 cholS=0.9 res=3.1 pred=5.8 corr=6.2 alpha=0.5 rss=2.63GB
      CHOLSTAT min pivot^2/S_ii = 1.6836138278261657e-12 at row 105
    5    231.4   9.493e+04   2.554e+01   3.921e+03   9.87e-01   2.00e+01   0.00e+00   2.12e+08   5.94e-01   6.26e-01   3.00e-01
      PROF R=0.2 Xinv=0.1 schur=28.7 cholS=0.9 res=3.0 pred=6.2 corr=6.0 alpha=0.5 rss=2.43GB
      CKPT iteration 5 saved in 0.5 s
      CHOLSTAT min pivot^2/S_ii = 8.620511315757257e-12 at row 105
    6    277.8   4.855e+04   2.664e+01   6.748e+03   9.92e-01   8.11e+00   0.00e+00   7.92e+07   5.78e-01   5.56e-01   3.00e-01
      PROF R=0.2 Xinv=0.1 schur=29.2 cholS=0.8 res=2.9 pred=6.1 corr=5.7 alpha=0.5 rss=2.74GB
      CHOLSTAT min pivot^2/S_ii = 1.9981014154929774e-11 at row 105
    7    324.2   2.900e+04   3.135e+01   1.471e+04   9.96e-01   3.43e+00   0.00e+00   3.52e+07   6.31e-01   5.03e-01   3.00e-01
      PROF R=0.2 Xinv=0.1 schur=28.0 cholS=0.9 res=3.2 pred=6.6 corr=6.8 alpha=0.5 rss=2.51GB
      CHOLSTAT min pivot^2/S_ii = 3.042217462665362e-11 at row 105
    8    369.1   1.977e+04   3.637e+01   4.956e+04   9.99e-01   1.26e+00   0.00e+00   1.75e+07   4.40e-01   4.90e-01   3.00e-01
      PROF R=0.2 Xinv=0.1 schur=28.9 cholS=0.9 res=2.7 pred=5.9 corr=5.7 alpha=0.5 rss=2.39GB
      CHOLSTAT min pivot^2/S_ii = 3.320883204835812e-11 at row 105
    9    413.9   1.277e+04   3.801e+01   1.111e+05   9.99e-01   7.07e-01   0.00e+00   8.91e+06   3.75e-01   4.18e-01   3.00e-01
      PROF R=0.2 Xinv=0.1 schur=28.1 cholS=0.8 res=2.8 pred=6.0 corr=6.1 alpha=0.5 rss=2.44GB
      CHOLSTAT min pivot^2/S_ii = 3.527906681861803e-11 at row 105
   10    459.1   9.147e+03   4.044e+01   2.049e+05   1.00e+00   4.42e-01   0.00e+00   5.19e+06   3.42e-01   2.03e-01   3.00e-01
      PROF R=0.2 Xinv=0.1 schur=28.7 cholS=0.9 res=2.8 pred=5.9 corr=5.8 alpha=0.5 rss=2.42GB
      CKPT iteration 10 saved in 0.2 s
      CHOLSTAT min pivot^2/S_ii = 3.9443045442434135e-11 at row 105
   11    505.0   8.458e+03   4.124e+01   4.644e+05   1.00e+00   2.91e-01   0.00e+00   4.14e+06   3.43e-01   4.30e-01   3.00e-01
      PROF R=0.2 Xinv=0.1 schur=29.0 cholS=0.9 res=3.0 pred=6.2 corr=5.7 alpha=0.5 rss=2.43GB
      CHOLSTAT min pivot^2/S_ii = 6.548261009159786e-11 at row 105
   12    549.5   6.419e+03   3.638e+01   1.899e+06   1.00e+00   1.91e-01   0.00e+00   2.36e+06   9.03e-01   7.75e-01   3.00e-01
      PROF R=0.2 Xinv=0.1 schur=28.3 cholS=0.9 res=2.8 pred=5.9 corr=5.6 alpha=0.6 rss=2.39GB
      CHOLSTAT min pivot^2/S_ii = 1.7472820027002993e-10 at row 105
   13    595.0   2.829e+03   3.455e+01   1.868e+06   1.00e+00   1.86e-02   0.00e+00   5.31e+05   1.00e+00   7.80e-01   3.00e-01
      PROF R=0.2 Xinv=0.1 schur=28.9 cholS=0.8 res=2.8 pred=6.1 corr=6.1 alpha=0.5 rss=2.49GB
      CHOLSTAT min pivot^2/S_ii = 3.9566682147968703e-10 at row 105
   14    639.3   1.267e+03   3.451e+01   1.083e+06   1.00e+00   1.12e-28   0.00e+00   1.17e+05   1.00e+00   7.99e-01   3.00e-01
      PROF R=0.3 Xinv=0.1 schur=28.3 cholS=0.8 res=2.8 pred=5.7 corr=5.7 alpha=0.5 rss=2.46GB
      CHOLSTAT min pivot^2/S_ii = 7.2918168473493e-10 at row 105
   15    685.5   5.565e+02   3.468e+01   5.311e+05   1.00e+00   8.91e-29   0.00e+00   2.35e+04   1.00e+00   8.68e-01   3.00e-01
      PROF R=0.2 Xinv=0.1 schur=28.8 cholS=0.9 res=2.9 pred=6.6 corr=6.0 alpha=0.5 rss=2.77GB
      CKPT iteration 15 saved in 0.1 s
      CHOLSTAT min pivot^2/S_ii = 1.0998270712290757e-9 at row 105
   16    730.0   2.176e+02   3.473e+01   2.205e+05   1.00e+00   1.60e-28   0.00e+00   3.10e+03   1.00e+00   9.50e-01   3.00e-01
      PROF R=0.2 Xinv=0.1 schur=28.3 cholS=0.8 res=2.7 pred=5.8 corr=5.8 alpha=0.5 rss=2.83GB
      CHOLSTAT min pivot^2/S_ii = 1.3122056108724527e-9 at row 105
   17    774.3   7.273e+01   3.474e+01   7.573e+04   9.99e-01   8.34e-29   0.00e+00   1.55e+02   1.00e+00   1.00e+00   3.00e-01
      PROF R=0.2 Xinv=0.1 schur=27.8 cholS=0.8 res=2.8 pred=6.2 corr=5.7 alpha=0.6 rss=2.40GB
      CHOLSTAT min pivot^2/S_ii = 1.3592044724288538e-9 at row 105
   18    818.3   2.181e+01   3.475e+01   2.285e+04   9.97e-01   8.29e-29   0.00e+00   2.35e-30   1.00e+00   1.00e+00   3.00e-01
      PROF R=0.2 Xinv=0.1 schur=27.9 cholS=0.8 res=2.8 pred=5.8 corr=5.9 alpha=0.5 rss=2.43GB
      CHOLSTAT min pivot^2/S_ii = 1.373568584329025e-9 at row 105
   19    863.5   6.543e+00   3.475e+01   6.878e+03   9.90e-01   1.13e-28   0.00e+00   2.95e-31   9.97e-01   9.97e-01   1.00e-01
      PROF R=0.2 Xinv=0.1 schur=29.0 cholS=0.8 res=3.1 pred=5.7 corr=5.8 alpha=0.4 rss=2.41GB
      CHOLSTAT min pivot^2/S_ii = 1.3604759779834024e-9 at row 105
   20    909.8   6.737e-01   3.475e+01   7.395e+02   9.10e-01   9.58e-29   0.00e+00   3.61e-32   9.70e-01   9.70e-01   1.00e-01
      PROF R=0.2 Xinv=0.1 schur=29.7 cholS=0.9 res=2.8 pred=5.9 corr=5.9 alpha=0.5 rss=2.58GB
      CKPT iteration 20 saved in 0.2 s
      CHOLSTAT min pivot^2/S_ii = 1.2585413268661167e-9 at row 105
   21    958.8   8.563e-02   3.479e+01   1.244e+02   5.63e-01   5.97e-28   0.00e+00   3.36e-32   8.37e-01   8.37e-01   1.00e-01
      PROF R=0.2 Xinv=0.1 schur=29.0 cholS=1.0 res=3.0 pred=7.2 corr=7.7 alpha=0.6 rss=2.62GB
      CHOLSTAT min pivot^2/S_ii = 9.59675045086036e-10 at row 105
   22   1014.1   2.112e-02   3.498e+01   5.707e+01   2.40e-01   4.48e-28   0.00e+00   3.27e-32   6.39e-01   6.39e-01   1.00e-01
      PROF R=0.3 Xinv=0.1 schur=35.0 cholS=0.9 res=2.9 pred=7.6 corr=7.7 alpha=0.6 rss=2.62GB
      CHOLSTAT min pivot^2/S_ii = 6.472649419587013e-10 at row 105
   23   1071.7   8.965e-03   3.534e+01   4.471e+01   1.17e-01   2.38e-28   0.00e+00   2.85e-32   4.92e-01   4.92e-01   1.00e-01
      PROF R=0.3 Xinv=0.1 schur=35.0 cholS=1.2 res=4.3 pred=7.9 corr=8.1 alpha=0.6 rss=2.62GB
      CHOLSTAT min pivot^2/S_ii = 4.95838158583958e-10 at row 105
   24   1128.1   4.999e-03   3.560e+01   4.083e+01   6.84e-02   2.50e-28   0.00e+00   2.19e-32   6.24e-01   6.24e-01   1.00e-01
      PROF R=0.3 Xinv=0.1 schur=34.9 cholS=1.2 res=4.0 pred=8.9 corr=6.2 alpha=0.7 rss=2.57GB
      CHOLSTAT min pivot^2/S_ii = 2.7463195796909345e-10 at row 105
   25   1184.7   2.190e-03   3.588e+01   3.817e+01   3.09e-02   9.87e-28   0.00e+00   1.37e-32   3.53e-01   3.53e-01   1.00e-01
      PROF R=0.2 Xinv=0.1 schur=36.9 cholS=1.1 res=2.9 pred=7.5 corr=7.2 alpha=0.6 rss=2.55GB
      CKPT iteration 25 saved in 0.2 s
      CHOLSTAT min pivot^2/S_ii = 2.165332683110435e-10 at row 105
   26   1242.5   1.495e-03   3.596e+01   3.752e+01   2.13e-02   7.27e-28   0.00e+00   9.84e-33   7.33e-01   7.33e-01   1.00e-01
      PROF R=0.4 Xinv=0.2 schur=37.4 cholS=1.0 res=3.8 pred=6.6 corr=7.5 alpha=0.6 rss=2.58GB
      CHOLSTAT min pivot^2/S_ii = 6.652855801584964e-11 at row 105
   27   1298.3   5.091e-04   3.609e+01   3.662e+01   7.32e-03   9.14e-28   0.00e+00   4.61e-33   7.82e-01   7.82e-01   1.00e-01
      PROF R=0.3 Xinv=0.1 schur=34.6 cholS=1.2 res=3.6 pred=7.4 corr=7.8 alpha=0.6 rss=2.63GB
      CHOLSTAT min pivot^2/S_ii = 1.826357774189794e-11 at row 105
   28   1355.2   1.507e-04   3.614e+01   3.629e+01   2.18e-03   8.59e-28   0.00e+00   5.96e-33   8.23e-01   8.23e-01   1.00e-01
      PROF R=0.2 Xinv=0.1 schur=36.5 cholS=1.1 res=3.7 pred=7.2 corr=7.3 alpha=0.6 rss=2.77GB
      CHOLSTAT min pivot^2/S_ii = 4.862090199577043e-12 at row 105
   29   1412.9   3.905e-05   3.615e+01   3.619e+01   5.65e-04   1.07e-27   0.00e+00   1.19e-32   8.33e-01   8.33e-01   1.00e-01
      PROF R=0.2 Xinv=0.1 schur=37.5 cholS=0.9 res=3.8 pred=6.5 corr=7.8 alpha=0.6 rss=2.72GB
      CHOLSTAT min pivot^2/S_ii = 1.108689700437599e-12 at row 105
   30   1466.7   9.784e-06   3.616e+01   3.617e+01   1.42e-04   2.68e-28   0.00e+00   1.83e-32   8.67e-01   8.67e-01   1.00e-01
      PROF R=0.2 Xinv=0.1 schur=34.8 cholS=1.2 res=3.6 pred=7.1 corr=6.3 alpha=0.5 rss=2.73GB
      CKPT iteration 30 saved in 0.2 s
      CHOLSTAT min pivot^2/S_ii = 3.070095855691511e-13 at row 105
   31   1511.3   2.151e-06   3.616e+01   3.616e+01   3.11e-05   4.11e-28   0.00e+00   2.21e-32   8.34e-01   8.34e-01   1.00e-01
      PROF R=0.2 Xinv=0.1 schur=28.4 cholS=0.9 res=2.7 pred=5.8 corr=5.8 alpha=0.5 rss=2.96GB
      CHOLSTAT min pivot^2/S_ii = 8.685453022574173e-14 at row 105
   32   1553.0   5.357e-07   3.616e+01   3.616e+01   7.75e-06   2.53e-28   0.00e+00   2.37e-32   7.83e-01   7.83e-01   1.00e-01
      PROF R=0.2 Xinv=0.1 schur=26.6 cholS=0.8 res=2.8 pred=5.8 corr=4.7 alpha=0.5 rss=2.79GB
      CHOLSTAT min pivot^2/S_ii = 2.7745870063670993e-14 at row 105
   33   1596.0   1.584e-07   3.616e+01   3.616e+01   2.29e-06   7.40e-29   0.00e+00   4.30e-32   7.73e-01   7.73e-01   1.00e-01
      PROF R=0.2 Xinv=0.1 schur=28.2 cholS=0.9 res=2.8 pred=5.7 corr=4.4 alpha=0.5 rss=2.97GB
Optimal solution found
1596.009623 seconds (1.91 G allocations: 520.763 GiB, 1.95% gc time, 1.48% compilation time)
 iter  time(s)           μ       P-obj       D-obj        gap    P-error    p-error    d-error        α_p        α_d       beta

Primal objective:36.15698300775047243073300346473071809537
Dual objective:36.15703349015236371898933151057254348289
Duality gap:6.980998198703606241282879331767982830401e-07
FPROF W=177.0 digits=47.6 gemm=324.5 comb=358.1 hrG=3.6 hrgram=14.0 final=0.8 aux=432.9
MODE=fast status=pdOpt seconds=1622.5 maxrss=3.589 GB
