MEM loaded rss=0.53778 GB threads=1 mode=fast prec=128 K=7 levels=7 cholK=8 cholL=10
 iter  time(s)           μ       P-obj       D-obj        gap    P-error    p-error    d-error        α_p        α_d       beta
      CHOLSTAT min pivot^2/S_ii = 8.307564286098679e-10 at row 58
    1     23.3   1.000e+06   0.000e+00   1.000e+03   1.00e+00   1.00e+03   0.00e+00   6.00e+06   5.04e-01   2.86e-01   3.00e-01
      PROF R=0.2 Xinv=0.1 schur=10.6 cholS=0.7 res=0.5 pred=1.0 corr=0.5 alpha=7.7 rss=0.74GB
      CHOLSTAT min pivot^2/S_ii = 3.5305701517953572e-9 at row 58
    2     36.4   6.985e+05   4.274e+01   1.173e+03   9.30e-01   4.96e+02   0.00e+00   4.28e+06   7.09e-01   5.21e-01   3.00e-01
      PROF R=0.0 Xinv=0.0 schur=9.8 cholS=0.3 res=0.4 pred=0.7 corr=0.6 alpha=0.0 rss=1.14GB
      CHOLSTAT min pivot^2/S_ii = 4.6905149040888696e-8 at row 58
    3     47.4   3.866e+05   9.295e+01   1.652e+03   8.93e-01   1.45e+02   0.00e+00   2.05e+06   7.94e-01   6.74e-01   3.00e-01
      PROF R=0.0 Xinv=0.0 schur=9.2 cholS=0.2 res=0.3 pred=0.6 corr=0.6 alpha=0.0 rss=1.15GB
      CHOLSTAT min pivot^2/S_ii = 4.6698623634817536e-7 at row 58
    4     58.7   1.750e+05   7.738e+01   3.215e+03   9.53e-01   2.98e+01   0.00e+00   6.67e+05   5.42e-01   6.56e-01   3.00e-01
      PROF R=0.0 Xinv=0.0 schur=9.5 cholS=0.2 res=0.3 pred=0.6 corr=0.6 alpha=0.1 rss=1.15GB
      CHOLSTAT min pivot^2/S_ii = 5.333511243917943e-7 at row 253
    5     70.0   8.072e+04   8.239e+01   1.316e+04   9.88e-01   1.36e+01   0.00e+00   2.30e+05   6.81e-01   6.68e-01   3.00e-01
      PROF R=0.0 Xinv=0.0 schur=9.4 cholS=0.2 res=0.3 pred=0.7 corr=0.6 alpha=0.0 rss=1.15GB
      CKPT iteration 5 saved in 0.2 s
      CHOLSTAT min pivot^2/S_ii = 4.717058914754301e-7 at row 253
    6     81.7   3.780e+04   5.908e+01   4.475e+04   9.97e-01   4.34e+00   0.00e+00   7.63e+04   4.87e-01   4.12e-01   3.00e-01
      PROF R=0.0 Xinv=0.0 schur=9.2 cholS=0.2 res=0.3 pred=0.7 corr=0.6 alpha=0.1 rss=1.15GB
      CHOLSTAT min pivot^2/S_ii = 4.5351625616910645e-7 at row 253
    7     92.7   2.858e+04   5.564e+01   8.740e+04   9.99e-01   2.23e+00   0.00e+00   4.49e+04   3.21e-01   1.31e-01   3.00e-01
      PROF R=0.0 Xinv=0.0 schur=9.1 cholS=0.2 res=0.3 pred=0.6 corr=0.7 alpha=0.1 rss=1.15GB
      CHOLSTAT min pivot^2/S_ii = 4.540103257320339e-7 at row 253
    8    103.9   2.791e+04   4.014e+01   2.047e+05   1.00e+00   1.51e+00   0.00e+00   3.90e+04   7.91e-01   6.94e-01   3.00e-01
      PROF R=0.0 Xinv=0.0 schur=9.3 cholS=0.2 res=0.3 pred=0.7 corr=0.6 alpha=0.0 rss=1.15GB
      CHOLSTAT min pivot^2/S_ii = 3.6009873562328736e-7 at row 253
    9    115.1   1.265e+04   3.123e+01   2.599e+05   1.00e+00   3.16e-01   0.00e+00   1.19e+04   6.68e-01   6.32e-01   3.00e-01
      PROF R=0.0 Xinv=0.0 schur=9.4 cholS=0.2 res=0.3 pred=0.6 corr=0.6 alpha=0.0 rss=1.15GB
      CHOLSTAT min pivot^2/S_ii = 3.5386185595362296e-7 at row 253
   10    126.2   6.553e+03   3.067e+01   1.981e+05   1.00e+00   1.05e-01   0.00e+00   4.39e+03   7.16e-01   7.10e-01   3.00e-01
      PROF R=0.0 Xinv=0.0 schur=9.3 cholS=0.2 res=0.3 pred=0.6 corr=0.6 alpha=0.1 rss=1.15GB
      CKPT iteration 10 saved in 0.0 s
      CHOLSTAT min pivot^2/S_ii = 3.348320129276034e-7 at row 253
   11    137.7   2.773e+03   3.215e+01   1.245e+05   9.99e-01   2.98e-02   0.00e+00   1.27e+03   1.00e+00   6.14e-01   3.00e-01
      PROF R=0.0 Xinv=0.0 schur=9.5 cholS=0.2 res=0.3 pred=0.7 corr=0.6 alpha=0.0 rss=1.15GB
      CHOLSTAT min pivot^2/S_ii = 3.185446652747252e-7 at row 253
   12    149.4   1.628e+03   3.527e+01   5.021e+04   9.99e-01   1.13e-29   0.00e+00   4.92e+02   3.59e-01   2.47e-01   3.00e-01
      PROF R=0.0 Xinv=0.0 schur=9.7 cholS=0.2 res=0.3 pred=0.7 corr=0.7 alpha=0.0 rss=1.15GB
      CHOLSTAT min pivot^2/S_ii = 3.544661304823374e-7 at row 253
   13    160.8   1.414e+03   3.571e+01   1.049e+05   9.99e-01   6.76e-30   0.00e+00   3.70e+02   1.00e+00   7.20e-01   3.00e-01
      PROF R=0.0 Xinv=0.0 schur=9.5 cholS=0.2 res=0.3 pred=0.6 corr=0.6 alpha=0.1 rss=1.15GB
      CHOLSTAT min pivot^2/S_ii = 2.947058167204477e-7 at row 253
   14    172.5   6.254e+02   3.920e+01   4.125e+04   9.98e-01   9.18e-30   0.00e+00   1.04e+02   1.00e+00   6.22e-01   3.00e-01
      PROF R=0.0 Xinv=0.0 schur=9.6 cholS=0.2 res=0.3 pred=0.8 corr=0.7 alpha=0.1 rss=1.15GB
      CHOLSTAT min pivot^2/S_ii = 2.871079370748275e-7 at row 253
   15    183.8   3.723e+02   4.397e+01   2.614e+04   9.97e-01   9.20e-30   0.00e+00   3.93e+01   1.00e+00   6.14e-01   3.00e-01
      PROF R=0.0 Xinv=0.0 schur=9.3 cholS=0.2 res=0.3 pred=0.7 corr=0.6 alpha=0.1 rss=1.15GB
      CKPT iteration 15 saved in 0.0 s
      CHOLSTAT min pivot^2/S_ii = 2.6947718164339447e-7 at row 253
   16    195.1   2.244e+02   4.956e+01   1.532e+04   9.94e-01   1.64e-29   0.00e+00   1.52e+01   8.32e-01   6.82e-01   3.00e-01
      PROF R=0.0 Xinv=0.0 schur=9.5 cholS=0.2 res=0.3 pred=0.6 corr=0.6 alpha=0.0 rss=1.15GB
      CHOLSTAT min pivot^2/S_ii = 2.417625347534418e-7 at row 253
   17    206.2   1.080e+02   5.501e+01   7.969e+03   9.86e-01   1.08e-29   0.00e+00   4.82e+00   7.60e-01   7.57e-01   3.00e-01
      PROF R=0.0 Xinv=0.0 schur=9.2 cholS=0.2 res=0.3 pred=0.7 corr=0.7 alpha=0.0 rss=1.15GB
      CHOLSTAT min pivot^2/S_ii = 2.2111374987547048e-7 at row 253
   18    217.1   3.843e+01   6.014e+01   3.109e+03   9.62e-01   2.71e-29   0.00e+00   1.17e+00   9.18e-01   3.41e-01   3.00e-01
      PROF R=0.0 Xinv=0.0 schur=9.1 cholS=0.2 res=0.3 pred=0.7 corr=0.6 alpha=0.1 rss=1.15GB
      CHOLSTAT min pivot^2/S_ii = 1.957387765397975e-7 at row 253
   19    228.3   3.185e+01   6.240e+01   3.268e+03   9.63e-01   4.52e-29   0.00e+00   7.71e-01   1.00e+00   5.34e-01   3.00e-01
      PROF R=0.0 Xinv=0.0 schur=9.3 cholS=0.2 res=0.3 pred=0.6 corr=0.6 alpha=0.0 rss=1.15GB
      CHOLSTAT min pivot^2/S_ii = 1.8712648932964948e-7 at row 253
   20    239.8   2.175e+01   6.996e+01   1.965e+03   9.31e-01   5.60e-29   0.00e+00   3.59e-01   8.10e-01   5.94e-01   3.00e-01
      PROF R=0.0 Xinv=0.0 schur=9.6 cholS=0.2 res=0.3 pred=0.7 corr=0.7 alpha=0.1 rss=1.15GB
      CKPT iteration 20 saved in 0.0 s
      CHOLSTAT min pivot^2/S_ii = 1.6520175567115104e-7 at row 253
   21    251.4   1.298e+01   7.646e+01   1.291e+03   8.88e-01   6.81e-29   0.00e+00   1.46e-01   8.06e-01   6.08e-01   3.00e-01
      PROF R=0.0 Xinv=0.0 schur=9.7 cholS=0.2 res=0.3 pred=0.7 corr=0.7 alpha=0.1 rss=1.15GB
      CHOLSTAT min pivot^2/S_ii = 1.3695483319426592e-7 at row 253
   22    262.9   7.359e+00   8.345e+01   8.294e+02   8.17e-01   2.86e-28   0.00e+00   5.72e-02   6.35e-01   5.66e-01   3.00e-01
      PROF R=0.0 Xinv=0.0 schur=9.6 cholS=0.2 res=0.3 pred=0.8 corr=0.6 alpha=0.1 rss=1.15GB
      CHOLSTAT min pivot^2/S_ii = 1.1990052761785118e-7 at row 253
   23    274.1   4.284e+00   8.931e+01   5.459e+02   7.19e-01   1.88e-28   0.00e+00   2.48e-02   5.79e-01   3.93e-01   3.00e-01
      PROF R=0.0 Xinv=0.0 schur=9.3 cholS=0.2 res=0.3 pred=0.6 corr=0.6 alpha=0.0 rss=1.15GB
      CHOLSTAT min pivot^2/S_ii = 1.0235636699915159e-7 at row 253
   24    285.1   3.221e+00   9.447e+01   4.458e+02   6.50e-01   3.43e-28   0.00e+00   1.51e-02   5.20e-01   3.98e-01   3.00e-01
      PROF R=0.0 Xinv=0.0 schur=9.2 cholS=0.2 res=0.3 pred=0.6 corr=0.6 alpha=0.1 rss=1.15GB
      CHOLSTAT min pivot^2/S_ii = 8.037919278063212e-8 at row 253
   25    296.7   2.381e+00   9.865e+01   3.715e+02   5.80e-01   1.03e-27   0.00e+00   9.08e-03   5.08e-01   5.45e-01   3.00e-01
      PROF R=0.0 Xinv=0.0 schur=9.7 cholS=0.2 res=0.3 pred=0.8 corr=0.6 alpha=0.0 rss=1.15GB
      CKPT iteration 25 saved in 0.0 s
      CHOLSTAT min pivot^2/S_ii = 7.069809302220127e-8 at row 253
   26    308.1   1.438e+00   1.042e+02   2.991e+02   4.83e-01   5.30e-28   0.00e+00   4.13e-03   5.43e-01   5.62e-01   3.00e-01
      PROF R=0.0 Xinv=0.0 schur=9.5 cholS=0.2 res=0.3 pred=0.7 corr=0.7 alpha=0.1 rss=1.15GB
      CHOLSTAT min pivot^2/S_ii = 5.8870247188149635e-8 at row 253
   27    319.8   8.096e-01   1.104e+02   2.229e+02   3.38e-01   6.18e-28   0.00e+00   1.81e-03   9.98e-01   3.96e-01   3.00e-01
      PROF R=0.0 Xinv=0.0 schur=9.5 cholS=0.2 res=0.4 pred=0.8 corr=0.7 alpha=0.1 rss=1.15GB
      CHOLSTAT min pivot^2/S_ii = 4.5476939117484503e-8 at row 253
   28    331.3   6.122e-01   1.146e+02   2.121e+02   2.98e-01   1.59e-27   0.00e+00   1.09e-03   8.79e-01   3.97e-01   3.00e-01
      PROF R=0.0 Xinv=0.0 schur=9.5 cholS=0.2 res=0.3 pred=0.7 corr=0.7 alpha=0.1 rss=1.15GB
      CHOLSTAT min pivot^2/S_ii = 3.131090752706613e-8 at row 253
   29    342.7   4.699e-01   1.222e+02   1.952e+02   2.30e-01   2.34e-27   0.00e+00   6.58e-04   6.18e-01   5.25e-01   3.00e-01
      PROF R=0.0 Xinv=0.0 schur=9.5 cholS=0.2 res=0.3 pred=0.6 corr=0.7 alpha=0.1 rss=1.15GB
      CHOLSTAT min pivot^2/S_ii = 2.510581759686356e-8 at row 253
   30    354.0   3.019e-01   1.266e+02   1.840e+02   1.85e-01   1.01e-27   0.00e+00   3.12e-04   7.79e-01   5.35e-01   3.00e-01
      PROF R=0.0 Xinv=0.0 schur=9.4 cholS=0.2 res=0.3 pred=0.6 corr=0.7 alpha=0.0 rss=1.15GB
      CKPT iteration 30 saved in 0.0 s
      CHOLSTAT min pivot^2/S_ii = 1.8286579070269087e-8 at row 253
   31    365.4   1.890e-01   1.305e+02   1.726e+02   1.39e-01   2.34e-27   0.00e+00   1.45e-04   1.00e+00   6.23e-01   3.00e-01
      PROF R=0.0 Xinv=0.0 schur=9.3 cholS=0.2 res=0.3 pred=0.7 corr=0.7 alpha=0.1 rss=1.15GB
      CHOLSTAT min pivot^2/S_ii = 1.2827122206087903e-8 at row 253
   32    376.5   1.052e-01   1.332e+02   1.611e+02   9.50e-02   1.66e-27   0.00e+00   5.48e-05   1.00e+00   8.86e-01   3.00e-01
      PROF R=0.0 Xinv=0.0 schur=9.2 cholS=0.2 res=0.3 pred=0.7 corr=0.6 alpha=0.0 rss=1.15GB
      CHOLSTAT min pivot^2/S_ii = 6.9659684836875e-9 at row 58
   33    387.7   3.927e-02   1.349e+02   1.485e+02   4.79e-02   1.83e-27   0.00e+00   6.27e-06   9.36e-01   8.99e-01   3.00e-01
      PROF R=0.0 Xinv=0.0 schur=9.5 cholS=0.2 res=0.3 pred=0.6 corr=0.6 alpha=0.0 rss=1.15GB
      CHOLSTAT min pivot^2/S_ii = 1.7427117792890469e-9 at row 58
   34    398.6   1.440e-02   1.363e+02   1.417e+02   1.93e-02   1.64e-27   0.00e+00   6.33e-07   1.00e+00   9.34e-01   3.00e-01
      PROF R=0.0 Xinv=0.0 schur=9.2 cholS=0.2 res=0.3 pred=0.6 corr=0.6 alpha=0.0 rss=1.15GB
      CHOLSTAT min pivot^2/S_ii = 3.4745282157297324e-10 at row 58
   35    409.8   4.847e-03   1.371e+02   1.390e+02   6.70e-03   2.80e-27   0.00e+00   4.19e-08   1.00e+00   1.00e+00   3.00e-01
      PROF R=0.0 Xinv=0.0 schur=9.2 cholS=0.2 res=0.3 pred=0.7 corr=0.7 alpha=0.0 rss=1.15GB
      CKPT iteration 35 saved in 0.0 s
      CHOLSTAT min pivot^2/S_ii = 6.335361447077666e-11 at row 58
   36    420.9   1.454e-03   1.374e+02   1.380e+02   2.03e-03   1.26e-27   0.00e+00   6.40e-34   1.00e+00   1.00e+00   3.00e-01
      PROF R=0.0 Xinv=0.0 schur=9.1 cholS=0.2 res=0.3 pred=0.7 corr=0.6 alpha=0.1 rss=1.15GB
      CHOLSTAT min pivot^2/S_ii = 1.2146111237126104e-11 at row 58
   37    431.9   4.362e-04   1.375e+02   1.377e+02   6.09e-04   1.26e-27   0.00e+00   2.71e-33   8.45e-01   8.45e-01   1.00e-01
      PROF R=0.0 Xinv=0.0 schur=9.2 cholS=0.2 res=0.3 pred=0.6 corr=0.7 alpha=0.1 rss=1.15GB
      CHOLSTAT min pivot^2/S_ii = 2.443427650762419e-12 at row 58
   38    443.2   1.044e-04   1.375e+02   1.376e+02   1.46e-04   8.12e-28   0.00e+00   1.09e-32   9.04e-01   9.04e-01   1.00e-01
      PROF R=0.0 Xinv=0.0 schur=9.3 cholS=0.2 res=0.3 pred=0.7 corr=0.6 alpha=0.1 rss=1.15GB
      CHOLSTAT min pivot^2/S_ii = 5.097079077195553e-13 at row 58
   39    454.7   1.945e-05   1.375e+02   1.375e+02   2.71e-05   8.72e-28   0.00e+00   1.38e-32   9.28e-01   9.28e-01   1.00e-01
      PROF R=0.0 Xinv=0.0 schur=9.5 cholS=0.2 res=0.3 pred=0.7 corr=0.6 alpha=0.0 rss=1.15GB
      CHOLSTAT min pivot^2/S_ii = 8.919757677543114e-14 at row 58
   40    466.1   3.198e-06   1.375e+02   1.375e+02   4.46e-06   9.76e-28   0.00e+00   1.55e-32   9.59e-01   9.59e-01   1.00e-01
      PROF R=0.0 Xinv=0.0 schur=9.6 cholS=0.2 res=0.3 pred=0.6 corr=0.7 alpha=0.1 rss=1.15GB
      CKPT iteration 40 saved in 0.0 s
Optimal solution found
466.138800 seconds (274.79 M allocations: 365.588 GiB, 28.11% gc time, 2.85% compilation time)
 iter  time(s)           μ       P-obj       D-obj        gap    P-error    p-error    d-error        α_p        α_d       beta

Primal objective:137.5334406090844077165033485831997912024
Dual objective:137.5336082358018819684484173396625827399
Duality gap:6.094031189056698823993906836078422527443e-07
FPROF W=11.1 digits=8.7 gemm=49.0 comb=89.3 hrG=0.8 hrgram=1.5 final=0.2 aux=55.3
MODE=fast status=pdOpt seconds=484.2 maxrss=1.817 GB
