$ cd lean/certificate && lake build
start Mon Oct  5 03:26:05 UTC 2026
ℹ [8/23] Replayed D4CertMain
info: D4CertMain.lean:19:0: 449
info: D4CertMain.lean:20:0: 'domain_ok' depends on axioms: [propext, Classical.choice, Quot.sound, domain_ok._native.native_decide.ax_1_1]
ℹ [9/23] Replayed D4CertStat
info: D4CertStat.lean:9:0: (0, 421881)
✔ [10/23] Built D4LabelledData (1.3s)
✔ [13/23] Built D4LabelledDomain (2.3s)
ℹ [16/23] Replayed D4LabelledStat
info: D4LabelledStat.lean:8:0: (0, 39399)
info: D4LabelledStat.lean:9:0: (0, 9545)
✔ [17/23] Built D4Omega (24s)
ℹ [20/23] Built D4LabelledMain (695s)
info: D4LabelledMain.lean:26:0: 'region_IIf' depends on axioms: [propext, Classical.choice, Quot.sound, region_IIf._native.native_decide.ax_1_1]
ℹ [21/23] Built D4OmegaMain (1184s)
info: D4OmegaMain.lean:34:0: (10923, 15723, 0.285530, 0.397198)
info: D4OmegaMain.lean:36:0: ((0, 39551), 0, 9545)
info: D4OmegaMain.lean:37:0: 'count_bound' depends on axioms: [propext, Classical.choice, Quot.sound, count_bound._native.native_decide.ax_1_1]
info: D4OmegaMain.lean:38:0: 'region_IIf_lean' depends on axioms: [propext,
 Classical.choice,
 Quot.sound,
 region_IIf_lean._native.native_decide.ax_1_1]
ℹ [22/23] Built D4OmegaRegionI (2094s)
info: D4OmegaRegionI.lean:12:0: 'domain_ok_lean_tables' depends on axioms: [propext,
 Classical.choice,
 Quot.sound,
 domain_ok_lean_tables._native.native_decide.ax_1_1]
Build completed successfully (23 jobs).

real	35m23.472s
user	41m20.001s
sys	0m21.239s
exit 0
end Mon Oct  5 04:01:28 UTC 2026
