$ cd lean/certificate && lake build D4OmegaMain D4OmegaRegionI
start Sun Sep 27 06:19:29 UTC 2026
✔ [14/18] Built D4Omega (9.2s)
✔ [15/18] Built D4Omega:c.o (768ms)
✔ [16/18] Built D4Omega:dynlib (80ms)
ℹ [17/18] Built D4OmegaMain (393s)
info: D4OmegaMain.lean:58:0: (10923, 15723, 0.285530, 0.397198)
info: D4OmegaMain.lean:60:0: ((0, 39551), 0, 9545)
info: D4OmegaMain.lean:61:0: 'count_bound' depends on axioms: [propext, Classical.choice, Quot.sound, count_bound._native.native_decide.ax_1_1]
info: D4OmegaMain.lean:62:0: 'covering_above_8' depends on axioms: [propext,
 Classical.choice,
 Quot.sound,
 covering_above_8._native.native_decide.ax_1_1]
info: D4OmegaMain.lean:63:0: 'region_IIf_lean' depends on axioms: [propext,
 Classical.choice,
 Quot.sound,
 region_IIf_lean._native.native_decide.ax_1_1]
ℹ [18/18] Built D4OmegaRegionI (954s)
info: D4OmegaRegionI.lean:12:0: 'domain_ok_lean_tables' depends on axioms: [propext,
 Classical.choice,
 Quot.sound,
 domain_ok_lean_tables._native.native_decide.ax_1_1]
Build completed successfully (18 jobs).
elapsed 965 s, Sun Sep 27 06:35:34 UTC 2026
