$ lean D4Rigidity.lean   (Sun Sep 27 03:21:31 UTC 2026)
Lean (version 4.34.0-rc2, x86_64-unknown-linux-gnu, commit 6a10ac8c22beadecabdbb0919c2b50214762f91d, Release)
'D4Rigidity.sizes' depends on axioms: [propext, Quot.sound, D4Rigidity.sizes._native.native_decide.ax_1_1]
'D4Rigidity.n4_annihilated' depends on axioms: [propext,
 Quot.sound,
 D4Rigidity.n4_annihilated._native.native_decide.ax_1_1]
'D4Rigidity.n4_ranks' depends on axioms: [propext,
 Classical.choice,
 Quot.sound,
 D4Rigidity.n4_ranks._native.native_decide.ax_1_1]
'D4Rigidity.multiplicities' depends on axioms: [propext,
 Classical.choice,
 Quot.sound,
 D4Rigidity.multiplicities._native.native_decide.ax_1_1]
'D4Rigidity.k2_annihilated' depends on axioms: [propext,
 Quot.sound,
 D4Rigidity.k2_annihilated._native.native_decide.ax_1_1]
'D4Rigidity.image_diagonal' depends on axioms: [propext,
 Quot.sound,
 D4Rigidity.image_diagonal._native.native_decide.ax_1_1]
'D4Rigidity.rotations_orthogonal' depends on axioms: [propext,
 Classical.choice,
 Quot.sound,
 D4Rigidity.rotations_orthogonal._native.native_decide.ax_1_1]
'D4Rigidity.one_direction' depends on axioms: [propext,
 Classical.choice,
 Quot.sound,
 D4Rigidity.one_direction._native.native_decide.ax_1_1]
'D4Rigidity.stress_on_tangent' depends on axioms: [propext,
 Quot.sound,
 D4Rigidity.stress_on_tangent._native.native_decide.ax_1_1]
'D4Rigidity.radius_arithmetic' depends on axioms: [propext,
 Classical.choice,
 Quot.sound,
 D4Rigidity.radius_arithmetic._native.native_decide.ax_1_1]
exit status 0, 9 s
