resumed from c26g_d8_r1.npz, pruned to 3000 pair and 3000 triple samples per kind
   direct: 4817 variables, 71572 inequalities, 4299 psd rows in 48 cones, 34825714 nonzeros [10 s to build]
   33 type-count vectors
d3=8 round 1: optimal_inaccurate  bound 3.24555 (target 3.10330), corrected <= 4.90786  [1617 s]
   viol: AA 7.1e-09, AB 1.5e-05, AF -1.4e-07, BB 5.7e-10, BF -8.9e-05, FF -3.0e-03, AAA 2.0e-07, AAB 1.0e-05, AAF 1.8e-04, ABB 4.8e-06, ABF 4.1e-03, AFF 9.4e-03, BBB 9.9e-07, BBF 3.9e-03, BFF 8.2e-03
   c2: {'AA': -0.02259, 'AB': -0.009829, 'AF': -0.016874, 'BB': -0.0012, 'BF': -0.006309, 'FF': -0.006831}
   c3: {'AAA': 0.0014779, 'AAB': 0.000945, 'AAF': 0.0013811, 'ABB': 0.0005845, 'ABF': 0.0009161, 'AFF': 0.0012199, 'BBB': 0.0003947, 'BBF': 0.000652, 'BFF': 0.0017256}
   direct: 4817 variables, 90900 inequalities, 4299 psd rows in 48 cones, 44492109 nonzeros [11 s to build]
   33 type-count vectors
d3=8 round 2: optimal_inaccurate  bound 3.24559 (target 3.10330), corrected <= 3.37906  [2121 s]
   viol: AA 3.4e-09, AB 4.4e-06, AF -7.3e-06, BB -1.8e-10, BF -2.1e-04, FF -2.6e-03, AAA 1.9e-07, AAB 4.6e-07, AAF 2.8e-05, ABB 2.5e-06, ABF 2.8e-04, AFF 9.6e-04, BBB -6.6e-08, BBF 4.7e-04, BFF 2.7e-04
   c2: {'AA': -0.022185, 'AB': -0.009475, 'AF': -0.015858, 'BB': -0.000937, 'BF': -0.005133, 'FF': -0.00439}
   c3: {'AAA': 0.001479, 'AAB': 0.0009488, 'AAF': 0.0013615, 'ABB': 0.0005925, 'ABF': 0.000892, 'AFF': 0.0011059, 'BBB': 0.0004093, 'BBF': 0.0006262, 'BFF': 0.0015152}
   direct: 4817 variables, 91184 inequalities, 4299 psd rows in 48 cones, 44690837 nonzeros [11 s to build]
   33 type-count vectors
d3=8 round 3: optimal_inaccurate  bound 3.24563 (target 3.10330), corrected <= 3.32275  [2173 s]
   viol: AA 5.8e-09, AB 1.5e-05, AF -5.4e-06, BB -6.5e-10, BF -1.2e-04, FF -2.2e-03, AAA 1.1e-07, AAB 1.4e-06, AAF 2.6e-05, ABB 1.1e-06, ABF 2.2e-04, AFF 2.0e-04, BBB 6.0e-07, BBF 8.8e-05, BFF -3.7e-04
   c2: {'AA': -0.023292, 'AB': -0.010399, 'AF': -0.015052, 'BB': -0.001733, 'BF': -0.004413, 'FF': -0.00151}
   c3: {'AAA': 0.0014939, 'AAB': 0.0009554, 'AAF': 0.0012934, 'ABB': 0.0005931, 'ABF': 0.0008263, 'AFF': 0.000947, 'BBB': 0.0004063, 'BBF': 0.0005624, 'BFF': 0.0014158}
   direct: 4817 variables, 92734 inequalities, 4299 psd rows in 48 cones, 45651939 nonzeros [12 s to build]
stopped 03:13 UTC 2026-10-06 in round 4: the round-3 certificate is in its exact level check
