28 with at most 13 centres within 2.0161 (case28_lo13.json), three-point degree 8, four rounds, fixed coplanar and symmetric grids (TCOPLANAR=24, TSYM=24), REFINE=100.  At degree 6 the limit lowers the bound steadily: whole case 3.23113, at most 21 3.21554, 20 3.21021, 19 3.20482, 15 3.18288, 13 3.17164, 8 3.14307.  The direction search (c28_direction_search.log) finds codes of 28 directions with up to 12 centres within 2.0161 under the radial counts of 28 (c28_close12_witness.txt) and none with 13.  Started Tue Oct  6 19:09:55 UTC 2026
fixed coplanar triples per kind: {'AAA': 630, 'AAB': 686, 'AAF': 701, 'ABB': 703, 'ABF': 730, 'AFF': 741, 'BBB': 741, 'BBF': 741, 'BFF': 741, 'FFF': 741}
fixed triples per kind with the symmetric slices: {'AAA': 1465, 'AAB': 1064, 'AAF': 1075, 'ABB': 1092, 'ABF': 730, 'AFF': 1125, 'BBB': 1580, 'BBF': 1121, 'BFF': 1124, 'FFF': 1585}
   direct: 5898 variables, 79249 inequalities, 4299 psd rows in 48 cones, 33859040 nonzeros [12 s to build]
   105 type-count vectors
d3=8 round 1: optimal_inaccurate  bound 3.06625 (target 3.10330), corrected <= 3.67064  [3285 s]
   viol: AA 1.2e-06, AB 4.7e-06, AF 4.5e-07, BB 2.5e-06, BF 1.7e-07, FF 1.4e-08, AAA 5.5e-05, AAB 8.4e-05, AAF 2.9e-04, ABB 4.9e-05, ABF 5.4e-04, AFF 3.2e-04, BBB 9.4e-06, BBF 1.2e-04, BFF 1.9e-04, FFF 9.0e-05
   c2: {'AA': 0.063347, 'AB': 0.072776, 'AF': 0.078865, 'BB': 0.078881, 'BF': 0.08294, 'FF': 0.090481}
   c3: {'AAA': 0.0012834, 'AAB': 0.0009177, 'AAF': 0.000728, 'ABB': 0.0006798, 'ABF': 0.0005683, 'AFF': 0.0003003, 'BBB': 0.0005693, 'BBF': 0.0005362, 'BFF': 0.0003441, 'FFF': 0.0008978}
   direct: 5898 variables, 86386 inequalities, 4299 psd rows in 48 cones, 39514142 nonzeros [13 s to build]
   105 type-count vectors
d3=8 round 2: optimal_inaccurate  bound 3.07708 (target 3.10330), corrected <= 3.18319  [3026 s]
   viol: AA 2.1e-07, AB 1.7e-06, AF 1.2e-07, BB 6.1e-07, BF -6.8e-09, FF 5.0e-09, AAA 3.1e-06, AAB 8.2e-06, AAF 2.1e-05, ABB 2.8e-05, ABF 5.3e-05, AFF 4.6e-05, BBB 5.4e-06, BBF 6.9e-05, BFF 5.0e-05, FFF 1.6e-05
   c2: {'AA': 0.056337, 'AB': 0.062519, 'AF': 0.069005, 'BB': 0.064451, 'BF': 0.068677, 'FF': 0.073135}
   c3: {'AAA': 0.0008131, 'AAB': 0.0005509, 'AAF': 0.0003475, 'ABB': 0.0004462, 'ABF': 0.0003233, 'AFF': 0.0001735, 'BBB': 0.0005154, 'BBF': 0.000483, 'BFF': 0.0004759, 'FFF': 0.0008}
   direct: 5898 variables, 90301 inequalities, 4299 psd rows in 48 cones, 41629505 nonzeros [13 s to build]
   105 type-count vectors
d3=8 round 3: optimal_inaccurate  bound 3.07872 (target 3.10330), corrected <= 3.14343  [2938 s]
   viol: AA 3.5e-08, AB 2.0e-08, AF 4.0e-09, BB -1.8e-08, BF -5.7e-08, FF -1.7e-09, AAA 1.3e-06, AAB 4.0e-06, AAF 1.2e-05, ABB 8.8e-06, ABF 5.0e-05, AFF 6.9e-06, BBB 7.5e-07, BBF 4.7e-05, BFF 3.0e-05, FFF 4.0e-05
   c2: {'AA': 0.051733, 'AB': 0.057549, 'AF': 0.06477, 'BB': 0.058986, 'BF': 0.063846, 'FF': 0.06859}
   c3: {'AAA': 0.0007984, 'AAB': 0.0005451, 'AAF': 0.000312, 'ABB': 0.000457, 'ABF': 0.0003078, 'AFF': 0.0001435, 'BBB': 0.0005405, 'BBF': 0.0004854, 'BFF': 0.0004803, 'FFF': 0.0008046}
   direct: 5898 variables, 90697 inequalities, 4299 psd rows in 48 cones, 41816492 nonzeros [13 s to build]
   105 type-count vectors
d3=8 round 4: optimal_inaccurate  bound 3.07913 (target 3.10330), corrected <= 8.55179  [2562 s]
   viol: AA 1.2e-08, AB 1.3e-08, AF 2.4e-03, BB 2.4e-02, BF 2.0e-04, FF 2.5e-09, AAA 8.5e-07, AAB 2.0e-06, AAF 4.3e-06, ABB 5.5e-06, ABF 1.5e-05, AFF 6.0e-06, BBB 6.5e-06, BBF 1.2e-05, BFF 4.6e-06, FFF 1.5e-06
   c2: {'AA': 0.041149, 'AB': 0.046957, 'AF': 0.05437, 'BB': 0.048322, 'BF': 0.053441, 'FF': 0.058457}
   c3: {'AAA': 0.0008051, 'AAB': 0.0005492, 'AAF': 0.0003065, 'ABB': 0.000462, 'ABF': 0.0003013, 'AFF': 0.0001253, 'BBB': 0.0005458, 'BBF': 0.0004769, 'BFF': 0.0004543, 'FFF': 0.0007638}
PEAK_RSS_GB 5.76 exit 0 wall 11827 s
Rounds 1 to 4 sampled 3.06625, 3.07708, 3.07872, 3.07913; the best corrected value is round 3's 3.14343, still above 3.10330.  In round 4 the pair functions BB and AF bulged between samples (2.4e-2, 2.4e-3); the samples added there go into the continuation, c28lo13_d8b.log.
