28 at degree 10, continued from c28k_d10_r2.npz (round 5, bound 3.09111), pruned to KEEP_T=2500, with a fixed 32-by-32 grid of coplanar triples per kind (TCOPLANAR=32), where rounds 4 and 5 left violations of about 1e-3; started Tue Oct  6 12:20:02 UTC 2026
resumed from c28k_d10_r2.npz, pruned to 3000 pair and 2500 triple samples per kind
fixed coplanar triples per kind: {'AAA': 1176, 'AAB': 1231, 'AAF': 1258, 'ABB': 1275, 'ABF': 1302, 'AFF': 1326, 'BBB': 1275, 'BBF': 1326, 'BFF': 1326, 'FFF': 1326}
   direct: 8988 variables, 80858 inequalities, 7389 psd rows in 56 cones, 57377823 nonzeros [18 s to build]
   105 type-count vectors
d3=10 round 1: NumericalError  bound 3.09166 (target 3.10330), corrected <= 3.95727  [2625 s]
   viol: AA 4.5e-07, AB 2.2e-07, AF 2.8e-07, BB 4.8e-09, BF -1.1e-06, FF -4.1e-06, AAA 4.0e-05, AAB 1.4e-04, AAF 1.4e-04, ABB 9.9e-05, ABF 8.8e-05, AFF 3.2e-04, BBB 4.4e-04, BBF 2.6e-04, BFF 4.0e-04, FFF 4.4e-04
   c2: {'AA': -0.082597, 'AB': -0.042469, 'AF': -0.035733, 'BB': -0.005205, 'BF': -0.001399, 'FF': 0.004016}
   c3: {'AAA': 0.004775, 'AAB': 0.0032632, 'AAF': 0.0030159, 'ABB': 0.0018401, 'ABF': 0.0016913, 'AFF': 0.0014493, 'BBB': 0.0005355, 'BBF': 0.000524, 'BFF': 0.0004852, 'FFF': 0.0012786}
   direct: 8988 variables, 101795 inequalities, 7389 psd rows in 56 cones, 72903050 nonzeros [22 s to build]
   105 type-count vectors
d3=10 round 2: NumericalError  bound 3.09216 (target 3.10330), corrected <= 3.22688  [3170 s]
   viol: AA 5.1e-07, AB 2.2e-07, AF 2.8e-07, BB -1.9e-06, BF -9.0e-06, FF -6.4e-05, AAA 6.5e-06, AAB 5.3e-06, AAF 2.5e-05, ABB 1.5e-05, ABF 4.4e-05, AFF 2.0e-05, BBB 4.0e-05, BBF 1.1e-04, BFF 3.0e-06, FFF 1.9e-05
   c2: {'AA': -0.083926, 'AB': -0.04507, 'AF': -0.038055, 'BB': -0.007615, 'BF': -0.002771, 'FF': 0.003771}
   c3: {'AAA': 0.0048494, 'AAB': 0.0034103, 'AAF': 0.0031682, 'ABB': 0.0020059, 'ABF': 0.0018287, 'AFF': 0.0015401, 'BBB': 0.0006604, 'BBF': 0.0005929, 'BFF': 0.0005223, 'FFF': 0.0014921}
   direct: 8988 variables, 107022 inequalities, 7389 psd rows in 56 cones, 76760595 nonzeros [20 s to build]
   105 type-count vectors
d3=10 round 3: NumericalError  bound 3.09435 (target 3.10330), corrected <= 4.24689  [3633 s]
   viol: AA 3.1e-07, AB 1.1e-07, AF 1.6e-07, BB -4.4e-06, BF -4.2e-06, FF -5.3e-05, AAA 6.6e-07, AAB 4.0e-05, AAF 8.3e-06, ABB 6.3e-05, ABF 2.0e-05, AFF 1.3e-05, BBB 6.8e-04, BBF 5.6e-05, BFF 4.8e-05, FFF -3.8e-05
   c2: {'AA': -0.078223, 'AB': -0.041041, 'AF': -0.032423, 'BB': -0.006789, 'BF': -0.001268, 'FF': 0.006296}
   c3: {'AAA': 0.0045713, 'AAB': 0.003162, 'AAF': 0.0028255, 'ABB': 0.0018515, 'ABF': 0.0016169, 'AFF': 0.0012532, 'BBB': 0.0006531, 'BBF': 0.000558, 'BFF': 0.0004473, 'FFF': 0.0015657}
   direct: 8988 variables, 107892 inequalities, 7389 psd rows in 56 cones, 77397945 nonzeros [23 s to build]
PEAK_RSS_GB 10.72 exit -15
[stopped 15:02 UTC on 2026-10-06 in round 4, to restart from c28m_d10_r3.npz with fixed grids on the symmetric slices (TSYM=32): the worst violations of rounds 1 to 3 sit at triples with two or three equal inner products, BBB at (0.3316, 0.3316, 0.3316), ABB at (-0.6188, -0.6188, 0.2783), AAB at (-0.6524, 0.3879, 0.3879); see c28s_d10.log]
