resumed from c29r_d8_r2.npz, pruned to 5000 pair and 2500 triple samples per kind
   direct: 5088 variables, 56860 inequalities, 4299 psd rows in 48 cones, 26281015 nonzeros [6 s to build]
   51 type-count vectors
d3=8 round 1: optimal_inaccurate  bound 3.06337 (target 3.10330), corrected <= 4.85520  [1012 s]
   viol: AA 1.1e-08, AB 6.1e-06, AF 7.6e-05, BB 3.9e-02, BF 3.0e-07, FF 8.8e-10, AAA 4.0e-06, AAB 4.3e-06, AAF 6.8e-06, ABB 1.2e-05, ABF 6.1e-05, AFF 2.2e-05, BBB 1.1e-04, BBF 3.6e-04, BFF 1.1e-05, FFF 1.2e-06
   c2: {'AA': 0.011901, 'AB': 0.012371, 'AF': 0.026382, 'BB': 0.015076, 'BF': 0.029217, 'FF': 0.044184}
   c3: {'AAA': 0.0009752, 'AAB': 0.0011052, 'AAF': 0.0006149, 'ABB': 0.0010756, 'ABF': 0.0004961, 'AFF': -0.0005775, 'BBB': 0.0010626, 'BBF': 0.0005737, 'BFF': -0.0002738, 'FFF': 0.0075426}
   direct: 5088 variables, 82060 inequalities, 4299 psd rows in 48 cones, 38920845 nonzeros [9 s to build]
   51 type-count vectors
d3=8 round 2: optimal_inaccurate  bound 3.06373 (target 3.10330), corrected <= 3.09964  [1717 s]
   viol: AA 1.8e-08, AB 5.7e-09, AF 1.3e-07, BB -2.2e-08, BF 1.7e-08, FF -8.3e-09, AAA 1.0e-06, AAB 4.9e-06, AAF 4.6e-06, ABB 6.5e-06, ABF 5.0e-05, AFF 5.9e-06, BBB 1.1e-05, BBF 7.6e-06, BFF 2.6e-06, FFF 2.3e-06
   c2: {'AA': 0.008974, 'AB': 0.010745, 'AF': 0.024159, 'BB': 0.014219, 'BF': 0.026777, 'FF': 0.041839}
   c3: {'AAA': 0.0009962, 'AAB': 0.00106, 'AAF': 0.0006005, 'ABB': 0.0009991, 'ABF': 0.000496, 'AFF': -0.0007529, 'BBB': 0.0009587, 'BBF': 0.0005511, 'BFF': -0.0004722, 'FFF': 0.0088207}
   direct: 5088 variables, 82060 inequalities, 4299 psd rows in 48 cones, 38917297 nonzeros [9 s to build]
   51 type-count vectors
d3=8 round 3: optimal_inaccurate  bound 3.06402 (target 3.10330), corrected <= 5.77763  [1462 s]
   viol: AA 4.5e-09, AB 4.4e-09, AF 4.2e-05, BB 5.7e-02, BF 4.7e-09, FF -3.5e-09, AAA 1.8e-06, AAB 5.2e-06, AAF 5.5e-06, ABB 7.9e-05, ABF 1.1e-05, AFF 5.6e-06, BBB 4.4e-04, BBF 2.1e-04, BFF 4.8e-06, FFF 4.4e-07
   c2: {'AA': 0.010112, 'AB': 0.012574, 'AF': 0.027104, 'BB': 0.016096, 'BF': 0.027708, 'FF': 0.043543}
   c3: {'AAA': 0.0010812, 'AAB': 0.0010912, 'AAF': 0.0005488, 'ABB': 0.0010138, 'ABF': 0.0005141, 'AFF': -0.000686, 'BBB': 0.0009664, 'BBF': 0.0006132, 'BFF': -0.0003309, 'FFF': 0.0079818}
   direct: 5088 variables, 82060 inequalities, 4299 psd rows in 48 cones, 38894447 nonzeros [9 s to build]
   51 type-count vectors
d3=8 round 4: optimal_inaccurate  bound 3.06413 (target 3.10330), corrected <= 3.22702  [1679 s]
   viol: AA 3.0e-09, AB 1.4e-08, AF 3.8e-10, BB 5.5e-05, BF -1.2e-09, FF -1.3e-08, AAA 3.9e-07, AAB 6.7e-07, AAF 2.1e-06, ABB 1.5e-04, ABF 5.1e-06, AFF 2.9e-06, BBB 2.9e-04, BBF 2.9e-05, BFF 1.1e-05, FFF 7.6e-07
   c2: {'AA': 0.011433, 'AB': 0.014097, 'AF': 0.027899, 'BB': 0.017924, 'BF': 0.029112, 'FF': 0.045159}
   c3: {'AAA': 0.0010527, 'AAB': 0.0010627, 'AAF': 0.0005731, 'ABB': 0.0009714, 'ABF': 0.0005031, 'AFF': -0.0008252, 'BBB': 0.0009053, 'BBF': 0.0006039, 'BFF': -0.0004404, 'FFF': 0.0089982}
