statement (C) at 28 centres, case case28_all.json: combined certificate c28allpc_d10_r3.npz, two-point degree 12/4, three-point degree 10; 74550 count vectors
  [ok] dmax exceeds sqrt 6
  [ok] A_1..A_D and [[A_0, z], [z^T, t]] positive semidefinite (exact LDL^T)  (t = 11.112841033, float t 11.112841032)
  [ok] three-point blocks positive definite (exact LDL^T)  (43 blocks)
  point terms: {'A': '1.031225', 'B': '0.148665', 'F': '0.047990'}
  pair AA: float largest K + PAIR3 - Pi -1.317360e-01 (file c2 -1.317449e-01); threshold -1.317160e-01
  pair AB: float largest K + PAIR3 - Pi -6.725520e-02 (file c2 -6.725741e-02); threshold -6.723520e-02
  pair AF: float largest K + PAIR3 - Pi -6.012293e-02 (file c2 -6.013132e-02); threshold -6.010292e-02
  pair BB: float largest K + PAIR3 - Pi -6.042667e-03 (file c2 -6.043024e-03); threshold -6.022667e-03
  pair BF: float largest K + PAIR3 - Pi -1.434692e-03 (file c2 -1.435307e-03); threshold -1.414692e-03
  pair FF: float largest K + PAIR3 - Pi 5.472927e-03 (file c2 5.524714e-03); threshold 5.492928e-03
  triple AAA: float largest 7.619940e-03 on 649660 samples; threshold 7.622810e-03; 756 monomials, symmetry 2
  triple AAB: float largest 5.166401e-03 on 649656 samples; threshold 5.168677e-03; 756 monomials, symmetry 1
  triple AAF: float largest 4.951465e-03 on 649567 samples; threshold 4.968738e-03; 756 monomials, symmetry 1
  triple ABB: float largest 2.952599e-03 on 649516 samples; threshold 2.954779e-03; 756 monomials, symmetry 1
  triple ABF: float largest 2.998717e-03 on 649349 samples; threshold 3.000748e-03; 756 monomials, symmetry 0
  triple AFF: float largest 2.462685e-03 on 649302 samples; threshold 2.464726e-03; 756 monomials, symmetry 1
  triple BBB: float largest 9.793218e-04 on 649325 samples; threshold 9.814113e-04; 756 monomials, symmetry 2
  triple BBF: float largest 6.768852e-04 on 649158 samples; threshold 6.788862e-04; 756 monomials, symmetry 1
  triple BFF: float largest 5.478118e-04 on 649009 samples; threshold 5.498399e-04; 756 monomials, symmetry 1
  triple FFF: float largest 1.313847e-03 on 648938 samples; threshold 1.317023e-03; 756 monomials, symmetry 2
  74550 count vectors, 105 type-count vectors; largest bound 3.799149 at (6, 0, 17, 0, 0, 5, 0)
PRECHECK (floating point, no branch and bound): the thresholds give 3.799149 against 9 pi^2/8 - 8 = [3.1033050 +/- 4.88e-8] [886 s]
