statement (C) at 29 centres, case case29_all.json: combined certificate c29r4_d8_r1.npz, two-point degree 12/4, three-point degree 8; 23396 count vectors
  [ok] dmax exceeds sqrt 6
  [ok] A_1..A_D and [[A_0, z], [z^T, t]] positive semidefinite (exact LDL^T)  (t = 36.779716206, float t 36.779718039)
  [ok] three-point blocks positive definite (exact LDL^T)  (35 blocks)
  point terms: {'A': '0.282374', 'B': '0.215216', 'F': '0.041598'}
  pair AA: float largest K + PAIR3 - Pi 1.004303e-02 (file c2 1.004301e-02); threshold 1.004804e-02
  pair AB: float largest K + PAIR3 - Pi 1.271945e-02 (file c2 1.271944e-02); threshold 1.272445e-02
  pair AF: float largest K + PAIR3 - Pi 2.654004e-02 (file c2 2.653885e-02); threshold 2.654504e-02
  pair BB: float largest K + PAIR3 - Pi 1.678472e-02 (file c2 1.678472e-02); threshold 1.678972e-02
  pair BF: float largest K + PAIR3 - Pi 2.825973e-02 (file c2 2.825973e-02); threshold 2.826473e-02
  pair FF: float largest K + PAIR3 - Pi 4.352231e-02 (file c2 4.352230e-02); threshold 4.352731e-02
  triple AAA: float largest 1.062005e-03 on 649660 samples; threshold 1.062527e-03; 425 monomials, symmetry 2
  triple AAB: float largest 1.077887e-03 on 649681 samples; threshold 1.078507e-03; 425 monomials, symmetry 1
  triple AAF: float largest 5.864406e-04 on 649567 samples; threshold 5.871966e-04; 425 monomials, symmetry 1
  triple ABB: float largest 1.015377e-03 on 649589 samples; threshold 1.015878e-03; 425 monomials, symmetry 1
  triple ABF: float largest 5.003095e-04 on 649449 samples; threshold 5.015802e-04; 425 monomials, symmetry 0
  triple AFF: float largest -7.464747e-04 on 649302 samples; threshold -7.452309e-04; 425 monomials, symmetry 1
  triple BBB: float largest 8.986047e-04 on 649339 samples; threshold 8.993970e-04; 425 monomials, symmetry 2
  triple BBF: float largest 6.020303e-04 on 649263 samples; threshold 6.025341e-04; 425 monomials, symmetry 1
  triple BFF: float largest -4.055105e-04 on 649083 samples; threshold -4.030770e-04; 425 monomials, symmetry 1
  triple FFF: float largest 8.614177e-03 on 648938 samples; threshold 8.614685e-03; 425 monomials, symmetry 2
  23396 count vectors, 51 type-count vectors; largest bound 3.099635 at (19, 0, 4, 0, 0, 5, 1)
PRECHECK (floating point, no branch and bound): the thresholds give 3.099635 against 9 pi^2/8 - 8 = [3.1033050 +/- 4.88e-8] [464 s]
