statement (C) at 27 centres, case case27_all.json: combined certificate c27k10_d10_r1.npz, two-point degree 12/4, three-point degree 10; 42927 count vectors
  [ok] dmax exceeds sqrt 6
  [ok] A_1..A_D and [[A_0, z], [z^T, t]] positive semidefinite (exact LDL^T)  (t = 14.560493694, float t 14.553939796)
  [ok] three-point blocks positive definite (exact LDL^T)  (43 blocks)
  point terms: {'A': '4.110951', 'B': '0.289959', 'F': '0.086473'}
  pair AA: float largest K + PAIR3 - Pi -5.978084e-01 (file c2 -5.978158e-01); threshold -5.977884e-01
  pair AB: float largest K + PAIR3 - Pi -3.096896e-01 (file c2 -3.096921e-01); threshold -3.096696e-01
  pair AF: float largest K + PAIR3 - Pi -2.936488e-01 (file c2 -2.936575e-01); threshold -2.936288e-01
  pair BB: float largest K + PAIR3 - Pi -2.307721e-02 (file c2 -2.307830e-02); threshold -2.305721e-02
  pair BF: float largest K + PAIR3 - Pi -9.991155e-03 (file c2 -9.991874e-03); threshold -9.971133e-03
  pair FF: float largest K + PAIR3 - Pi 7.364461e-03 (file c2 7.364703e-03); threshold 7.384568e-03
  triple AAA: float largest 3.726367e-02 on 649660 samples; threshold 3.729528e-02; 756 monomials, symmetry 2
  triple AAB: float largest 2.556432e-02 on 649656 samples; threshold 2.560117e-02; 756 monomials, symmetry 1
  triple AAF: float largest 2.482905e-02 on 649567 samples; threshold 2.484998e-02; 756 monomials, symmetry 1
  triple ABB: float largest 1.415118e-02 on 649516 samples; threshold 1.417625e-02; 756 monomials, symmetry 1
  triple ABF: float largest 1.354198e-02 on 649349 samples; threshold 1.355399e-02; 756 monomials, symmetry 0
  triple AFF: float largest 1.298373e-02 on 649302 samples; threshold 1.300558e-02; 756 monomials, symmetry 1
  triple BBB: float largest 2.416725e-03 on 649325 samples; threshold 2.431527e-03; 756 monomials, symmetry 2
  triple BBF: float largest 1.771828e-03 on 649158 samples; threshold 1.776182e-03; 756 monomials, symmetry 1
  triple BFF: float largest 1.247246e-03 on 649009 samples; threshold 1.252747e-03; 756 monomials, symmetry 1
  triple FFF: float largest 2.987920e-03 on 648938 samples; threshold 3.003061e-03; 756 monomials, symmetry 2
  42927 count vectors, 50 type-count vectors; largest bound 7.951978 at (24, 3, 0, 0, 0, 0, 0)
PRECHECK (floating point, no branch and bound): the thresholds give 7.951978 against 9 pi^2/8 - 8 = [3.1033050 +/- 4.88e-8] [821 s]
