statement (C) at 26 centres, case case26_all.json: combined certificate c26h_d8_r3.npz, two-point degree 12/4, three-point degree 8; 17845 count vectors
  [ok] dmax exceeds sqrt 6
  [ok] A_1..A_D and [[A_0, z], [z^T, t]] positive semidefinite (exact LDL^T)  (t = 8.282667607, float t 8.282669772)
  [ok] three-point blocks positive definite (exact LDL^T)  (35 blocks)
  point terms: {'A': '0.237248', 'B': '0.076471', 'F': '0.090236'}
  pair AA: float largest K + PAIR3 - Pi -2.329178e-02 (file c2 -2.329185e-02); threshold -2.327176e-02
  pair AB: float largest K + PAIR3 - Pi -1.038348e-02 (file c2 -1.039879e-02); threshold -1.036330e-02
  pair AF: float largest K + PAIR3 - Pi -1.505743e-02 (file c2 -1.505192e-02); threshold -1.503736e-02
  pair BB: float largest K + PAIR3 - Pi -1.733338e-03 (file c2 -1.733343e-03); threshold -1.713338e-03
  pair BF: float largest K + PAIR3 - Pi -4.532285e-03 (file c2 -4.413312e-03); threshold -4.512281e-03
  pair FF: float largest K + PAIR3 - Pi -3.702309e-03 (file c2 -1.509593e-03); threshold -3.681549e-03
  triple AAA: float largest 1.495333e-03 on 649660 samples; threshold 1.497925e-03; 425 monomials, symmetry 2
  triple AAB: float largest 9.573107e-04 on 649576 samples; threshold 9.598990e-04; 425 monomials, symmetry 1
  triple AAF: float largest 1.320087e-03 on 649567 samples; threshold 1.322105e-03; 425 monomials, symmetry 1
  triple ABB: float largest 5.945645e-04 on 649313 samples; threshold 5.966748e-04; 425 monomials, symmetry 1
  triple ABF: float largest 1.040978e-03 on 649299 samples; threshold 1.043879e-03; 425 monomials, symmetry 0
  triple AFF: float largest 1.141615e-03 on 649302 samples; threshold 1.145076e-03; 425 monomials, symmetry 1
  triple BBB: float largest 4.070524e-04 on 648923 samples; threshold 4.094797e-04; 425 monomials, symmetry 2
  triple BBF: float largest 6.544102e-04 on 648919 samples; threshold 6.564131e-04; 425 monomials, symmetry 1
  triple BFF: float largest 1.041112e-03 on 648934 samples; threshold 1.043982e-03; 425 monomials, symmetry 1
  17845 count vectors, 33 type-count vectors; largest bound 3.329050 at (15, 0, 9, 0, 0, 0, 2)
PRECHECK (floating point, no branch and bound): the thresholds give 3.329050 against 9 pi^2/8 - 8 = [3.1033050 +/- 4.88e-8] [462 s]
