start  0: T = 10.48669, sum of push-outs 47.0852, distance to a root system 3.6146, max inner product 0.9461  (infeasible)
start  1: T = 8.00368, sum of push-outs 0.1651, distance to a root system 0.0896, max inner product 0.5169
start  2: T = 11.10330, sum of push-outs 64828707.5818, distance to a root system 3.7947, max inner product 0.9926  (infeasible)
start  3: T = 8.00368, sum of push-outs 0.1650, distance to a root system 0.0963, max inner product 0.5132
start  4: T = 8.00368, sum of push-outs 0.1648, distance to a root system 0.0966, max inner product 0.5132
start  5: T = 8.00368, sum of push-outs 0.1649, distance to a root system 0.0953, max inner product 0.5132
start  6: T = 11.10330, sum of push-outs 1145578.7011, distance to a root system 3.0853, max inner product 0.9852  (infeasible)
start  7: T = 8.00368, sum of push-outs 0.1647, distance to a root system 0.0897, max inner product 0.5166
start  8: T = 8.00368, sum of push-outs 0.1649, distance to a root system 0.0961, max inner product 0.5132
start  9: T = 11.10330, sum of push-outs 2881920.0189, distance to a root system 3.2967, max inner product 0.9989  (infeasible)
start 10: T = 8.00368, sum of push-outs 0.1654, distance to a root system 0.0791, max inner product 0.5178
start 11: T = 8.00368, sum of push-outs 0.1648, distance to a root system 0.0968, max inner product 0.5132
start 12: T = 8.00368, sum of push-outs 0.1671, distance to a root system 0.0968, max inner product 0.5229
start 13: T = 8.00368, sum of push-outs 0.1649, distance to a root system 0.0956, max inner product 0.5132
start 14: T = 8.00368, sum of push-outs 0.1649, distance to a root system 0.0948, max inner product 0.5132
start 15: T = 8.00368, sum of push-outs 0.1649, distance to a root system 0.0954, max inner product 0.5132
start 16: T = 8.00368, sum of push-outs 0.1649, distance to a root system 0.0961, max inner product 0.5132
start 17: T = 11.10330, sum of push-outs 118.6266, distance to a root system 3.1049, max inner product 0.9705  (infeasible)
start 18: T = 8.00368, sum of push-outs 0.1661, distance to a root system 0.0909, max inner product 0.5167
start 19: T = 8.00368, sum of push-outs 0.1656, distance to a root system 0.0846, max inner product 0.5171
start 20: T = 8.00368, sum of push-outs 0.1663, distance to a root system 0.0915, max inner product 0.5163
start 21: T = 8.00368, sum of push-outs 0.1681, distance to a root system 0.0971, max inner product 0.5244
start 22: T = 8.00368, sum of push-outs 0.1678, distance to a root system 0.0864, max inner product 0.5234
start 23: T = 8.00368, sum of push-outs 0.1648, distance to a root system 0.0940, max inner product 0.5132
eta = 0.00368: largest distance found 0.0971 over 19 feasible ends
start  0: T = 11.10330, sum of push-outs 6252.8129, distance to a root system 4.1639, max inner product 0.9886  (infeasible)
start  1: T = 11.10330, sum of push-outs 21980.2856, distance to a root system 3.6536, max inner product 0.9756  (infeasible)
start  2: T = 8.03340, sum of push-outs 0.2169, distance to a root system 0.1255, max inner product 0.5172
start  3: T = 8.03340, sum of push-outs 0.2171, distance to a root system 0.1257, max inner product 0.5171
start  4: T = 8.03340, sum of push-outs 0.2169, distance to a root system 0.1259, max inner product 0.5172
start  5: T = 8.03340, sum of push-outs 0.2170, distance to a root system 0.1244, max inner product 0.5172
start  6: T = 11.10330, sum of push-outs 1047243.9425, distance to a root system 3.4010, max inner product 0.9891  (infeasible)
start  7: T = 8.03340, sum of push-outs 0.2165, distance to a root system 0.1184, max inner product 0.5213
start  8: T = 8.03340, sum of push-outs 0.2170, distance to a root system 0.1253, max inner product 0.5172
start  9: T = 11.10330, sum of push-outs 108565.3065, distance to a root system 3.1694, max inner product 0.9962  (infeasible)
start 10: T = 8.03340, sum of push-outs 0.2199, distance to a root system 0.1056, max inner product 0.5217
start 11: T = 8.03340, sum of push-outs 0.2169, distance to a root system 0.1263, max inner product 0.5172
start 12: T = 8.03340, sum of push-outs 0.2233, distance to a root system 0.1291, max inner product 0.5321
start 13: T = 8.03340, sum of push-outs 0.2170, distance to a root system 0.1247, max inner product 0.5172
start 14: T = 8.03340, sum of push-outs 0.2170, distance to a root system 0.1237, max inner product 0.5172
start 15: T = 8.03340, sum of push-outs 0.2171, distance to a root system 0.1245, max inner product 0.5172
start 16: T = 10.96397, sum of push-outs 99.7516, distance to a root system 3.2291, max inner product 0.9624  (infeasible)
start 17: T = 8.03340, sum of push-outs 0.2160, distance to a root system 0.1154, max inner product 0.5201
start 18: T = 11.10330, sum of push-outs 54039.5466, distance to a root system 3.1985, max inner product 0.9818  (infeasible)
start 19: T = 11.10330, sum of push-outs 41211.8293, distance to a root system 3.0237, max inner product 0.9763  (infeasible)
start 20: T = 8.03340, sum of push-outs 0.2198, distance to a root system 0.1206, max inner product 0.5215
start 21: T = 11.10330, sum of push-outs 487514190.3917, distance to a root system 3.3589, max inner product 0.9721  (infeasible)
start 22: T = 8.03340, sum of push-outs 0.2246, distance to a root system 0.1165, max inner product 0.5331
start 23: T = 8.03340, sum of push-outs 0.2169, distance to a root system 0.1227, max inner product 0.5172
eta = 0.03340: largest distance found 0.1291 over 16 feasible ends
start  0: T = 10.97888, sum of push-outs 83.4268, distance to a root system 3.7596, max inner product 0.9682  (infeasible)
start  1: T = 8.10000, sum of push-outs 0.3417, distance to a root system 0.1880, max inner product 0.5375
start  2: T = 11.10330, sum of push-outs 23082182.0515, distance to a root system 3.6994, max inner product 0.9792  (infeasible)
start  3: T = 11.10330, sum of push-outs 97820365.7475, distance to a root system 3.5607, max inner product 0.9819  (infeasible)
start  4: T = 11.10330, sum of push-outs 2396.6418, distance to a root system 4.8015, max inner product 0.9845  (infeasible)
start  5: T = 11.10330, sum of push-outs 17611.2828, distance to a root system 4.0121, max inner product 0.9908  (infeasible)
start  6: T = 11.10330, sum of push-outs 60289962.1271, distance to a root system 2.6867, max inner product 0.9805  (infeasible)
start  7: T = 8.10000, sum of push-outs 0.3364, distance to a root system 0.1853, max inner product 0.5327
start  8: T = 8.10000, sum of push-outs 0.3363, distance to a root system 0.1903, max inner product 0.5259
start  9: T = 8.10000, sum of push-outs 0.3393, distance to a root system 0.1862, max inner product 0.5342
start 10: T = 8.10000, sum of push-outs 0.3452, distance to a root system 0.1657, max inner product 0.5329
start 11: T = 8.10000, sum of push-outs 0.3362, distance to a root system 0.1921, max inner product 0.5259
start 12: T = 8.10000, sum of push-outs 0.3412, distance to a root system 0.1731, max inner product 0.5382
start 13: T = 8.10000, sum of push-outs 0.3363, distance to a root system 0.1896, max inner product 0.5259
start 14: T = 8.10000, sum of push-outs 0.3376, distance to a root system 0.1672, max inner product 0.5287
start 15: T = 11.10330, sum of push-outs 1774.0508, distance to a root system 4.3524, max inner product 0.9908  (infeasible)
start 16: T = 8.10000, sum of push-outs 0.3344, distance to a root system 0.1641, max inner product 0.5280
start 17: T = 11.10330, sum of push-outs 222.4830, distance to a root system 3.1124, max inner product 0.9842  (infeasible)
start 18: T = 11.10330, sum of push-outs 2563.9413, distance to a root system 3.5137, max inner product 0.9898  (infeasible)
start 19: T = 8.10000, sum of push-outs 0.4351, distance to a root system 0.2794, max inner product 0.5581
start 20: T = 11.10330, sum of push-outs 5366.0285, distance to a root system 4.0086, max inner product 0.9813  (infeasible)
start 21: T = 11.10330, sum of push-outs 54465.5564, distance to a root system 3.5926, max inner product 0.9833  (infeasible)
start 22: T = 8.10000, sum of push-outs 0.3817, distance to a root system 0.1975, max inner product 0.5661
start 23: T = 11.10330, sum of push-outs 6396.2950, distance to a root system 4.3355, max inner product 0.9885  (infeasible)
eta = 0.10000: largest distance found 0.2794 over 12 feasible ends
