cert_d10_t0.50800.npz: degree 10, t = 0.50800, B = 1 + f(1) + F(1,1,1) = 24.960000 (f(1) 0.000066, F(1,1,1) 23.959933)
P1 = f + 3F(u,u,1) + 1 on [-1, t]: largest -1.519e-05 at u = 0.50800; the local maxima above -1e-4:
   u = +0.50800  P1 = -1.519e-05
   u = -0.38269  P1 = -3.767e-05
   u = -0.00275  P1 = -3.839e-05
   u = -0.72035  P1 = -3.899e-05
   u = -0.91969  P1 = -4.401e-05
   u = -0.84278  P1 = -4.456e-05
   u = -0.23161  P1 = -4.843e-05
P2 = F on the admissible triples: largest -1.3082e-05 (samples -1.3292e-05); distinct local maxima (sorted u <= v <= w):
   -1.3082e-05 at (-0.4771, 0.5080, 0.5080) ['', 't', 't'], Gram determinant 1.0e-02
   -1.3765e-05 at (-0.8003, -0.3160, -0.3160) ['', '', ''], Gram determinant -2.2e-16
   -1.4151e-05 at (-0.8044, -0.0136, 0.5080) ['', '', 't'], Gram determinant 1.1e-01
   -1.4382e-05 at (-0.8502, -0.0838, -0.0838) ['', '', ''], Gram determinant 2.5e-01
   -1.4412e-05 at (-0.7637, -0.3948, -0.1216) ['', '', ''], Gram determinant 1.7e-01
   -1.4619e-05 at (-0.8071, -0.0957, 0.5080) ['', '', 't'], Gram determinant 1.6e-01
   -1.4745e-05 at (-0.8363, -0.3639, -0.0461) ['', '', ''], Gram determinant 1.4e-01
   -1.4807e-05 at (-0.2688, -0.0093, -0.0093) ['', '', ''], Gram determinant 9.3e-01
at the inner products of the root system:
   P1(-1.0) = -1.433e-04
   P1(-0.5) = -2.627e-04
   P1(+0.0) = -3.856e-05
   P1(+0.5) = -9.302e-03
   P2(-1.0, -0.5, 0.5) = -3.554e-03
   P2(-1.0, -0.0, 0.0) = -4.050e-03
   P2(-0.5, -0.5, -0.5) = -6.640e-03
   P2(-0.5, -0.5, -0.0) = -4.396e-04
   P2(-0.5, -0.5, 0.5) = -5.304e-05
   P2(-0.5, 0.0, 0.5) = -3.240e-04
   P2(-0.5, 0.5, 0.5) = -2.549e-04
   P2(-0.0, 0.0, 0.0) = -1.000e-03
   P2(-0.0, 0.5, 0.5) = -1.396e-03
   P2(0.5, 0.5, 0.5) = -5.409e-04
the final inequality (N-1)(1 - e1) - (N-1)(N-2) e2 > B - 1 at N = 25, with the proved e1 = 1e-06, e2 = 7e-05:
   (N-1) = 24, (N-1) e1 = 0.000024, (N-1)(N-2) e2 = 0.038640, left side 23.961336 against B - 1 = 23.960000
   with the floating-point maxima in place of e1, e2: left side 24.007221
