certificate_d8.npz: degree 8, N = 23; B / 1000 = 0.092900000
   N (N f_0 - f(1)) / 2 / 1000 = +0.234507708   (f_0 = 0.926910, f(1) = 0.926962)
   -N F(1,1,1) / (6 (N-2)) / 1000 = -0.141607708   (F(1,1,1) = 775.763965)
   (f(1) - f_0) / 1000 = (f_1 + ... + f_8) / 1000 = 5.16e-08: the two-point part is nearly constant
omega(1/2) = 0.001445409; omega vanishes for u <= 1/3
the root system less one root: 88 pairs at 60 degrees, pair sum of omega 0.127195958 against B / 1000 = 0.092900000 (8 - A_* = 0.092855570)
   one pair at 60 degrees is worth 0.001445409, so the pair sum exceeds 8 - A_* by 23.8 such pairs
Q = 1000 (omega(u) + omega(v) + omega(t)) - P on the admissible triples: least 2.3036e-03 (samples 6.3422e-03); distinct local minima:
   2.3036e-03 at (-0.8660, -0.8660, +0.5000), Gram determinant -9.8e-11
   9.9884e-03 at (-0.5000, +0.5000, +0.5000), Gram determinant 0.0e+00
   1.2682e-02 at (-0.6085, +0.4424, +0.4424), Gram determinant -5.1e-15
   1.2717e-02 at (-0.9987, -0.4170, +0.4628), Gram determinant -6.0e-15
   1.3296e-02 at (-0.5000, -0.5000, -0.5000), Gram determinant 0.0e+00
   1.3342e-02 at (-0.8109, -0.3075, -0.3075), Gram determinant 2.2e-16
   1.3412e-02 at (-0.9965, -0.1489, +0.0659), Gram determinant 0.0e+00
   1.3442e-02 at (-0.4564, +0.4417, +0.4417), Gram determinant 2.2e-01
   1.3444e-02 at (+0.4479, +0.4479, +0.5000), Gram determinant 5.5e-01
   1.3453e-02 at (-0.7517, -0.2514, -0.2514), Gram determinant 2.1e-01
Q at the triples of the root system less one root (each kind once):
   (-1.0, -0.5, +0.5):  168 triples, Q = +3.8353e-02
   (-1.0, -0.0, +0.0):   63 triples, Q = +1.6857e-01
   (-0.5, -0.5, -0.5):   28 triples, Q = +1.3296e-02
   (-0.5, -0.5, -0.0):  252 triples, Q = +2.1618e-02
   (-0.5, -0.5, +0.5):  252 triples, Q = +5.8760e-02
   (-0.5, +0.0, +0.5):  504 triples, Q = +6.9424e-02
   (-0.5, +0.5, +0.5):   84 triples, Q = +9.9884e-03
   (-0.0, +0.0, +0.0):   84 triples, Q = +1.0851e-01
   (-0.0, +0.5, +0.5):  252 triples, Q = +3.3678e-02
   (+0.5, +0.5, +0.5):   84 triples, Q = +1.3585e-02
