Wed Oct  7 15:02:13 UTC 2026
statement (C) at 28 centres, case case28_lo13.json: combined certificate c28lo13b_d8_r1.npz, two-point degree 12/4, three-point degree 8; 60214 count vectors
  [ok] dmax exceeds sqrt 6
  [ok] A_1..A_D and [[A_0, z], [z^T, t]] positive semidefinite (exact LDL^T)  (t = 65.795580334, float t 65.795580333)
  [ok] three-point blocks positive definite (exact LDL^T)  (35 blocks)
  point terms: {'A': '0.208647', 'B': '0.145419', 'F': '0.033715'}
  pair AA: float largest K + PAIR3 - Pi 5.813446e-02 (file c2 5.813425e-02); threshold 5.813947e-02
  pair AB: float largest K + PAIR3 - Pi 6.430800e-02 (file c2 6.430800e-02); threshold 6.430900e-02
  pair AF: float largest K + PAIR3 - Pi 7.160842e-02 (file c2 7.160821e-02); threshold 7.160943e-02
  pair BB: float largest K + PAIR3 - Pi 6.596511e-02 (file c2 6.596460e-02); threshold 6.596615e-02
  pair BF: float largest K + PAIR3 - Pi 7.086813e-02 (file c2 7.086644e-02); threshold 7.086921e-02
  pair FF: float largest K + PAIR3 - Pi 7.557776e-02 (file c2 7.557772e-02); threshold 7.557876e-02
  pair BB on bins 3-6: float largest K + PAIR3 - Pi 6.594507e-02; threshold 6.594646e-02 against 6.596615e-02 for the kind
  pair BB on bins 6-6: float largest K + PAIR3 - Pi 6.596460e-02; threshold 6.596560e-02 against 6.596615e-02 for the kind
  triple AAA: float largest 8.320207e-04 on 649660 samples; threshold 8.321450e-04; 425 monomials, symmetry 2
  triple AAB: float largest 5.616402e-04 on 649656 samples; threshold 5.618816e-04; 425 monomials, symmetry 1
  triple AAF: float largest 3.215639e-04 on 649567 samples; threshold 3.218205e-04; 425 monomials, symmetry 1
  triple ABB: float largest 4.640639e-04 on 649516 samples; threshold 4.642416e-04; 425 monomials, symmetry 1
  triple ABF: float largest 3.201323e-04 on 649349 samples; threshold 3.210718e-04; 425 monomials, symmetry 0
  triple AFF: float largest 1.493794e-04 on 649302 samples; threshold 1.499029e-04; 425 monomials, symmetry 1
  triple BBB: float largest 5.425782e-04 on 649325 samples; threshold 5.430952e-04; 425 monomials, symmetry 2
  triple BBF: float largest 4.824154e-04 on 649158 samples; threshold 4.833667e-04; 425 monomials, symmetry 1
  triple BFF: float largest 4.809436e-04 on 649009 samples; threshold 4.814878e-04; 425 monomials, symmetry 1
  triple FFF: float largest 7.688680e-04 on 648938 samples; threshold 7.789208e-04 (refined 7.688708e-04, extra 1e-05); 425 monomials, symmetry 2
  triple ABF on bins 1-3-7 (inner products at most 0.528444, 0.614029, 0.623065): float largest 3.161651e-04 on 649545 samples; threshold 3.183430e-04 against 3.210718e-04 for the kind; symmetry 0
  triple BBB on bins 3-3-3 (inner products at most 0.546485, 0.546485, 0.546485): float largest 5.349585e-04 on 649699 samples; threshold 5.350378e-04 against 5.430952e-04 for the kind; symmetry 2
  triple AAB on bins 1-1-3 (inner products at most 0.507954, 0.528444, 0.528444): float largest 5.610140e-04 on 649670 samples; threshold 5.612213e-04 against 5.618816e-04 for the kind; symmetry 1
  triple ABF on bins 1-6-7 (inner products at most 0.589632, 0.614029, 0.653414): float largest 3.177035e-04 on 649394 samples; threshold 3.183430e-04 against 3.210718e-04 for the kind; symmetry 0
  triple AFF on bins 1-7-7 (inner products at most 0.614029, 0.614029, 0.666667): float largest 1.467859e-04 on 649315 samples; threshold 1.499029e-04 against 1.499029e-04 for the kind; symmetry 1
  triple AAB on bins 1-1-6 (inner products at most 0.507954, 0.589632, 0.589632): float largest 5.616905e-04 on 649656 samples; threshold 5.618816e-04 against 5.618816e-04 for the kind; symmetry 1
  60214 count vectors, 105 type-count vectors; largest bound 3.094670 at (13, 0, 10, 0, 0, 1, 4)
  [ok] with these thresholds, largest bound over the 62865 count vectors of case28_k14.json below 9 pi^2/8 - 8  (3.099739 at (14, 0, 9, 0, 0, 1, 4) < [3.1033050 +/- 4.88e-8])
  [ok] with these thresholds, largest bound over the 62063 count vectors of case28_k15f3.json below 9 pi^2/8 - 8  (3.102197 at (15, 0, 8, 0, 0, 2, 3) < [3.1033050 +/- 4.88e-8])
  [ok] with these thresholds, largest bound over the 27423 count vectors of case28_k16f0.json below 9 pi^2/8 - 8  (3.102468 at (16, 0, 7, 0, 0, 5, 0) < [3.1033050 +/- 4.88e-8])
  [FAIL] with these thresholds, largest bound over the 45823 count vectors of case28_k16f1.json below 9 pi^2/8 - 8  (3.104001 at (16, 0, 7, 0, 0, 4, 1) < [3.1033050 +/- 4.88e-8])
FAILED
  [note] precheck only (floating-point thresholds, no branch and bound): case28_k16f1.json was a probe and was expected to fail; the full check with these margins is combo28_squeeze_check.log.
