$ python3 count_core_survey.py 25 23 12
  start  0: T = 8.352874; distances 2.000 2.000 2.000 2.000 2.000 2.000 2.000 2.000 2.000 2.000 2.000 2.000 2.001 2.001 2.001 2.027 2.027 2.027 2.028 2.028 2.028 2.268 2.268 2.268 2.449
  start  1: T = 8.587705; distances 2.000 2.000 2.000 2.000 2.000 2.000 2.000 2.000 2.000 2.000 2.000 2.000 2.000 2.000 2.000 2.001 2.005 2.042 2.166 2.268 2.268 2.268 2.268 2.449 2.449
  start  2: T = 8.492475; distances 2.000 2.000 2.000 2.000 2.000 2.000 2.000 2.000 2.000 2.000 2.000 2.000 2.000 2.000 2.000 2.000 2.000 2.000 2.163 2.169 2.193 2.231 2.268 2.268 2.449
  start  3: T = 8.434550; distances 2.000 2.000 2.000 2.000 2.000 2.000 2.000 2.000 2.000 2.000 2.000 2.000 2.000 2.000 2.000 2.000 2.000 2.024 2.094 2.096 2.125 2.268 2.268 2.449 2.449
  start  4: T = 8.460144; distances 2.000 2.000 2.000 2.000 2.000 2.000 2.000 2.000 2.000 2.000 2.000 2.000 2.000 2.000 2.000 2.000 2.000 2.000 2.000 2.249 2.249 2.268 2.268 2.268 2.449
  start  5: T = 8.425863; distances 2.000 2.000 2.000 2.000 2.000 2.000 2.000 2.000 2.000 2.000 2.000 2.000 2.000 2.000 2.000 2.000 2.000 2.000 2.000 2.122 2.268 2.268 2.268 2.449 2.449
  start  6: T = 8.352874; distances 2.000 2.000 2.000 2.000 2.000 2.000 2.000 2.000 2.000 2.000 2.000 2.000 2.001 2.001 2.001 2.027 2.027 2.027 2.028 2.028 2.028 2.268 2.268 2.268 2.449
  start  7: T = 8.583215; distances 2.000 2.000 2.000 2.000 2.000 2.000 2.000 2.000 2.000 2.000 2.000 2.000 2.000 2.000 2.000 2.000 2.000 2.045 2.202 2.268 2.268 2.268 2.268 2.268 2.449
  start  8: T = 8.446399; distances 2.000 2.000 2.000 2.000 2.000 2.000 2.000 2.000 2.000 2.000 2.000 2.000 2.000 2.000 2.000 2.000 2.000 2.000 2.100 2.123 2.129 2.268 2.268 2.449 2.449
  start  9: T = 8.679750; distances 2.000 2.000 2.000 2.000 2.000 2.000 2.000 2.000 2.000 2.000 2.000 2.000 2.000 2.000 2.000 2.000 2.015 2.184 2.222 2.268 2.268 2.268 2.268 2.449 2.449
  start 10: T = 8.352874; distances 2.000 2.000 2.000 2.000 2.000 2.000 2.000 2.000 2.000 2.000 2.000 2.000 2.001 2.001 2.001 2.027 2.027 2.027 2.028 2.028 2.028 2.268 2.268 2.268 2.449
  start 11: T = 8.381064; distances 2.000 2.000 2.000 2.000 2.000 2.000 2.000 2.000 2.000 2.000 2.000 2.000 2.000 2.000 2.000 2.000 2.000 2.000 2.000 2.040 2.266 2.268 2.268 2.449 2.449
M = 25, at least 23 centres within rho_M = 2.2677: least T found 8.352874
(floating point and local optimisation: evidence, not a bound)
$ python3 count_core_survey.py 26 23 12
  start  0: T = 8.765517; distances 2.000 2.000 2.000 2.000 2.000 2.000 2.000 2.000 2.000 2.000 2.019 2.024 2.025 2.029 2.029 2.034 2.038 2.043 2.288 2.288 2.288 2.288 2.288 2.288 2.449 2.449
  start  1: T = 8.667527; distances 2.000 2.000 2.000 2.000 2.000 2.000 2.000 2.000 2.000 2.000 2.000 2.000 2.000 2.000 2.000 2.021 2.023 2.087 2.230 2.253 2.288 2.288 2.288 2.449 2.449 2.449
  start  2: T = 8.676837; distances 2.000 2.000 2.000 2.000 2.000 2.000 2.000 2.000 2.000 2.000 2.000 2.000 2.000 2.000 2.000 2.000 2.000 2.165 2.272 2.288 2.288 2.288 2.288 2.288 2.449 2.449
  start  3: T = 8.689001; distances 2.000 2.000 2.000 2.000 2.000 2.000 2.000 2.000 2.000 2.000 2.000 2.000 2.000 2.000 2.000 2.000 2.000 2.181 2.263 2.281 2.288 2.288 2.288 2.449 2.449 2.449
  start  4: T = 8.632075; distances 2.000 2.000 2.000 2.000 2.000 2.000 2.000 2.000 2.000 2.000 2.000 2.000 2.000 2.000 2.000 2.000 2.013 2.064 2.192 2.288 2.288 2.288 2.288 2.449 2.449 2.449
  start  5: T = 8.660043; distances 2.000 2.000 2.000 2.000 2.000 2.000 2.000 2.000 2.000 2.000 2.000 2.000 2.000 2.000 2.000 2.009 2.028 2.121 2.199 2.288 2.288 2.288 2.288 2.288 2.449 2.449
  start  6: T = 8.643905; distances 2.000 2.000 2.000 2.000 2.000 2.000 2.000 2.000 2.000 2.000 2.000 2.001 2.004 2.015 2.018 2.028 2.028 2.032 2.189 2.192 2.288 2.288 2.288 2.288 2.449 2.449
  start  7: T = 8.645950; distances 2.000 2.000 2.000 2.000 2.000 2.000 2.000 2.000 2.000 2.000 2.000 2.000 2.000 2.000 2.000 2.000 2.000 2.120 2.184 2.288 2.288 2.288 2.288 2.449 2.449 2.449
  start  8: T = 8.557328; distances 2.000 2.000 2.000 2.000 2.000 2.000 2.000 2.000 2.000 2.000 2.000 2.000 2.000 2.000 2.000 2.000 2.000 2.000 2.172 2.223 2.288 2.288 2.288 2.449 2.449 2.449
  start  9: T = 8.563732; distances 2.000 2.000 2.000 2.000 2.000 2.000 2.000 2.000 2.000 2.000 2.000 2.000 2.000 2.000 2.000 2.000 2.000 2.008 2.170 2.216 2.288 2.288 2.288 2.449 2.449 2.449
  start 10: T = 8.630441; distances 2.000 2.000 2.000 2.000 2.000 2.000 2.000 2.000 2.000 2.000 2.000 2.000 2.000 2.000 2.000 2.000 2.019 2.056 2.193 2.288 2.288 2.288 2.288 2.449 2.449 2.449
  start 11: T = 8.472444; distances 2.000 2.000 2.000 2.000 2.000 2.000 2.000 2.000 2.000 2.000 2.000 2.000 2.000 2.000 2.000 2.000 2.000 2.000 2.000 2.253 2.262 2.285 2.288 2.449 2.449 2.449
M = 26, at least 23 centres within rho_M = 2.2877: least T found 8.472444
(floating point and local optimisation: evidence, not a bound)
$ python3 count_core_survey.py 27 23 12
  start  0: T = 8.840351; distances 2.000 2.000 2.000 2.000 2.000 2.000 2.000 2.000 2.000 2.000 2.000 2.000 2.000 2.000 2.002 2.005 2.221 2.302 2.302 2.302 2.302 2.302 2.302 2.302 2.449 2.449 2.449
  start  1: ended outside the constraints (discarded)
  start  2: T = 8.866699; distances 2.000 2.000 2.000 2.000 2.000 2.000 2.000 2.000 2.000 2.000 2.000 2.000 2.000 2.008 2.024 2.130 2.143 2.155 2.287 2.301 2.302 2.302 2.302 2.302 2.449 2.449 2.449
  start  3: T = 8.712221; distances 2.000 2.000 2.000 2.000 2.000 2.000 2.000 2.000 2.000 2.000 2.000 2.000 2.000 2.000 2.000 2.000 2.000 2.198 2.295 2.302 2.302 2.302 2.302 2.449 2.449 2.449 2.449
  start  4: T = 8.681287; distances 2.000 2.000 2.000 2.000 2.000 2.000 2.000 2.000 2.000 2.000 2.000 2.000 2.000 2.000 2.000 2.000 2.000 2.131 2.276 2.302 2.302 2.302 2.302 2.417 2.449 2.449 2.449
  start  5: T = 8.704130; distances 2.000 2.000 2.000 2.000 2.000 2.000 2.000 2.000 2.000 2.000 2.000 2.000 2.000 2.000 2.000 2.000 2.002 2.184 2.276 2.302 2.302 2.302 2.302 2.449 2.449 2.449 2.449
  start  6: T = 8.987178; distances 2.000 2.000 2.000 2.000 2.000 2.000 2.000 2.000 2.000 2.000 2.000 2.000 2.000 2.000 2.078 2.170 2.268 2.289 2.302 2.302 2.302 2.302 2.302 2.302 2.449 2.449 2.449
  start  7: T = 8.700850; distances 2.000 2.000 2.000 2.000 2.000 2.000 2.000 2.000 2.000 2.000 2.000 2.000 2.000 2.000 2.000 2.000 2.010 2.157 2.278 2.302 2.302 2.302 2.302 2.449 2.449 2.449 2.449
  start  8: T = 8.822669; distances 2.000 2.000 2.000 2.000 2.000 2.000 2.000 2.000 2.000 2.000 2.000 2.000 2.000 2.000 2.000 2.061 2.096 2.302 2.302 2.302 2.302 2.302 2.302 2.302 2.449 2.449 2.449
  start  9: T = 8.820436; distances 2.000 2.000 2.000 2.000 2.000 2.000 2.000 2.000 2.000 2.000 2.000 2.000 2.000 2.000 2.000 2.032 2.121 2.245 2.300 2.302 2.302 2.302 2.302 2.449 2.449 2.449 2.449
  start 10: T = 8.697418; distances 2.000 2.000 2.000 2.000 2.000 2.000 2.000 2.000 2.000 2.000 2.000 2.000 2.000 2.000 2.000 2.000 2.001 2.191 2.272 2.302 2.302 2.302 2.302 2.302 2.449 2.449 2.449
  start 11: T = 8.745153; distances 2.000 2.000 2.000 2.000 2.000 2.000 2.000 2.000 2.000 2.000 2.000 2.000 2.000 2.000 2.003 2.009 2.031 2.197 2.302 2.302 2.302 2.302 2.302 2.449 2.449 2.449 2.449
M = 27, at least 23 centres within rho_M = 2.3017: least T found 8.681287
(floating point and local optimisation: evidence, not a bound)
$ python3 count_core_survey.py 28 23 12
  start  0: ended outside the constraints (discarded)
  start  1: T = 8.784389; distances 2.000 2.000 2.000 2.000 2.000 2.000 2.000 2.000 2.000 2.000 2.000 2.000 2.000 2.000 2.016 2.020 2.039 2.254 2.312 2.312 2.312 2.312 2.312 2.449 2.449 2.449 2.449 2.449
  start  2: T = 8.852616; distances 2.000 2.000 2.000 2.000 2.000 2.000 2.000 2.000 2.000 2.000 2.000 2.000 2.000 2.000 2.001 2.014 2.260 2.260 2.312 2.312 2.312 2.312 2.312 2.312 2.449 2.449 2.449 2.449
  start  3: T = 8.884795; distances 2.000 2.000 2.000 2.000 2.000 2.000 2.000 2.000 2.000 2.000 2.000 2.000 2.000 2.002 2.003 2.077 2.171 2.291 2.308 2.309 2.312 2.312 2.312 2.449 2.449 2.449 2.449 2.449
  start  4: T = 9.030207; distances 2.000 2.000 2.000 2.000 2.000 2.000 2.000 2.000 2.000 2.000 2.000 2.000 2.000 2.000 2.066 2.312 2.312 2.312 2.312 2.312 2.312 2.312 2.312 2.312 2.417 2.449 2.449 2.449
  start  5: T = 8.781276; distances 2.000 2.000 2.000 2.000 2.000 2.000 2.000 2.000 2.000 2.000 2.000 2.000 2.000 2.000 2.000 2.000 2.069 2.272 2.283 2.312 2.312 2.312 2.312 2.449 2.449 2.449 2.449 2.449
  start  6: ended outside the constraints (discarded)
  start  7: T = 9.025325; distances 2.000 2.000 2.000 2.000 2.000 2.000 2.000 2.000 2.000 2.000 2.000 2.000 2.000 2.000 2.102 2.190 2.312 2.312 2.312 2.312 2.312 2.312 2.312 2.449 2.449 2.449 2.449 2.449
  start  8: T = 8.819379; distances 2.000 2.000 2.000 2.000 2.000 2.000 2.000 2.000 2.000 2.000 2.000 2.000 2.000 2.000 2.000 2.001 2.167 2.283 2.300 2.312 2.312 2.312 2.312 2.312 2.449 2.449 2.449 2.449
  start  9: T = 8.995252; distances 2.000 2.000 2.000 2.000 2.000 2.000 2.000 2.000 2.000 2.000 2.000 2.000 2.006 2.013 2.027 2.183 2.310 2.312 2.312 2.312 2.312 2.312 2.312 2.449 2.449 2.449 2.449 2.449
  start 10: T = 9.083521; distances 2.000 2.000 2.000 2.000 2.000 2.000 2.000 2.000 2.000 2.000 2.000 2.000 2.000 2.056 2.161 2.188 2.266 2.310 2.312 2.312 2.312 2.312 2.312 2.449 2.449 2.449 2.449 2.449
  start 11: T = 8.863222; distances 2.000 2.000 2.000 2.000 2.000 2.000 2.000 2.000 2.000 2.000 2.000 2.000 2.000 2.000 2.000 2.000 2.290 2.295 2.296 2.302 2.312 2.312 2.312 2.449 2.449 2.449 2.449 2.449
M = 28, at least 23 centres within rho_M = 2.3123: least T found 8.781276
(floating point and local optimisation: evidence, not a bound)
$ python3 count_core_survey.py 29 23 12
  start  0: T = 8.928244; distances 2.000 2.000 2.000 2.000 2.000 2.000 2.000 2.000 2.000 2.000 2.000 2.000 2.000 2.007 2.022 2.118 2.181 2.321 2.321 2.321 2.321 2.321 2.321 2.321 2.449 2.449 2.449 2.449 2.449
  start  1: T = 8.985929; distances 2.000 2.000 2.000 2.000 2.000 2.000 2.000 2.000 2.000 2.000 2.000 2.000 2.000 2.000 2.000 2.256 2.294 2.309 2.314 2.321 2.321 2.321 2.321 2.449 2.449 2.449 2.449 2.449 2.449
  start  2: ended outside the constraints (discarded)
  start  3: T = 9.142560; distances 2.000 2.001 2.001 2.001 2.001 2.001 2.001 2.001 2.001 2.001 2.001 2.001 2.028 2.067 2.129 2.303 2.315 2.318 2.320 2.320 2.320 2.321 2.321 2.449 2.449 2.449 2.449 2.449 2.449
  start  4: T = 8.869390; distances 2.000 2.000 2.000 2.000 2.000 2.000 2.000 2.000 2.000 2.000 2.000 2.000 2.000 2.000 2.010 2.011 2.230 2.321 2.321 2.321 2.321 2.321 2.321 2.321 2.449 2.449 2.449 2.449 2.449
  start  5: T = 8.982443; distances 2.000 2.000 2.000 2.000 2.000 2.000 2.000 2.000 2.000 2.000 2.000 2.000 2.000 2.000 2.040 2.166 2.309 2.321 2.321 2.321 2.321 2.321 2.321 2.321 2.449 2.449 2.449 2.449 2.449
  start  6: T = 8.996008; distances 2.000 2.000 2.000 2.000 2.000 2.000 2.000 2.000 2.000 2.000 2.000 2.000 2.000 2.000 2.000 2.263 2.321 2.321 2.321 2.321 2.321 2.321 2.321 2.449 2.449 2.449 2.449 2.449 2.449
  start  7: T = 8.771450; distances 2.000 2.000 2.000 2.000 2.000 2.000 2.000 2.000 2.000 2.000 2.000 2.000 2.000 2.000 2.000 2.018 2.048 2.243 2.301 2.320 2.321 2.321 2.321 2.321 2.449 2.449 2.449 2.449 2.449
  start  8: T = 8.957598; distances 2.000 2.000 2.000 2.000 2.000 2.000 2.000 2.000 2.000 2.000 2.000 2.000 2.000 2.000 2.000 2.224 2.241 2.262 2.321 2.321 2.321 2.321 2.321 2.321 2.449 2.449 2.449 2.449 2.449
  start  9: T = 8.979365; distances 2.000 2.000 2.000 2.000 2.000 2.000 2.000 2.000 2.000 2.000 2.000 2.000 2.000 2.000 2.040 2.169 2.284 2.295 2.321 2.321 2.321 2.321 2.321 2.449 2.449 2.449 2.449 2.449 2.449
  start 10: T = 9.021649; distances 2.000 2.000 2.000 2.000 2.000 2.000 2.000 2.000 2.000 2.000 2.000 2.000 2.000 2.004 2.025 2.321 2.321 2.321 2.321 2.321 2.321 2.321 2.321 2.449 2.449 2.449 2.449 2.449 2.449
  start 11: T = 9.271548; distances 2.000 2.000 2.000 2.000 2.000 2.000 2.000 2.000 2.000 2.000 2.000 2.000 2.021 2.298 2.321 2.321 2.321 2.321 2.321 2.321 2.321 2.321 2.321 2.449 2.449 2.449 2.449 2.449 2.449
M = 29, at least 23 centres within rho_M = 2.3206: least T found 8.771450
(floating point and local optimisation: evidence, not a bound)
$ python3 count_core_survey.py 30 23 12
  start  0: T = 9.200368; distances 2.000 2.000 2.000 2.000 2.000 2.000 2.000 2.000 2.000 2.000 2.000 2.019 2.090 2.121 2.134 2.210 2.327 2.327 2.327 2.327 2.327 2.327 2.327 2.327 2.449 2.449 2.449 2.449 2.449 2.449
  start  1: T = 9.214008; distances 2.000 2.000 2.000 2.000 2.000 2.000 2.000 2.000 2.000 2.000 2.000 2.000 2.000 2.153 2.287 2.327 2.327 2.327 2.327 2.327 2.327 2.327 2.327 2.449 2.449 2.449 2.449 2.449 2.449 2.449
  start  2: T = 9.269943; distances 2.000 2.000 2.000 2.000 2.000 2.000 2.000 2.000 2.000 2.000 2.000 2.000 2.015 2.308 2.327 2.327 2.327 2.327 2.327 2.327 2.327 2.327 2.327 2.327 2.449 2.449 2.449 2.449 2.449 2.449
  start  3: T = 8.936702; distances 2.000 2.000 2.000 2.000 2.000 2.000 2.000 2.000 2.000 2.000 2.000 2.000 2.000 2.000 2.000 2.110 2.252 2.324 2.327 2.327 2.327 2.327 2.327 2.449 2.449 2.449 2.449 2.449 2.449 2.449
  start  4: T = 9.119472; distances 2.000 2.000 2.000 2.000 2.000 2.000 2.000 2.000 2.000 2.000 2.000 2.000 2.000 2.000 2.285 2.322 2.327 2.327 2.327 2.327 2.327 2.327 2.327 2.327 2.449 2.449 2.449 2.449 2.449 2.449
  start  5: T = 9.067003; distances 2.000 2.000 2.000 2.000 2.000 2.000 2.000 2.000 2.000 2.000 2.000 2.000 2.000 2.000 2.108 2.276 2.290 2.324 2.327 2.327 2.327 2.327 2.327 2.449 2.449 2.449 2.449 2.449 2.449 2.449
  start  6: T = 10.965085; distances 2.312 2.319 2.324 2.324 2.325 2.325 2.325 2.325 2.325 2.326 2.326 2.326 2.327 2.327 2.327 2.327 2.327 2.327 2.327 2.327 2.327 2.327 2.327 2.445 2.447 2.449 2.449 2.449 2.449 2.449
  start  7: T = 8.976687; distances 2.000 2.000 2.000 2.000 2.000 2.000 2.000 2.000 2.000 2.000 2.000 2.000 2.000 2.000 2.000 2.224 2.248 2.327 2.327 2.327 2.327 2.327 2.327 2.449 2.449 2.449 2.449 2.449 2.449 2.449
  start  8: T = 9.089601; distances 2.000 2.000 2.000 2.000 2.000 2.000 2.000 2.000 2.000 2.000 2.000 2.000 2.021 2.029 2.077 2.319 2.327 2.327 2.327 2.327 2.327 2.327 2.327 2.327 2.449 2.449 2.449 2.449 2.449 2.449
  start  9: T = 9.067891; distances 2.000 2.000 2.000 2.000 2.000 2.000 2.000 2.000 2.001 2.001 2.001 2.001 2.002 2.007 2.112 2.257 2.327 2.327 2.327 2.327 2.327 2.327 2.327 2.449 2.449 2.449 2.449 2.449 2.449 2.449
  start 10: T = 9.031418; distances 2.000 2.000 2.000 2.000 2.000 2.000 2.000 2.000 2.000 2.000 2.000 2.000 2.000 2.001 2.139 2.142 2.262 2.327 2.327 2.327 2.327 2.327 2.327 2.449 2.449 2.449 2.449 2.449 2.449 2.449
  start 11: T = 9.126042; distances 2.000 2.000 2.000 2.000 2.000 2.000 2.000 2.000 2.000 2.000 2.000 2.000 2.000 2.000 2.296 2.315 2.327 2.327 2.327 2.327 2.327 2.327 2.327 2.327 2.449 2.449 2.449 2.449 2.449 2.449
M = 30, at least 23 centres within rho_M = 2.3273: least T found 8.936702
(floating point and local optimisation: evidence, not a bound)
