m -0.072797  t/2 5.342081  31m+t/2 3.085374  (level 3.103305)
   M=25  M m + t/2 = 3.52216
   M=28  M m + t/2 = 3.30377
   M=29  M m + t/2 = 3.23097
   M=30  M m + t/2 = 3.15817
   M=31  M m + t/2 = 3.08537
   M=32  M m + t/2 = 3.01258
   M=35  M m + t/2 = 2.79419
   M=40  M m + t/2 = 2.43020
per-centre m - f(d): min 3.00e-05 at d=2.4495; below 1e-4 at d in [2.     2.4495]
   d=2.0000  f=-0.072827  m-f=3.00e-05  S=0.13896
   d=2.0499  f=-0.073257  m-f=4.60e-04  S=0.10476
   d=2.1000  f=-0.073507  m-f=7.10e-04  S=0.07581
   d=2.2000  f=-0.074518  m-f=1.72e-03  S=0.03339
   d=2.3000  f=-0.073572  m-f=7.75e-04  S=0.00949
   d=2.4000  f=-0.073498  m-f=7.01e-04  S=0.00061
   d=2.4495  f=-0.072827  m-f=3.00e-05  S=-0.00000
smallest pair slacks (slack, d, d', u):
   9.85e-06  2.0000 2.4495  u=-0.7697 (amax 0.6124)
   9.87e-06  2.0000 2.0000  u=-0.1203 (amax 0.5000)
   9.90e-06  2.4495 2.4495  u=0.0401 (amax 0.6667)
   1.94e-05  2.0000 2.4383  u=0.6096 (amax 0.6096)
   2.79e-05  2.0000 2.4270  u=0.6068 (amax 0.6068)
   3.07e-05  2.0000 2.0112  u=0.5028 (amax 0.5028)
   3.56e-05  2.0000 2.4158  u=0.6039 (amax 0.6039)
   4.29e-05  2.0112 2.0112  u=0.5056 (amax 0.5056)
   4.31e-05  2.0000 2.4045  u=0.6011 (amax 0.6011)
   5.07e-05  2.0000 2.3933  u=0.5983 (amax 0.5983)
   5.20e-05  2.0112 2.4270  u=0.6080 (amax 0.6080)
   5.21e-05  2.0112 2.4158  u=0.6052 (amax 0.6052)
--- slack along u for the three distance pairs (fine grid)
  (2.0000, 2.0000): local minima of the slack [(-0.8214, '9.6e-06'), (-0.4255, '9.9e-06'), (-0.1207, '9.9e-06')]; at u=amax 1.00e-05; at u=-1 1.39e-02
  (2.0000, 2.4495): local minima of the slack [(-0.7695, '9.9e-06'), (-0.4299, '1.0e-05'), (-0.0674, '9.9e-06')]; at u=amax 1.00e-05; at u=-1 8.63e-03
  (2.4495, 2.4495): local minima of the slack [(-0.5808, '1.0e-05'), (-0.4992, '1.0e-05'), (0.0411, '9.9e-06')]; at u=amax 1.00e-05; at u=-1 1.00e-05
  (2.0000, 2.2000): local minima of the slack []; at u=amax 2.61e-04; at u=-1 1.39e-02
  (2.2000, 2.2000): local minima of the slack []; at u=amax 1.00e-03; at u=-1 1.51e-02
