$ python3 facet_bounds_probe.py 60 11
trial   0  S 1.51e-04  e 7.92e-04  kind 0: worst ratios so far 0.257 0.062
trial   1  S 1.56e-04  e 5.04e-04  kind 1: worst ratios so far 0.352 0.062
trial   2  S 2.99e-04  e 2.24e-03  kind 2: worst ratios so far 0.352 0.068
trial   3  S 2.00e-04  e 3.99e-03  kind 0: worst ratios so far 0.352 0.068
trial   4  S 7.71e-04  e 2.04e-03  kind 1: worst ratios so far 0.352 0.068
trial   5  S 2.32e-03  e 8.33e-04  kind 2: worst ratios so far 0.352 0.068
trial   6  S 2.42e-04  e 1.79e-03  kind 0: worst ratios so far 0.352 0.068
trial   7  S 3.15e-04  e 4.94e-03  kind 1: worst ratios so far 0.352 0.068
trial   8  S 5.36e-04  e 2.79e-04  kind 2: worst ratios so far 0.352 0.074
trial   9  S 9.28e-04  e 5.57e-04  kind 0: worst ratios so far 0.352 0.074
trial  10  S 1.29e-04  e 1.16e-04  kind 1: worst ratios so far 0.352 0.074
trial  11  S 1.73e-03  e 1.52e-03  kind 2: worst ratios so far 0.352 0.074
trial  12  S 1.34e-03  e 6.21e-04  kind 0: worst ratios so far 0.352 0.074
trial  13  S 1.58e-03  e 1.24e-04  kind 1: worst ratios so far 0.352 0.074
trial  14  S 7.11e-04  e 4.98e-04  kind 2: worst ratios so far 0.352 0.074
trial  15  S 1.10e-03  e 3.78e-04  kind 0: worst ratios so far 0.352 0.074
trial  16  S 1.33e-04  e 2.33e-03  kind 1: worst ratios so far 0.352 0.074
trial  17  S 1.98e-04  e 8.60e-04  kind 2: worst ratios so far 0.352 0.074
trial  18  S 2.93e-04  e 2.94e-04  kind 0: worst ratios so far 0.352 0.074
trial  19  S 2.80e-04  e 3.36e-04  kind 1: worst ratios so far 0.352 0.074
trial  20  S 1.36e-03  e 1.03e-04  kind 2: worst ratios so far 0.617 0.112
trial  21  S 2.16e-03  e 1.64e-04  kind 0: worst ratios so far 0.617 0.112
trial  22  S 3.47e-04  e 1.29e-04  kind 1: worst ratios so far 0.617 0.112
trial  23  S 3.00e-04  e 1.45e-04  kind 2: worst ratios so far 0.617 0.112
trial  24  S 1.23e-04  e 2.32e-03  kind 0: worst ratios so far 0.617 0.112
trial  25  S 2.24e-03  e 5.62e-04  kind 1: worst ratios so far 0.617 0.112
trial  26  S 1.65e-03  e 3.95e-03  kind 2: worst ratios so far 0.617 0.112
trial  27  S 2.04e-04  e 7.77e-04  kind 0: worst ratios so far 0.617 0.112
trial  28  S 1.30e-03  e 3.63e-04  kind 1: worst ratios so far 0.617 0.112
trial  29  S 1.57e-04  e 1.73e-04  kind 2: worst ratios so far 0.617 0.112
trial  30  S 3.67e-04  e 3.07e-03  kind 0: worst ratios so far 0.617 0.112
trial  31  S 2.50e-04  e 3.50e-04  kind 1: worst ratios so far 0.617 0.112
trial  32  S 7.47e-04  e 1.18e-03  kind 2: worst ratios so far 0.617 0.112
trial  33  S 1.98e-04  e 4.69e-04  kind 0: worst ratios so far 0.617 0.112
trial  34  S 1.66e-03  e 3.50e-04  kind 1: worst ratios so far 0.617 0.112
trial  35  S 1.94e-03  e 2.50e-03  kind 2: worst ratios so far 0.617 0.112
trial  36  S 2.14e-03  e 3.00e-04  kind 0: worst ratios so far 0.617 0.112
trial  37  S 4.05e-04  e 6.98e-04  kind 1: worst ratios so far 0.617 0.112
trial  38  S 1.69e-03  e 1.06e-04  kind 2: worst ratios so far 0.818 0.128
trial  39  S 1.12e-03  e 3.40e-03  kind 0: worst ratios so far 0.818 0.128
trial  40  S 1.99e-04  e 1.55e-03  kind 1: worst ratios so far 0.818 0.128
trial  41  S 4.83e-04  e 8.88e-04  kind 2: worst ratios so far 0.818 0.128
trial  42  S 5.89e-04  e 3.20e-04  kind 0: worst ratios so far 0.818 0.128
trial  43  S 1.79e-04  e 2.52e-04  kind 1: worst ratios so far 0.818 0.128
trial  44  S 2.71e-04  e 2.94e-04  kind 2: worst ratios so far 0.818 0.128
trial  45  S 3.13e-04  e 2.52e-04  kind 0: worst ratios so far 0.818 0.128
trial  46  S 2.51e-03  e 2.28e-03  kind 1: worst ratios so far 0.818 0.128
trial  47  S 1.60e-03  e 5.65e-03  kind 2: worst ratios so far 0.818 0.128
trial  48  S 3.23e-04  e 5.82e-04  kind 0: worst ratios so far 0.818 0.128
trial  49  S 1.78e-04  e 1.45e-04  kind 1: worst ratios so far 0.818 0.128
trial  50  S 2.11e-03  e 1.01e-04  kind 2: worst ratios so far 0.818 0.140
trial  51  S 2.85e-04  e 1.56e-03  kind 0: worst ratios so far 0.818 0.140
trial  52  S 1.27e-03  e 1.23e-03  kind 1: worst ratios so far 0.818 0.140
trial  53  S 1.19e-03  e 3.61e-04  kind 2: worst ratios so far 0.818 0.140
trial  54  S 1.08e-04  e 2.84e-04  kind 0: worst ratios so far 0.818 0.140
trial  55  S 5.09e-04  e 1.26e-04  kind 1: worst ratios so far 0.818 0.140
trial  56  S 1.12e-03  e 1.14e-04  kind 2: worst ratios so far 0.818 0.140
trial  57  S 1.30e-03  e 1.15e-04  kind 0: worst ratios so far 0.818 0.140
trial  58  S 1.59e-04  e 7.54e-04  kind 1: worst ratios so far 0.818 0.140
trial  59  S 3.61e-04  e 1.05e-03  kind 2: worst ratios so far 0.818 0.140
1. the facet formula reproduces vol P(1) - 8 to relative 1.0e-07 (trapezoid rule, 17 nodes)
2. over 4320 facets: max (4/3 - vol G)/bound = 0.818, max |m|/bound = 0.140 (both at most 1)
