$ python3 labelled_certificate_check.py
[PASS] step 1: f_k >= 0 for k >= 1 and every F_k positive definite (exact LDL^T)
[PASS] step 1: B / 1000 = 0.0929000002 exceeds 8 - A_* in [0.092855570294, 0.092855570294]; P is symmetric (449 monomials)
[PASS] step 2: s(D) > 8 - A_* for D = 2.1648: a centre at distance above D gives T > 8 by itself
       s(D) = 0.0928820620010
[PASS] step 2: the share fr decreases in both heights: a_D / (1 - (D/2) a_D) < 2 <= tau / (R^2 - tau^2) for tau >= 1
       a_D = amax(D, D) = 0.5732294553; a_D / (1 - (D/2) a_D) = 1.5103410; 1 / (R^2 - 1) = 2
[PASS] step 2: fr(1, 1/2) < 1/22, so Gamma_i >= 0 when every inner product is at most 1/2
       fr(1, 1/2) <= 0.02371033 < 1/22 = 0.04545455
[PASS] step 2: slab constant c = 4000 r kappa > 0 for tau_1 = 0.01
       fr(1, 1/2 + tau_1) <= 0.02650437, r = 1/11 - 2 fr >= 0.03790036, kappa = s(2 + 4 tau_1)/(4 tau_1) >= 0.69636299, c >= 105.569628
  omega tabulated at 18001 angles up to u = 0.573230 (cells of width at most 1.42e-05 in u); |omega''| <= 0.401257 on [1/3, a_D]
  level  1: 0 boxes verified, 0 outside the domain, 2 to bisect, least lower bound so far -6.555e+03  [0s]
  level  2: 0 boxes verified, 0 outside the domain, 4 to bisect, least lower bound so far -6.555e+03  [0s]
  level  3: 0 boxes verified, 0 outside the domain, 8 to bisect, least lower bound so far -6.555e+03  [0s]
  level  4: 0 boxes verified, 0 outside the domain, 16 to bisect, least lower bound so far -6.555e+03  [0s]
  level  5: 0 boxes verified, 3 outside the domain, 26 to bisect, least lower bound so far -6.555e+03  [0s]
  level  6: 0 boxes verified, 7 outside the domain, 44 to bisect, least lower bound so far -6.555e+03  [1s]
  level  7: 0 boxes verified, 15 outside the domain, 72 to bisect, least lower bound so far -6.555e+03  [1s]
  level  8: 0 boxes verified, 27 outside the domain, 120 to bisect, least lower bound so far -6.555e+03  [1s]
  level  9: 0 boxes verified, 49 outside the domain, 196 to bisect, least lower bound so far -6.555e+03  [1s]
  level 10: 0 boxes verified, 77 outside the domain, 336 to bisect, least lower bound so far -6.555e+03  [1s]
  level 11: 0 boxes verified, 125 outside the domain, 576 to bisect, least lower bound so far -6.555e+03  [1s]
  level 12: 0 boxes verified, 206 outside the domain, 990 to bisect, least lower bound so far -6.555e+03  [2s]
  level 13: 25 boxes verified, 299 outside the domain, 1744 to bisect, least lower bound so far -6.555e+03  [2s]
  level 14: 64 boxes verified, 453 outside the domain, 3102 to bisect, least lower bound so far -6.555e+03  [2s]
  level 15: 222 boxes verified, 740 outside the domain, 5314 to bisect, least lower bound so far -6.555e+03  [3s]
  level 16: 835 boxes verified, 1029 outside the domain, 8824 to bisect, least lower bound so far -6.555e+03  [5s]
  level 17: 1998 boxes verified, 1530 outside the domain, 14320 to bisect, least lower bound so far -6.555e+03  [8s]
  level 18: 4083 boxes verified, 2261 outside the domain, 23008 to bisect, least lower bound so far -6.555e+03  [12s]
  level 19: 8084 boxes verified, 2952 outside the domain, 36632 to bisect, least lower bound so far -6.555e+03  [19s]
  level 20: 15514 boxes verified, 4111 outside the domain, 56086 to bisect, least lower bound so far -6.555e+03  [31s]
  level 21: 30643 boxes verified, 5672 outside the domain, 78792 to bisect, least lower bound so far -6.555e+03  [49s]
  level 22: 59853 boxes verified, 6797 outside the domain, 96914 to bisect, least lower bound so far -6.555e+03  [75s]
  level 23: 105171 boxes verified, 8238 outside the domain, 100310 to bisect, least lower bound so far -6.555e+03  [108s]
  level 24: 156937 boxes verified, 10184 outside the domain, 93196 to bisect, least lower bound so far -6.555e+03  [140s]
  level 25: 214847 boxes verified, 11008 outside the domain, 68924 to bisect, least lower bound so far -6.555e+03  [169s]
  level 26: 263904 boxes verified, 11430 outside the domain, 38890 to bisect, least lower bound so far -6.555e+03  [188s]
  level 27: 297497 boxes verified, 11659 outside the domain, 10136 to bisect, least lower bound so far -6.555e+03  [199s]
  level 28: 304472 boxes verified, 11789 outside the domain, 6062 to bisect, least lower bound so far -6.555e+03  [202s]
  level 29: 308847 boxes verified, 11889 outside the domain, 3174 to bisect, least lower bound so far -6.555e+03  [203s]
  level 30: 311164 boxes verified, 11952 outside the domain, 1588 to bisect, least lower bound so far -6.555e+03  [204s]
  level 31: 312377 boxes verified, 12063 outside the domain, 528 to bisect, least lower bound so far -6.555e+03  [205s]
  level 32: 312625 boxes verified, 12089 outside the domain, 508 to bisect, least lower bound so far -6.555e+03  [205s]
  level 33: 312804 boxes verified, 12232 outside the domain, 372 to bisect, least lower bound so far -6.555e+03  [205s]
  level 34: 312969 boxes verified, 12251 outside the domain, 376 to bisect, least lower bound so far -6.555e+03  [205s]
  level 35: 313073 boxes verified, 12270 outside the domain, 506 to bisect, least lower bound so far -6.555e+03  [205s]
  level 36: 313191 boxes verified, 12435 outside the domain, 446 to bisect, least lower bound so far -6.555e+03  [206s]
  level 37: 313275 boxes verified, 12630 outside the domain, 334 to bisect, least lower bound so far -6.555e+03  [206s]
  level 38: 313390 boxes verified, 12650 outside the domain, 398 to bisect, least lower bound so far -6.555e+03  [206s]
  level 39: 313478 boxes verified, 12658 outside the domain, 604 to bisect, least lower bound so far -6.555e+03  [206s]
  level 40: 313589 boxes verified, 12923 outside the domain, 456 to bisect, least lower bound so far -6.555e+03  [206s]
  level 41: 313669 boxes verified, 13194 outside the domain, 210 to bisect, least lower bound so far -6.555e+03  [207s]
  level 42: 313721 boxes verified, 13202 outside the domain, 300 to bisect, least lower bound so far -6.555e+03  [207s]
  level 43: 313758 boxes verified, 13391 outside the domain, 148 to bisect, least lower bound so far -6.555e+03  [207s]
  level 44: 313780 boxes verified, 13517 outside the domain, 0 to bisect, least lower bound so far -6.555e+03  [207s]
[PASS] step 3: region I, u <= v <= t <= 1/2: the inequality (cert) of thm:certificate
  II_s level  1: 0 boxes verified, 0 outside the domain, 2 to bisect  [0s]
  II_s level  2: 0 boxes verified, 0 outside the domain, 4 to bisect  [0s]
  II_s level  3: 0 boxes verified, 0 outside the domain, 8 to bisect  [0s]
  II_s level  4: 0 boxes verified, 1 outside the domain, 14 to bisect  [0s]
  II_s level  5: 0 boxes verified, 2 outside the domain, 26 to bisect  [0s]
  II_s level  6: 0 boxes verified, 6 outside the domain, 44 to bisect  [1s]
  II_s level  7: 0 boxes verified, 9 outside the domain, 82 to bisect  [1s]
  II_s level  8: 0 boxes verified, 18 outside the domain, 146 to bisect  [1s]
  II_s level  9: 0 boxes verified, 26 outside the domain, 276 to bisect  [1s]
  II_s level 10: 5 boxes verified, 43 outside the domain, 508 to bisect  [1s]
  II_s level 11: 42 boxes verified, 63 outside the domain, 902 to bisect  [1s]
  II_s level 12: 161 boxes verified, 91 outside the domain, 1510 to bisect  [2s]
  II_s level 13: 477 boxes verified, 130 outside the domain, 2310 to bisect  [2s]
  II_s level 14: 1121 boxes verified, 181 outside the domain, 3230 to bisect  [3s]
  II_s level 15: 1969 boxes verified, 240 outside the domain, 4646 to bisect  [4s]
  II_s level 16: 3528 boxes verified, 306 outside the domain, 6042 to bisect  [5s]
  II_s level 17: 5584 boxes verified, 404 outside the domain, 7776 to bisect  [6s]
  II_s level 18: 8989 boxes verified, 513 outside the domain, 8524 to bisect  [8s]
  II_s level 19: 13742 boxes verified, 659 outside the domain, 7250 to bisect  [10s]
  II_s level 20: 17491 boxes verified, 857 outside the domain, 6606 to bisect  [11s]
  II_s level 21: 21236 boxes verified, 1083 outside the domain, 5270 to bisect  [13s]
  II_s level 22: 24430 boxes verified, 1247 outside the domain, 3824 to bisect  [14s]
  II_s level 23: 27106 boxes verified, 1419 outside the domain, 1952 to bisect  [16s]
  II_s level 24: 28350 boxes verified, 1611 outside the domain, 1032 to bisect  [16s]
  II_s level 25: 28947 boxes verified, 1769 outside the domain, 554 to bisect  [17s]
  II_s level 26: 29127 boxes verified, 1832 outside the domain, 622 to bisect  [17s]
  II_s level 27: 29281 boxes verified, 2009 outside the domain, 582 to bisect  [17s]
  II_s level 28: 29424 boxes verified, 2184 outside the domain, 528 to bisect  [17s]
  II_s level 29: 29571 boxes verified, 2323 outside the domain, 484 to bisect  [18s]
  II_s level 30: 29685 boxes verified, 2373 outside the domain, 640 to bisect  [18s]
  II_s level 31: 29781 boxes verified, 2640 outside the domain, 554 to bisect  [18s]
  II_s level 32: 29879 boxes verified, 2940 outside the domain, 312 to bisect  [18s]
  II_s level 33: 29946 boxes verified, 2978 outside the domain, 414 to bisect  [18s]
  II_s level 34: 30009 boxes verified, 3218 outside the domain, 222 to bisect  [19s]
  II_s level 35: 30042 boxes verified, 3397 outside the domain, 20 to bisect  [19s]
  II_s level 36: 30051 boxes verified, 3408 outside the domain, 0 to bisect  [19s]
[PASS] step 4: region II_s, 1/2 <= t <= 0.51: Q0 + c (t - 1/2) >= 0
       30051 boxes verified, 3408 outside the domain
  Gamma tables: 256 cells of h in [1, 1.0824], fr on 1601 inner products in [1/3, a_D]  [3s]
  II_f level  1: 0 boxes verified, 0 outside the domain, 2 to bisect  [0s]
  II_f level  2: 0 boxes verified, 0 outside the domain, 4 to bisect  [0s]
  II_f level  3: 0 boxes verified, 0 outside the domain, 8 to bisect  [0s]
  II_f level  4: 0 boxes verified, 1 outside the domain, 14 to bisect  [0s]
  II_f level  5: 0 boxes verified, 2 outside the domain, 26 to bisect  [0s]
  II_f level  6: 0 boxes verified, 6 outside the domain, 44 to bisect  [1s]
  II_f level  7: 0 boxes verified, 10 outside the domain, 80 to bisect  [1s]
  II_f level  8: 0 boxes verified, 17 outside the domain, 146 to bisect  [1s]
  II_f level  9: 5 boxes verified, 24 outside the domain, 268 to bisect  [1s]
  II_f level 10: 33 boxes verified, 38 outside the domain, 452 to bisect  [1s]
  II_f level 11: 107 boxes verified, 54 outside the domain, 724 to bisect  [1s]
  II_f level 12: 269 boxes verified, 82 outside the domain, 1068 to bisect  [2s]
  II_f level 13: 605 boxes verified, 129 outside the domain, 1370 to bisect  [2s]
  II_f level 14: 1112 boxes verified, 179 outside the domain, 1626 to bisect  [3s]
  II_f level 15: 1806 boxes verified, 221 outside the domain, 1780 to bisect  [3s]
  II_f level 16: 2510 boxes verified, 302 outside the domain, 1990 to bisect  [4s]
  II_f level 17: 3447 boxes verified, 400 outside the domain, 1910 to bisect  [5s]
  II_f level 18: 4437 boxes verified, 497 outside the domain, 1646 to bisect  [5s]
  II_f level 19: 5196 boxes verified, 697 outside the domain, 1374 to bisect  [6s]
  II_f level 20: 5910 boxes verified, 943 outside the domain, 828 to bisect  [6s]
  II_f level 21: 6451 boxes verified, 1194 outside the domain, 72 to bisect  [6s]
  II_f level 22: 6482 boxes verified, 1228 outside the domain, 14 to bisect  [7s]
  II_f level 23: 6482 boxes verified, 1242 outside the domain, 0 to bisect  [7s]
[PASS] step 5: region II_f, 0.51 <= t <= a_D: Q0 + 1000 sum Gamma_i >= 0
       6482 boxes verified, 1242 outside the domain

PASS: Q >= 0 for every three centres at distances in [2, 2.1648] from c, pairwise at least 2 apart; so every centre with at most 23 other centres within sqrt 6 has vol(V_c) >= A_* + B / 1000 > 8.  [348s]
exit 0
