starts 240 (seed 1), kinds near24 / del23 / random in rotation
   # kind      n       volume  contacts     shell   feas shell distances
   0 near24   25  8.000000000        24         0    yes 
   1 del23    26  8.000000000        24         0    yes 
   3 near24   26  8.000000000        24         0    yes 
   5 random   25  8.774035109        19         0    yes 
   6 near24   26  8.000000000        24         0    yes 
   7 del23    24  8.000000000        24         0    yes 
   2 random   24  8.526397054        20         0    yes 
   9 near24   25  8.000000000        24         0    yes 
  10 del23    26  8.000000000        24         0    yes 
   4 del23    26  8.526397054        20         0    yes 
  12 near24   26  8.000000000        24         0    yes 
  13 del23    24  8.000000000        24         0    yes 
   8 random   25  8.774035109        19         0    yes 
  15 near24   26  8.000000000        24         0    yes 
  16 del23    24  8.000000000        24         0    yes 
  11 random   24  9.022069047        18         0    yes 
  18 near24   24  8.000000000        24         0    yes 
  19 del23    25  8.000000000        24         0    yes 
  17 random   25  9.022717557        18         0    yes 
  21 near24   25  8.000000000        24         0    yes 
  22 del23    25  8.000000000        24         0    yes 
  14 random   23  8.774035109        19         0    yes 
  24 near24   24  8.000000000        24         0    yes 
  23 random   26  8.774035109        19         0    yes 
  20 random   25  8.526397054        20         0    yes 
  25 del23    26  8.338022557        22         1    yes 2.4238
  28 del23    24  8.000000000        24         0    yes 
  27 near24   25  8.000000000        24         0    yes 
  30 near24   25  8.000000000        24         0    yes 
  31 del23    24  8.000000000        24         0    yes 
  26 random   22  8.526397054        20         0    yes 
  29 random   25  9.022717557        18         0    yes 
  33 near24   26  8.000000000        24         0    yes 
  34 del23    25  8.000000000        24         0    yes 
  36 near24   26  8.000000000        24         0    yes 
  37 del23    24  8.000000000        24         0    yes 
  32 random   25  9.289587477        17         0    yes 
  39 near24   26  8.000000000        24         0    yes 
  40 del23    26  8.000000000        24         0    yes 
  35 random   22  9.022717557        18         0    yes 
  42 near24   26  8.000000000        24         0    yes 
  43 del23    24  8.000000000        24         0    yes 
  38 random   25  8.526397054        20         0    yes 
  45 near24   24  8.000000000        24         0    yes 
  46 del23    24  8.000000000        24         0    yes 
  41 random   25  9.022717557        18         0    yes 
  48 near24   24  8.000000000        24         0    yes 
  47 random   25  9.289587477        17         0    yes 
  49 del23    26  8.336218986        22         1    yes 2.3986
  51 near24   24  8.000000000        24         0    yes 
  52 del23    24  8.000000000        24         0    yes 
  53 random   25  9.297473265        17         0    yes 
  54 near24   26  8.000000000        24         0    yes 
  55 del23    25  8.000000000        24         0    yes 
  50 random   22  8.774035109        19         0    yes 
  57 near24   24  8.000000000        24         0    yes 
  58 del23    26  8.000000000        24         0    yes 
  44 random   22  8.774035109        19         0    yes 
  60 near24   26  8.000000000        24         0    yes 
  56 random   24  8.774035109        19         0    yes 
  61 del23    26  8.338022557        22         1    yes 2.4238
  63 near24   25  8.000000000        24         0    yes 
  64 del23    25  8.000000000        24         0    yes 
  59 random   24  9.022069047        18         0    yes 
  66 near24   24  8.000000000        24         0    yes 
  67 del23    26  8.000000000        24         0    yes 
  62 random   24  9.022069047        18         0    yes 
  69 near24   26  8.000000000        24         0    yes 
  70 del23    26  8.000000000        24         0    yes 
  65 random   24  9.022069047        18         0    yes 
  72 near24   25  8.000000000        24         0    yes 
  71 random   23  9.566885631        16         0    yes 
  68 random   22  8.526397054        20         0    yes 
  75 near24   26  8.000000000        24         0    yes 
  76 del23    25  8.000000000        24         0    yes 
  73 del23    26  8.338022557        22         1    yes 2.4238
  78 near24   26  8.000000000        24         0    yes 
  74 random   25  9.022717557        18         0    yes 
  79 del23    24  8.000000000        24         0    yes 
  81 near24   25  8.000000000        24         0    yes 
  77 random   25  9.566616093        16         0    yes 
  82 del23    26  8.338022557        22         1    yes 2.4238
  84 near24   24  8.000000000        24         0    yes 
  85 del23    24  8.000000000        24         0    yes 
  80 random   25  9.022069047        18         0    yes 
  87 near24   25  8.000000000        24         0    yes 
  88 del23    24  8.000000000        24         0    yes 
  86 random   23  8.526397054        20         0    yes 
  89 random   25  8.774035109        19         0    yes 
  90 near24   25  8.000000000        24         0    yes 
  91 del23    25  8.000000000        24         0    yes 
  93 near24   26  8.000000000        24         0    yes 
  94 del23    25  8.000000000        24         0    yes 
  95 random   25  8.774035109        19         0    yes 
  96 near24   24  8.000000000        24         0    yes 
  92 random   26  9.022717557        18         0    yes 
  97 del23    25  8.000000000        24         0    yes 
  99 near24   24  8.000000000        24         0    yes 
 100 del23    26  8.000000000        24         0    yes 
  98 random   26  8.526397054        20         0    yes 
 102 near24   25  8.000000000        24         0    yes 
 103 del23    24  8.000000000        24         0    yes 
 101 random   24  8.526397054        20         0    yes 
 105 near24   26  8.000000000        24         0    yes 
 104 random   26 10.353483196        14         0    yes 
 106 del23    24  8.000000000        24         0    yes 
 108 near24   26  8.000000000        24         0    yes 
 109 del23    24  8.000000000        24         0    yes 
  83 random   24  8.370308609        21         0     no 
 111 near24   25  8.000000000        24         0    yes 
 112 del23    26  8.000000000        24         0    yes 
 107 random   24  9.287031082        17         0    yes 
 114 near24   26  8.000000000        24         0    yes 
 110 random   22  9.287031082        17         0    yes 
 115 del23    26  8.349139243        22         2    yes 2.5900 2.6129
 117 near24   24  8.000000000        24         0    yes 
 118 del23    25  8.000000000        24         0    yes 
 113 random   22  8.526397054        20         0    yes 
 120 near24   25  8.000000000        24         0    yes 
 121 del23    24  8.000000000        24         0    yes 
 119 random   24  8.774035109        19         0    yes 
 123 near24   24  8.000000000        24         0    yes 
 124 del23    26  8.000000000        24         0    yes 
 116 random   23  9.022069047        18         0    yes 
 126 near24   24  8.000000000        24         0    yes 
 127 del23    26  8.000000000        24         0    yes 
 125 random   25  9.057371954        18         0    yes 
 129 near24   25  8.000000000        24         0    yes 
 130 del23    24  8.000000000        24         0    yes 
 122 random   24  9.287031082        17         0    yes 
 128 random   22  9.338237877        17         0    yes 
 132 near24   26  8.000000000        24         0    yes 
 133 del23    26  8.000000000        24         0    yes 
 135 near24   25  8.000000000        24         0    yes 
 136 del23    24  8.000000000        24         0    yes 
 131 random   25  8.526397054        20         0    yes 
 138 near24   25  8.000000000        24         0    yes 
 139 del23    24  8.000000000        24         0    yes 
 134 random   23  9.022069047        18         0    yes 
 141 near24   25  8.000000000        24         0    yes 
 142 del23    26  8.000000000        24         0    yes 
 140 random   24  8.526397054        20         0    yes 
 144 near24   25  8.000000000        24         0    yes 
 145 del23    25  8.000000000        24         0    yes 
 143 random   25  9.022069047        18         0    yes 
 147 near24   24  8.000000000        24         0    yes 
 148 del23    25  8.000000000        24         0    yes 
 149 random   24  9.566885631        16         0    yes 
 146 random   24  9.022717557        18         0    yes 
 150 near24   26  8.000000000        24         0    yes 
 151 del23    24  8.000000000        24         0    yes 
 153 near24   26  8.000000000        24         0    yes 
 154 del23    25  8.000000000        24         0    yes 
 137 random   23  9.023203079         0        18    yes 2.0000 2.0000 2.0000 2.0000 2.0000 2.0000 2.0000 2.0000 2.00
 156 near24   25  8.000000000        24         0    yes 
 152 random   23  9.022717557        18         0    yes 
 157 del23    26  8.338022557        22         1    yes 2.4238
 155 random   26  8.526397054        20         0    yes 
 160 del23    26  8.000000000        24         0    yes 
 159 near24   26  8.000000000        24         0    yes 
 162 near24   24  8.000000000        24         0    yes 
 163 del23    26  8.000000000        24         0    yes 
 158 random   22  8.526397054        20         0    yes 
 161 random   24  8.774035109        19         0    yes 
 165 near24   26  8.000000000        24         0    yes 
 166 del23    25  8.000000000        24         0    yes 
 168 near24   26  8.000000000        24         0    yes 
 169 del23    26  8.000000000        24         0    yes 
 167 random   26  9.022069047        18         0    yes 
 171 near24   24  8.000000000        24         0    yes 
 172 del23    24  8.000000000        24         0    yes 
 170 random   25  8.526397054        20         0    yes 
 174 near24   24  8.000000000        24         0    yes 
 175 del23    24  8.000000000        24         0    yes 
 164 random   24  8.774212739         9        10    yes 2.0000 2.0000 2.0000 2.0000 2.0000 2.0000 2.0000 2.0000 2.00
 177 near24   24  8.000000000        24         0    yes 
 178 del23    26  8.336218986        22         1    yes 2.3986
 176 random   25  8.774035109        19         0    yes 
 180 near24   25  8.000000000        24         0    yes 
 179 random   24  9.057182350        18         0    yes 
 173 random   25  9.022717557        18         0    yes 
 183 near24   26  8.000000000        24         0    yes 
 184 del23    24  8.000000000        24         0    yes 
 181 del23    26  8.336218986        22         1    yes 2.3986
 186 near24   24  8.000000000        24         0    yes 
 187 del23    25  8.000000000        24         0    yes 
 182 random   26  9.022069047        18         0    yes 
 189 near24   26  8.000000000        24         0    yes 
 188 random   23  8.774035109        19         0    yes 
 190 del23    24  8.000000000        24         0    yes 
 192 near24   24  8.000000000        24         0    yes 
 193 del23    24  8.000000000        24         0    yes 
 185 random   25  8.526397054        20         0    yes 
 195 near24   24  8.000000000        24         0    yes 
 196 del23    24  8.000000000        24         0    yes 
 194 random   22  9.853030380        15         0    yes 
 198 near24   26  8.000000000        24         0    yes 
 191 random   24  9.297473265        17         0    yes 
 199 del23    26  8.338022557        22         1    yes 2.4238
 201 near24   25  8.000000000        24         0    yes 
 200 random   26  8.774035109        19         0    yes 
 202 del23    26  8.000000000        24         0    yes 
 204 near24   26  8.000000000        24         0    yes 
 205 del23    24  8.000000000        24         0    yes 
 197 random   25  9.022069047        18         0    yes 
 207 near24   24  8.000000000        24         0    yes 
 208 del23    24  8.000000000        24         0    yes 
 206 random   24  8.774035109        19         0    yes 
 210 near24   26  8.000000000        24         0    yes 
 211 del23    26  8.000000000        24         0    yes 
 209 random   22  9.022069047        18         0    yes 
 213 near24   26  8.000000000        24         0    yes 
 214 del23    25  8.000000000        24         0    yes 
 212 random   26  9.022069047        18         0    yes 
 216 near24   26  8.000000000        24         0    yes 
 217 del23    24  8.000000000        24         0    yes 
 215 random   25  9.022717557        18         0    yes 
 203 random   22  9.570107050         0        16    yes 2.0000 2.0000 2.0000 2.0000 2.0000 2.0000 2.0000 2.0000 2.00
 219 near24   25  8.000000000        24         0    yes 
 220 del23    26  8.000000000        24         0    yes 
 218 random   24  8.526397054        20         0    yes 
 223 del23    24  8.000000000        24         0    yes 
 221 random   24  8.526397054        20         0    yes 
 225 near24   24  8.000000000        24         0    yes 
 226 del23    25  8.000000000        24         0    yes 
 222 near24   25  8.368466687        21         1    yes 2.6147
 228 near24   24  8.000000000        24         0    yes 
 227 random   26  9.022717557        18         0    yes 
 229 del23    26  8.338022557        22         1    yes 2.4238
 231 near24   24  8.000000000        24         0    yes 
 232 del23    24  8.000000000        24         0    yes 
 230 random   23  9.289587477        17         0    yes 
 234 near24   24  8.000000000        24         0    yes 
 235 del23    26  8.000000000        24         0    yes 
 236 random   26  9.022717557        18         0    yes 
 237 near24   26  8.000000000        24         0    yes 
 238 del23    25  8.000000000        24         0    yes 
 224 random   24  8.370309826        21         0    yes 
 233 random   26  9.022717557        18         0    yes 
 239 random   24  9.022717557        18         0    yes 

feasible endpoints: 239 of 240
least volume overall: 8.000000000 (24 contacts, 0 shell neighbours)
least volume with a shell neighbour: 8.336218986 (22 contacts, 1 shell neighbours at 2.3986)
RESULT: no feasible endpoint has volume below 8 (exploration, not proof)
total time 578s
