   delta  min angle   h(delta)  cov. radius endpoints deletions  inner products of the best
 0.05000    56.6330   0.655001      49.0803        40         0  largest values [(0.55, 47), (0.549259, 1), (0.548039, 1)]   [9s]
 0.03000    57.9945   0.681028      47.0759        60         0  largest values [(0.53, 1), (0.529999, 2), (0.529887, 1)]   [66s]
 0.02000    58.6677   0.682668      46.9475        41         0  largest values [(0.52, 58), (0.518517, 1), (0.516015, 1)]   [121s]
 0.01500    59.0025   0.667885      48.0960        24         0  largest values [(0.515, 9), (0.514043, 1), (0.513657, 1)]   [192s]
 0.01000    59.3362   0.655220      49.0636        23         0  largest values [(0.51, 3), (0.509999, 2), (0.509953, 1)]   [264s]
 0.00700    59.5358   0.508968      59.4049         4         0  largest values [(0.507, 1), (0.506997, 1), (0.506962, 1)]   [305s]
 0.00500    59.6686   0.504461      59.7044         4         0  largest values [(0.505, 2), (0.504511, 1), (0.50434, 1)]   [340s]
 0.00300    59.8013   0.504484      59.7029         7         0  largest values [(0.503, 5), (0.502999, 1), (0.502991, 1)]   [375s]
 0.00200    59.8676   0.502914      59.8070         7         0  largest values [(0.502, 7), (0.501964, 1), (0.501916, 1)]   [415s]
 0.00150    59.9007   0.502197      59.8545         9         0  largest values [(0.5015, 8), (0.501499, 1), (0.501498, 1)]   [456s]
 0.00100    59.9338   0.501328      59.9121        11         0  largest values [(0.501, 2), (0.500999, 1), (0.500998, 1)]   [492s]
 0.00070    59.9537   0.501016      59.9328        12         0  largest values [(0.5007, 5), (0.500693, 1), (0.500682, 1)]   [534s]
 0.00050    59.9669   0.500869      59.9425        12         0  largest values [(0.5005, 7), (0.500497, 1), (0.500465, 1)]   [574s]
 0.00030    59.9802   0.500429      59.9716        12         0  largest values [(0.5003, 4), (0.500296, 1), (0.500295, 1)]   [611s]
 0.00020    59.9868   0.500280      59.9815        13         0  largest values [(0.5002, 7), (0.500194, 1), (0.500193, 1)]   [648s]
 0.00010    59.9934   0.500121      59.9920        13         0  largest values [(0.5001, 1), (0.500099, 1), (0.500098, 2)]   [681s]
 0.00005    59.9967   0.500071      59.9953        15         0  largest values [(0.50005, 10), (0.500049, 3), (0.500046, 1)]   [714s]
 0.00000    60.0000   0.500000      60.0000        12        12  largest values [(0.5, 88), (-0.0, 66), (-0.5, 88)]   [748s]
total time 748s
