   delta  min angle   h(delta)  cov. radius endpoints deletions  inner products of the best
 0.05000    56.6330   0.668257      48.0673        60         0  largest values [(0.55, 29), (0.549997, 1), (0.54999, 1)]   [30s]
 0.03000    57.9945   0.692131      46.2010        80         0  largest values [(0.53, 3), (0.529353, 1), (0.529285, 1)]   [161s]
 0.02000    58.6677   0.683421      46.8885        56         0  largest values [(0.52, 53), (0.519713, 1), (0.519557, 1)]   [329s]
 0.01500    59.0025   0.673135      47.6905        40         0  largest values [(0.515, 4), (0.514998, 1), (0.514812, 1)]   [671s]
 0.01000    59.3362   0.655210      49.0644        39         0  largest values [(0.51, 3), (0.509914, 1), (0.509895, 1)]   [939s]
 0.00900    59.4028   0.653786      49.1723        34         0  largest values [(0.509, 7), (0.508999, 1), (0.508998, 1)]   [1046s]
 0.00800    59.4693   0.508771      59.4180         2         0  largest values [(0.508, 4), (0.507949, 1), (0.507831, 1)]   [1113s]
 0.00700    59.5358   0.508090      59.4633         3         0  largest values [(0.507, 3), (0.506505, 1), (0.506364, 1)]   [1180s]
 0.00500    59.6686   0.505845      59.6125         6         0  largest values [(0.505, 2), (0.504969, 1), (0.504857, 1)]   [1257s]
 0.00300    59.8013   0.504041      59.7323         9         0  largest values [(0.503, 3), (0.502999, 1), (0.502982, 1)]   [1345s]
 0.00200    59.8676   0.502367      59.8433        10         0  largest values [(0.502, 5), (0.501998, 1), (0.501935, 1)]   [1435s]
 0.00150    59.9007   0.502110      59.8603        14         0  largest values [(0.5015, 6), (0.501499, 1), (0.501498, 1)]   [1526s]
 0.00100    59.9338   0.501389      59.9081        15         0  largest values [(0.501, 7), (0.500998, 2), (0.500955, 1)]   [1615s]
 0.00070    59.9537   0.501069      59.9292        15         0  largest values [(0.5007, 6), (0.500687, 1), (0.500678, 1)]   [1713s]
 0.00050    59.9669   0.500878      59.9419        16         0  largest values [(0.5005, 5), (0.500496, 1), (0.500494, 1)]   [1805s]
 0.00030    59.9802   0.500429      59.9716        18         0  largest values [(0.5003, 5), (0.500294, 1), (0.500287, 2)]   [1884s]
 0.00020    59.9868   0.500304      59.9799        19         0  largest values [(0.5002, 9), (0.500199, 1), (0.500196, 1)]   [1938s]
 0.00010    59.9934   0.500166      59.9890        22         0  largest values [(0.5001, 4), (0.500099, 2), (0.500098, 1)]   [1991s]
 0.00005    59.9967   0.500079      59.9948        26         0  largest values [(0.50005, 6), (0.500048, 1), (0.500047, 2)]   [2042s]
 0.00000    60.0000   0.500000      60.0000        19        19  largest values [(0.5, 88), (0.0, 66), (-0.5, 88)]   [2094s]
total time 2094s
