   delta  min angle   h(delta)  cov. radius endpoints deletions  inner products of the best
 0.05000    56.6330   0.676201      47.4525        80         0  largest values [(0.55, 23), (0.549999, 6), (0.549998, 1)]   [39s]
 0.03000    57.9945   0.695650      45.9209        99         0  largest values [(0.53, 4), (0.529957, 1), (0.529742, 1)]   [189s]
 0.02000    58.6677   0.686522      46.6446        62         0  largest values [(0.52, 6), (0.519999, 1), (0.519806, 1)]   [266s]
 0.01500    59.0025   0.664522      48.3543        49         0  largest values [(0.515, 1), (0.514243, 1), (0.514071, 1)]   [403s]
 0.01000    59.3362   0.657060      48.9240        42         0  largest values [(0.51, 4), (0.509906, 1), (0.509881, 1)]   [534s]
 0.00700    59.5358   0.508160      59.4587         4         0  largest values [(0.507, 5), (0.505941, 1), (0.505751, 1)]   [609s]
 0.00500    59.6686   0.505913      59.6080         5         0  largest values [(0.505, 5), (0.504993, 1), (0.504842, 1)]   [673s]
 0.00300    59.8013   0.504094      59.7287         6         0  largest values [(0.503, 3), (0.502999, 1), (0.502856, 1)]   [741s]
 0.00200    59.8676   0.502518      59.8333         9         0  largest values [(0.502, 3), (0.501713, 1), (0.501695, 1)]   [818s]
 0.00150    59.9007   0.502552      59.8310        11         0  largest values [(0.5015, 7), (0.501499, 1), (0.501441, 1)]   [897s]
 0.00100    59.9338   0.501392      59.9079        14         0  largest values [(0.501, 8), (0.500999, 2), (0.500971, 1)]   [976s]
 0.00070    59.9537   0.501123      59.9257        15         0  largest values [(0.5007, 8), (0.500699, 1), (0.500695, 1)]   [1065s]
 0.00050    59.9669   0.500653      59.9568        18         0  largest values [(0.5005, 6), (0.500499, 1), (0.500498, 1)]   [1158s]
 0.00030    59.9802   0.500480      59.9682        22         0  largest values [(0.5003, 9), (0.500293, 1), (0.500282, 1)]   [1241s]
 0.00020    59.9868   0.500378      59.9750        24         0  largest values [(0.5002, 9), (0.500198, 2), (0.500195, 1)]   [1339s]
 0.00010    59.9934   0.500202      59.9867        21         0  largest values [(0.5001, 14), (0.500099, 1), (0.500098, 1)]   [1453s]
 0.00005    59.9967   0.500081      59.9946        22         0  largest values [(0.50005, 8), (0.500049, 3), (0.500046, 1)]   [1556s]
 0.00000    60.0000   0.500000      60.0000        20        20  largest values [(0.5, 88), (0.0, 66), (-0.5, 88)]   [1660s]
total time 1660s
