$ python3 three_point_probes.py windows 12 0 0.1 3
windows: degree 12, kappa 0.0000, half-width 0.100, round 1: optimal_inaccurate; count bound 1 + 2 sigma = 24.0406, gamma = 0.0000, margin = -0.4869; worst fresh triple 2.4e-02 [141 s]
windows: degree 12, kappa 0.0000, half-width 0.100, round 2: optimal_inaccurate; count bound 1 + 2 sigma = 24.0497, gamma = 0.0000, margin = -0.5958; worst fresh triple 1.6e-03 [152 s]
windows: degree 12, kappa 0.0000, half-width 0.100, round 3: optimal_inaccurate; count bound 1 + 2 sigma = 24.0515, gamma = 0.0000, margin = -0.6185; worst fresh triple 8.4e-04 [167 s]
$ python3 three_point_probes.py windows 12 0 0.2 3
windows: degree 12, kappa 0.0000, half-width 0.200, round 1: optimal_inaccurate; count bound 1 + 2 sigma = 24.0442, gamma = 0.0000, margin = -0.5306; worst fresh triple 2.4e-02 [136 s]
windows: degree 12, kappa 0.0000, half-width 0.200, round 2: optimal_inaccurate; count bound 1 + 2 sigma = 24.0433, gamma = 0.0000, margin = -0.5191; worst fresh triple 1.5e-03 [165 s]
windows: degree 12, kappa 0.0000, half-width 0.200, round 3: optimal_inaccurate; count bound 1 + 2 sigma = 24.0520, gamma = 0.0000, margin = -0.6241; worst fresh triple 8.8e-04 [179 s]
$ python3 three_point_probes.py cap 7 0.5 4
cap: degree 7, tau 0.5000, round 1: optimal_inaccurate; least value -0.33172 (negative: 24 + 1 excluded); worst fresh triple 2.8e-04 [309 s]
cap: degree 7, tau 0.5000, round 2: optimal_inaccurate; least value -0.32353 (negative: 24 + 1 excluded); worst fresh triple 2.7e-05 [370 s]
cap: degree 7, tau 0.5000, round 3: optimal_inaccurate; least value -0.32190 (negative: 24 + 1 excluded); worst fresh triple 3.9e-05 [423 s]
cap: degree 7, tau 0.5000, round 4: optimal_inaccurate; least value -0.32043 (negative: 24 + 1 excluded); worst fresh triple 2.5e-05 [453 s]
$ python3 three_point_probes.py cap 7 0.55 4
cap: degree 7, tau 0.5500, round 1: optimal_inaccurate; least value -0.00350 (negative: 24 + 1 excluded); worst fresh triple 2.0e-05 [278 s]
cap: degree 7, tau 0.5500, round 2: optimal_inaccurate; least value -0.00306 (negative: 24 + 1 excluded); worst fresh triple 5.5e-06 [276 s]
cap: degree 7, tau 0.5500, round 3: optimal_inaccurate; least value -0.00290 (negative: 24 + 1 excluded); worst fresh triple 1.3e-06 [294 s]
cap: degree 7, tau 0.5500, round 4: optimal_inaccurate; least value -0.00285 (negative: 24 + 1 excluded); worst fresh triple 1.4e-05 [295 s]
$ python3 three_point_probes.py cap 7 0.612 4
cap: degree 7, tau 0.6120, round 1: optimal; least value 0.00000 (negative: 24 + 1 excluded); worst fresh triple 3.3e-11 [149 s]
cap: degree 7, tau 0.6120, round 2: optimal; least value 0.00000 (negative: 24 + 1 excluded); worst fresh triple 7.5e-13 [146 s]
cap: degree 7, tau 0.6120, round 3: optimal; least value 0.00000 (negative: 24 + 1 excluded); worst fresh triple 1.3e-13 [153 s]
cap: degree 7, tau 0.6120, round 4: optimal; least value 0.00000 (negative: 24 + 1 excluded); worst fresh triple 7.7e-12 [154 s]
PROBES DONE
