Active set (m=18): [0, 2, 4, 5, 6, 7, 8, 9, 10, 11, 12, 13, 16, 17, 20, 21, 22, 23]
smallest 6 eigenvalues at h=0.01: [3.9e-05, 4.5e-05, 4.6e-05, 0.000211, 0.075143, 0.075144]
Total directions to evaluate: 166 (target overdetermination vs 35 unknowns: 4.7x)
  [basis w0] coeffs=[1.0, 0.0, 0.0, 0.0] a4_est=0.02569476 F+=1.3019e-09 F-=1.2997e-09 [t=14s]
  [basis w1] coeffs=[0.0, 1.0, 0.0, 0.0] a4_est=0.02582837 F+=1.3053e-09 F-=1.3099e-09 [t=25s]
  [basis w2] coeffs=[0.0, 0.0, 1.0, 0.0] a4_est=0.02891773 F+=1.4653e-09 F-=1.4626e-09 [t=36s]
  [basis w3] coeffs=[0.0, 0.0, 0.0, 1.0] a4_est=0.31370759 F+=1.5883e-08 F-=1.5880e-08 [t=46s]
  [(w0+w1)/sqrt2] coeffs=[0.707107, 0.707107, 0.0, 0.0] a4_est=0.02891256 F+=1.4627e-09 F-=1.4647e-09 [t=58s]
  [(w0-w1)/sqrt2] coeffs=[0.707107, -0.707107, 0.0, 0.0] a4_est=0.02654258 F+=1.3440e-09 F-=1.3434e-09 [t=69s]
  [(w0+w2)/sqrt2] coeffs=[0.707107, 0.0, 0.707107, 0.0] a4_est=0.02780374 F+=1.4223e-09 F-=1.3928e-09 [t=79s]
  [(w0-w2)/sqrt2] coeffs=[0.707107, 0.0, -0.707107, 0.0] a4_est=0.02855673 F+=1.4370e-09 F-=1.4543e-09 [t=90s]
  [(w0+w3)/sqrt2] coeffs=[0.707107, 0.0, 0.0, 0.707107] a4_est=0.05994721 F+=3.0361e-09 F-=3.0336e-09 [t=101s]
  [(w0-w3)/sqrt2] coeffs=[0.707107, 0.0, 0.0, -0.707107] a4_est=0.08294538 F+=4.1979e-09 F-=4.2003e-09 [t=114s]
  [(w1+w2)/sqrt2] coeffs=[0.0, 0.707107, 0.707107, 0.0] a4_est=0.02774495 F+=1.3896e-09 F-=1.4195e-09 [t=125s]
  [(w1-w2)/sqrt2] coeffs=[0.0, 0.707107, -0.707107, 0.0] a4_est=0.02855329 F+=1.4545e-09 F-=1.4366e-09 [t=137s]
  [(w1+w3)/sqrt2] coeffs=[0.0, 0.707107, 0.0, 0.707107] a4_est=0.08306186 F+=4.2049e-09 F-=4.2052e-09 [t=148s]
  [(w1-w3)/sqrt2] coeffs=[0.0, 0.707107, 0.0, -0.707107] a4_est=0.05984759 F+=3.0280e-09 F-=3.0316e-09 [t=159s]
  [(w2+w3)/sqrt2] coeffs=[0.0, 0.0, 0.707107, 0.707107] a4_est=0.07253930 F+=3.6731e-09 F-=3.6715e-09 [t=170s]
  [(w2-w3)/sqrt2] coeffs=[0.0, 0.0, 0.707107, -0.707107] a4_est=0.07254381 F+=3.6726e-09 F-=3.6725e-09 [t=181s]
  [rand0] coeffs=[0.222636, 0.538104, 0.302359, 0.754623] a4_est=0.09753750 F+=4.9388e-09 F-=4.9369e-09 [t=192s]
  [rand1] coeffs=[-0.183574, -0.203441, 0.942549, -0.191087] a4_est=0.02448573 F+=1.2417e-09 F-=1.2375e-09 [t=203s]
  [rand2] coeffs=[-0.770424, 0.393889, -0.422965, -0.26907] a4_est=0.02603544 F+=1.3303e-09 F-=1.3057e-09 [t=213s]
  [rand3] coeffs=[0.198887, -0.263197, 0.778618, -0.533783] a4_est=0.01645109 F+=8.3607e-10 F-=8.2960e-10 [t=224s]
  [rand4] coeffs=[0.323925, -0.771582, -0.145252, -0.52786] a4_est=0.03163867 F+=1.6048e-09 F-=1.5986e-09 [t=235s]
  [rand5] coeffs=[-0.740334, 0.426822, -0.420688, -0.304551] a4_est=0.02580353 F+=1.3178e-09 F-=1.2948e-09 [t=246s]
  [rand6] coeffs=[-0.945698, 0.228156, -0.021986, -0.230472] a4_est=0.01728812 F+=8.6932e-10 F-=8.8110e-10 [t=257s]
  [rand7] coeffs=[0.18528, 0.964385, 0.188218, 0.014358] a4_est=0.02685718 F+=1.3660e-09 F-=1.3533e-09 [t=268s]
  [rand8] coeffs=[-0.452869, 0.270199, -0.099794, 0.843767] a4_est=0.15345640 F+=7.7700e-09 F-=7.7675e-09 [t=278s]
  [rand9] coeffs=[-0.266514, 0.672121, -0.209345, 0.65833] a4_est=0.05926253 F+=3.0037e-09 F-=2.9967e-09 [t=289s]
  [rand10] coeffs=[0.090179, -0.5465, -0.821234, -0.137038] a4_est=0.01953455 F+=9.9008e-10 F-=9.8780e-10 [t=300s]
  [rand11] coeffs=[0.102148, 0.786571, -0.237481, -0.560781] a4_est=0.01889615 F+=9.5422e-10 F-=9.5902e-10 [t=311s]
  [rand12] coeffs=[-0.498312, -0.105071, 0.656706, 0.556221] a4_est=0.02949655 F+=1.4965e-09 F-=1.4900e-09 [t=322s]
  [rand13] coeffs=[-0.247573, 0.793284, -0.423693, 0.360405] a4_est=0.02161972 F+=1.0968e-09 F-=1.0922e-09 [t=332s]
  [rand14] coeffs=[0.313927, 0.124131, -0.90235, -0.267967] a4_est=0.01957431 F+=9.9423e-10 F-=9.8767e-10 [t=342s]
  [rand15] coeffs=[0.312871, -0.711367, 0.396884, -0.488419] a4_est=0.02337492 F+=1.1860e-09 F-=1.1807e-09 [t=354s]
  [rand16] coeffs=[-0.256016, 0.541137, -0.578247, -0.554308] a4_est=0.03967032 F+=2.0082e-09 F-=2.0084e-09 [t=364s]
  [rand17] coeffs=[0.025828, -0.128186, 0.945588, 0.297933] a4_est=0.02503138 F+=1.2771e-09 F-=1.2573e-09 [t=375s]
  [rand18] coeffs=[-0.384257, 0.322522, -0.85803, -0.110047] a4_est=0.02844672 F+=1.4398e-09 F-=1.4404e-09 [t=386s]
  [rand19] coeffs=[-0.331042, 0.298034, -0.837058, 0.31768] a4_est=0.00717243 F+=3.6202e-10 F-=3.6419e-10 [t=395s]
  [rand20] coeffs=[0.882698, 0.362769, -0.286706, 0.083913] a4_est=0.02328158 F+=1.1704e-09 F-=1.1868e-09 [t=405s]
  [rand21] coeffs=[-0.222029, 0.540048, -0.808661, 0.071549] a4_est=0.02339234 F+=1.1929e-09 F-=1.1756e-09 [t=416s]
  [rand22] coeffs=[0.960667, 0.244874, -0.003677, -0.130926] a4_est=0.02896075 F+=1.4654e-09 F-=1.4669e-09 [t=426s]
  [rand23] coeffs=[-0.52738, -0.545949, 0.072063, -0.647006] a4_est=0.05251558 F+=2.6580e-09 F-=2.6592e-09 [t=437s]
  [rand24] coeffs=[0.162694, 0.489317, -0.383776, -0.766039] a4_est=0.09622126 F+=4.8686e-09 F-=4.8738e-09 [t=448s]
  [rand25] coeffs=[0.852362, -0.380619, 0.30195, -0.193481] a4_est=0.02449009 F+=1.2379e-09 F-=1.2417e-09 [t=459s]
  [rand26] coeffs=[0.054197, 0.664448, 0.587542, -0.458657] a4_est=0.02678606 F+=1.3480e-09 F-=1.3641e-09 [t=469s]
  [rand27] coeffs=[0.302393, -0.902868, 0.185804, -0.242621] a4_est=0.02665648 F+=1.3392e-09 F-=1.3598e-09 [t=480s]
  [rand28] coeffs=[0.363833, -0.79146, 0.490928, -0.014378] a4_est=0.02839754 F+=1.4462e-09 F-=1.4290e-09 [t=490s]
  [rand29] coeffs=[-0.093009, 0.180618, 0.962611, -0.179184] a4_est=0.02847888 F+=1.4410e-09 F-=1.4424e-09 [t=501s]
  [rand30] coeffs=[-0.610332, -0.648548, 0.021155, -0.454348] a4_est=0.02398232 F+=1.2150e-09 F-=1.2132e-09 [t=512s]
  [rand31] coeffs=[-0.098429, -0.005675, -0.635625, 0.765676] a4_est=0.09794437 F+=4.9590e-09 F-=4.9579e-09 [t=523s]
  [rand32] coeffs=[0.640574, -0.351022, 0.288487, 0.61905] a4_est=0.04595633 F+=2.3238e-09 F-=2.3293e-09 [t=534s]
  [rand33] coeffs=[0.278507, 0.294025, -0.425647, 0.809202] a4_est=0.12599354 F+=6.3794e-09 F-=6.3774e-09 [t=545s]
  [rand34] coeffs=[-0.455743, 0.220049, -0.3106, -0.804614] a4_est=0.12448215 F+=6.3029e-09 F-=6.3009e-09 [t=556s]
  [rand35] coeffs=[0.537904, -0.25172, 0.249001, 0.765045] a4_est=0.09920001 F+=5.0213e-09 F-=5.0227e-09 [t=567s]
  [rand36] coeffs=[0.569576, 0.461274, 0.678493, 0.049565] a4_est=0.02643480 F+=1.3382e-09 F-=1.3383e-09 [t=578s]
  [rand37] coeffs=[0.233492, 0.622087, 0.450691, 0.596127] a4_est=0.04061355 F+=2.0565e-09 F-=2.0556e-09 [t=588s]
  [rand38] coeffs=[0.551109, -0.726057, 0.408019, 0.051383] a4_est=0.02840557 F+=1.4456e-09 F-=1.4305e-09 [t=600s]
  [rand39] coeffs=[-0.547341, 0.426954, 0.172056, -0.698946] a4_est=0.06770788 F+=3.4264e-09 F-=3.4291e-09 [t=610s]
  [rand40] coeffs=[-0.11536, 0.899058, 0.225601, 0.35706] a4_est=0.02641320 F+=1.3286e-09 F-=1.3458e-09 [t=621s]
  [rand41] coeffs=[0.140295, -0.50948, -0.847801, 0.044504] a4_est=0.02723841 F+=1.3773e-09 F-=1.3806e-09 [t=632s]
  [rand42] coeffs=[-0.513588, -0.750741, -0.09515, 0.404428] a4_est=0.01434427 F+=7.3735e-10 F-=7.1501e-10 [t=644s]
Active set (m=18): [0, 2, 4, 5, 6, 7, 8, 9, 10, 11, 12, 13, 16, 17, 20, 21, 22, 23]
smallest 6 eigenvalues at h=0.01: [3.9e-05, 4.5e-05, 4.6e-05, 0.000211, 0.075143, 0.075144]
Total directions: 166 | already done: 59 | remaining this run: 107 (target overdetermination vs 35 unknowns: 4.7x)
  [rand43] coeffs=[0.836026, 0.056841, 0.487497, -0.245308] a4_est=0.02423861 F+=1.2227e-09 F-=1.2315e-09 [t=15s]
  [rand44] coeffs=[-0.22241, -0.698648, -0.671282, 0.10865] a4_est=0.02747720 F+=1.3944e-09 F-=1.3876e-09 [t=26s]
  [rand45] coeffs=[-0.074711, -0.408207, 0.714475, -0.563303] a4_est=0.02846478 F+=1.4400e-09 F-=1.4421e-09 [t=37s]
  [rand46] coeffs=[0.115321, -0.620759, 0.631674, -0.449831] a4_est=0.01701149 F+=8.5251e-10 F-=8.6990e-10 [t=48s]
  [rand47] coeffs=[-0.651758, -0.180245, 0.355873, -0.645041] a4_est=0.04286245 F+=2.1660e-09 F-=2.1739e-09 [t=57s]
  [rand48] coeffs=[0.163069, 0.203879, 0.63014, 0.731276] a4_est=0.08199448 F+=4.1521e-09 F-=4.1498e-09 [t=68s]
  [rand49] coeffs=[-0.402083, 0.334256, -0.637777, -0.565547] a4_est=0.04525690 F+=2.2910e-09 F-=2.2912e-09 [t=79s]
  [rand50] coeffs=[0.63138, 0.0937, 0.766539, -0.070697] a4_est=0.02572216 F+=1.3094e-09 F-=1.2950e-09 [t=90s]
  [rand51] coeffs=[0.762895, 0.168803, 0.624074, 0.005365] a4_est=0.02831658 F+=1.4368e-09 F-=1.4303e-09 [t=101s]
  [rand52] coeffs=[0.312754, 0.453553, 0.174203, -0.816167] a4_est=0.12748427 F+=6.4515e-09 F-=6.4563e-09 [t=110s]
  [rand53] coeffs=[-0.079711, 0.910929, -0.227496, -0.334813] a4_est=0.01080232 F+=5.5401e-10 F-=5.3973e-10 [t=119s]
  [rand54] coeffs=[-0.17494, -0.940888, -0.132348, 0.25809] a4_est=0.01163853 F+=5.8609e-10 F-=5.9231e-10 [t=129s]
  [rand55] coeffs=[0.359328, -0.207379, -0.824692, -0.384397] a4_est=0.00784367 F+=3.9801e-10 F-=3.9617e-10 [t=138s]
  [rand56] coeffs=[-0.713905, -0.699716, -0.02485, 0.010902] a4_est=0.02888580 F+=1.4626e-09 F-=1.4621e-09 [t=148s]
  [rand57] coeffs=[-0.154014, 0.280136, 0.648289, 0.691032] a4_est=0.05573172 F+=2.8223e-09 F-=2.8205e-09 [t=159s]
  [rand58] coeffs=[-0.686899, -0.439767, -0.571791, -0.08848] a4_est=0.02593830 F+=1.3138e-09 F-=1.3124e-09 [t=170s]
  [rand59] coeffs=[-0.260209, 0.640395, 0.569966, -0.444213] a4_est=0.03062583 F+=1.5535e-09 F-=1.5474e-09 [t=180s]
  [rand60] coeffs=[0.21273, -0.580121, -0.703993, -0.350141] a4_est=0.00755291 F+=3.8500e-10 F-=3.7974e-10 [t=190s]
  [rand61] coeffs=[-0.149478, -0.740872, -0.241212, -0.608754] a4_est=0.05036566 F+=2.5448e-09 F-=2.5547e-09 [t=201s]
  [rand62] coeffs=[-0.826419, 0.173139, 0.20768, -0.493886] a4_est=0.01578950 F+=8.0718e-10 F-=7.9150e-10 [t=212s]
  [rand63] coeffs=[0.894923, 0.382214, 0.225491, 0.046691] a4_est=0.02563110 F+=1.3005e-09 F-=1.2946e-09 [t=222s]
  [rand64] coeffs=[0.211489, -0.137789, 0.08604, -0.963786] a4_est=0.26933673 F+=1.3634e-08 F-=1.3637e-08 [t=232s]
  [rand65] coeffs=[-0.064184, 0.082903, 0.179961, 0.97807] a4_est=0.28556530 F+=1.4458e-08 F-=1.4455e-08 [t=242s]
  [rand66] coeffs=[0.366311, -0.239744, -0.840678, -0.318746] a4_est=0.00862369 F+=4.3717e-10 F-=4.3598e-10 [t=253s]
  [rand67] coeffs=[0.054295, -0.771565, 0.246695, 0.58385] a4_est=0.02606440 F+=1.3172e-09 F-=1.3218e-09 [t=264s]
  [rand68] coeffs=[0.161937, -0.635452, 0.680786, -0.326355] a4_est=0.01473998 F+=7.3612e-10 F-=7.5630e-10 [t=274s]
  [rand69] coeffs=[-0.601515, -0.448747, 0.032027, 0.660136] a4_est=0.05968697 F+=3.0222e-09 F-=3.0211e-09 [t=285s]
  [rand70] coeffs=[0.242071, 0.337194, -0.241257, -0.87721] a4_est=0.17612301 F+=8.9146e-09 F-=8.9178e-09 [t=295s]
  [rand71] coeffs=[0.27762, 0.691529, 0.352969, 0.565798] a4_est=0.03862068 F+=1.9577e-09 F-=1.9527e-09 [t=305s]
  [rand72] coeffs=[0.561869, -0.165247, -0.805661, -0.088924] a4_est=0.02359749 F+=1.1818e-09 F-=1.2075e-09 [t=316s]
  [rand73] coeffs=[-0.349265, 0.479134, 0.042353, -0.804146] a4_est=0.11942282 F+=6.0444e-09 F-=6.0472e-09 [t=327s]
  [rand74] coeffs=[-0.159801, -0.913318, -0.36769, -0.071534] a4_est=0.02887163 F+=1.4472e-09 F-=1.4760e-09 [t=338s]
  [rand75] coeffs=[-0.467912, -0.607479, -0.011418, 0.641792] a4_est=0.04514328 F+=2.2899e-09 F-=2.2809e-09 [t=349s]
  [rand76] coeffs=[-0.856197, 0.305543, -0.013795, 0.41639] a4_est=0.02679062 F+=1.3544e-09 F-=1.3582e-09 [t=359s]
  [rand77] coeffs=[-0.659903, -0.175419, 0.062442, 0.727913] a4_est=0.09134319 F+=4.6263e-09 F-=4.6222e-09 [t=370s]
  [rand78] coeffs=[-0.930703, -0.075237, 0.128643, -0.33404] a4_est=0.00640596 F+=3.2501e-10 F-=3.2359e-10 [t=379s]
  [rand79] coeffs=[0.390331, 0.399015, -0.822376, 0.110119] a4_est=0.02541066 F+=1.2859e-09 F-=1.2870e-09 [t=389s]
  [rand80] coeffs=[-0.397953, 0.142759, 0.903469, 0.070689] a4_est=0.02389242 F+=1.2069e-09 F-=1.2122e-09 [t=398s]
  [rand81] coeffs=[0.087013, -0.555077, -0.55925, 0.609554] a4_est=0.04932451 F+=2.5016e-09 F-=2.4925e-09 [t=409s]
  [rand82] coeffs=[0.38834, -0.729486, 0.531676, -0.185374] a4_est=0.02150473 F+=1.1004e-09 F-=1.0770e-09 [t=419s]
  [rand83] coeffs=[0.633014, -0.106833, -0.631511, 0.434825] a4_est=0.02596597 F+=1.3065e-09 F-=1.3226e-09 [t=429s]
  [rand84] coeffs=[0.291248, 0.774776, -0.546551, 0.127199] a4_est=0.02816096 F+=1.4211e-09 F-=1.4302e-09 [t=439s]
  [rand85] coeffs=[-0.465628, 0.581598, -0.640779, -0.1853] a4_est=0.02924013 F+=1.4737e-09 F-=1.4869e-09 [t=449s]
  [rand86] coeffs=[-0.797199, 0.376531, 0.23965, -0.406529] a4_est=0.01838937 F+=9.3474e-10 F-=9.2718e-10 [t=460s]
  [rand87] coeffs=[-0.26433, 0.763111, -0.097433, -0.581634] a4_est=0.02909521 F+=1.4751e-09 F-=1.4708e-09 [t=471s]
  [rand88] coeffs=[-0.12164, 0.462873, 0.864208, -0.155229] a4_est=0.02922626 F+=1.4843e-09 F-=1.4748e-09 [t=480s]
  [rand89] coeffs=[0.222952, -0.29034, 0.749716, 0.551291] a4_est=0.04223216 F+=2.1397e-09 F-=2.1363e-09 [t=491s]
  [rand90] coeffs=[-0.268185, 0.282655, -0.721766, -0.572046] a4_est=0.04595383 F+=2.3256e-09 F-=2.3272e-09 [t=501s]
  [rand91] coeffs=[-0.639918, -0.16183, 0.731501, 0.170945] a4_est=0.02450696 F+=1.2434e-09 F-=1.2380e-09 [t=513s]
  [rand92] coeffs=[0.590473, -0.591411, 0.408401, -0.367127] a4_est=0.01413246 F+=7.1682e-10 F-=7.1410e-10 [t=524s]
  [rand93] coeffs=[0.311043, -0.93656, 0.064469, -0.14816] a4_est=0.02829156 F+=1.4300e-09 F-=1.4345e-09 [t=533s]
  [rand94] coeffs=[-0.398688, 0.338635, -0.805254, -0.279176] a4_est=0.03005823 F+=1.5218e-09 F-=1.5216e-09 [t=543s]
  [rand95] coeffs=[-0.024581, 0.633631, -0.290411, 0.716637] a4_est=0.08297536 F+=4.2008e-09 F-=4.2005e-09 [t=554s]
  [rand96] coeffs=[0.227731, -0.874795, 0.034492, 0.426243] a4_est=0.01261965 F+=6.3969e-10 F-=6.3805e-10 [t=565s]
  [rand97] coeffs=[-0.082684, -0.008944, -0.110837, 0.990353] a4_est=0.30120160 F+=1.5250e-08 F-=1.5247e-08 [t=575s]
  [rand98] coeffs=[0.275637, 0.722582, 0.134538, -0.619515] a4_est=0.03274578 F+=1.6561e-09 F-=1.6594e-09 [t=584s]
  [rand99] coeffs=[0.034799, -0.810458, -0.271415, -0.517958] a4_est=0.03361179 F+=1.7023e-09 F-=1.7009e-09 [t=593s]
  [rand100] coeffs=[0.010689, 0.641184, -0.057628, 0.765145] a4_est=0.10930263 F+=5.5343e-09 F-=5.5326e-09 [t=604s]
  [rand101] coeffs=[-0.287504, -0.203867, 0.601951, 0.716543] a4_est=0.07516540 F+=3.8065e-09 F-=3.8039e-09 [t=614s]
  [rand102] coeffs=[-0.295109, -0.381326, 0.876038, -0.007595] a4_est=0.02709071 F+=1.3726e-09 F-=1.3704e-09 [t=622s]
  [rand103] coeffs=[0.136813, 0.987475, -0.000873, -0.078573] a4_est=0.02125655 F+=1.0763e-09 F-=1.0759e-09 [t=632s]
  [rand104] coeffs=[0.574738, 0.264661, -0.604971, -0.483364] a4_est=0.02492364 F+=1.2607e-09 F-=1.2628e-09 [t=643s]
  [rand105] coeffs=[-0.60384, 0.277079, -0.746074, 0.044476] a4_est=0.02340979 F+=1.1842e-09 F-=1.1861e-09 [t=654s]
  [rand106] coeffs=[-0.309089, -0.357384, 0.23186, -0.850283] a4_est=0.15665892 F+=7.9295e-09 F-=7.9323e-09 [t=665s]
  [rand107] coeffs=[0.10483, 0.499, -0.130199, 0.850328] a4_est=0.16213890 F+=8.2091e-09 F-=8.2074e-09 [t=676s]
  [rand108] coeffs=[-0.667004, -0.465446, 0.58168, 0.010703] a4_est=0.02749497 F+=1.3938e-09 F-=1.3900e-09 [t=687s]
  [rand109] coeffs=[0.309393, -0.728961, -0.129716, 0.596712] a4_est=0.03524823 F+=1.7879e-09 F-=1.7810e-09 [t=697s]
  [rand110] coeffs=[-0.677915, 0.407006, 0.093334, 0.605035] a4_est=0.04377618 F+=2.2174e-09 F-=2.2150e-09 [t=708s]
  [rand111] coeffs=[-0.826287, -0.488271, 0.268679, 0.081564] a4_est=0.02888089 F+=1.4773e-09 F-=1.4469e-09 [t=719s]
  [rand112] coeffs=[-0.5045, 0.456572, 0.166747, 0.713594] a4_est=0.07536936 F+=3.8159e-09 F-=3.8153e-09 [t=730s]
  [rand113] coeffs=[-0.133346, 0.603, -0.064054, -0.783905] a4_est=0.10237023 F+=5.1821e-09 F-=5.1829e-09 [t=740s]
  [rand114] coeffs=[0.511231, 0.764959, -0.336261, -0.20102] a4_est=0.02084336 F+=1.0686e-09 F-=1.0418e-09 [t=751s]
  [rand115] coeffs=[-0.013373, 0.810218, 0.359976, 0.462369] a4_est=0.02667743 F+=1.3527e-09 F-=1.3484e-09 [t=762s]
  [rand116] coeffs=[-0.357751, 0.411092, 0.607262, -0.578143] a4_est=0.04696183 F+=2.3772e-09 F-=2.3777e-09 [t=772s]
  [rand117] coeffs=[-0.226244, 0.153455, -0.904147, -0.328304] a4_est=0.02824031 F+=1.4273e-09 F-=1.4320e-09 [t=783s]
  [rand118] coeffs=[0.829781, 0.263323, 0.469912, -0.14597] a4_est=0.02753298 F+=1.3857e-09 F-=1.4020e-09 [t=794s]
  [rand119] coeffs=[-0.578498, 0.639068, 0.456334, 0.22066] a4_est=0.01821675 F+=9.2150e-10 F-=9.2295e-10 [t=804s]
  [rand120] coeffs=[0.689564, 0.466439, -0.072993, -0.549188] a4_est=0.03729667 F+=1.8864e-09 F-=1.8899e-09 [t=814s]
  [rand121] coeffs=[-0.306624, 0.459156, -0.797659, 0.242688] a4_est=0.01149327 F+=5.8432e-10 F-=5.7937e-10 [t=824s]
  [rand122] coeffs=[0.590825, -0.151857, -0.405117, 0.680989] a4_est=0.06211308 F+=3.1452e-09 F-=3.1437e-09 [t=835s]
  [rand123] coeffs=[-0.069273, -0.601736, 0.296837, 0.738243] a4_est=0.07829116 F+=3.9673e-09 F-=3.9597e-09 [t=846s]
  [rand124] coeffs=[0.631119, 0.428747, 0.311183, 0.566595] a4_est=0.02976270 F+=1.5080e-09 F-=1.5055e-09 [t=857s]
  [rand125] coeffs=[-0.077441, -0.890667, 0.320192, -0.313357] a4_est=0.02879675 F+=1.4615e-09 F-=1.4542e-09 [t=868s]
  [rand126] coeffs=[0.135037, 0.642402, -0.631376, -0.412855] a4_est=0.02044278 F+=1.0341e-09 F-=1.0358e-09 [t=879s]
  [rand127] coeffs=[-0.45124, 0.167752, 0.861161, -0.163229] a4_est=0.02916710 F+=1.4802e-09 F-=1.4729e-09 [t=889s]
  [rand128] coeffs=[0.026566, -0.205146, -0.563371, 0.799889] a4_est=0.12401682 F+=6.2774e-09 F-=6.2793e-09 [t=899s]
  [rand129] coeffs=[-0.940442, 0.333913, -0.000947, -0.063804] a4_est=0.02622029 F+=1.3246e-09 F-=1.3302e-09 [t=910s]
  [rand130] coeffs=[0.450419, -0.605626, 0.65369, 0.055042] a4_est=0.02793007 F+=1.4214e-09 F-=1.4066e-09 [t=921s]
  [rand131] coeffs=[-0.413774, -0.331086, 0.071353, 0.845033] a4_est=0.15293389 F+=7.7445e-09 F-=7.7400e-09 [t=931s]
  [rand132] coeffs=[-0.618195, -0.620329, 0.423571, -0.231549] a4_est=0.02357123 F+=1.1927e-09 F-=1.1939e-09 [t=942s]
  [rand133] coeffs=[-0.704493, -0.00037, 0.457704, 0.542398] a4_est=0.03439965 F+=1.7382e-09 F-=1.7448e-09 [t=952s]
  [rand134] coeffs=[0.196011, -0.931865, -0.13534, 0.27366] a4_est=0.01644551 F+=8.4573e-10 F-=8.1938e-10 [t=964s]
  [rand135] coeffs=[-0.814751, 0.437345, 0.279067, -0.258905] a4_est=0.02216892 F+=1.1239e-09 F-=1.1207e-09 [t=974s]
  [rand136] coeffs=[0.105797, -0.212826, 0.616929, 0.750273] a4_est=0.09765799 F+=4.9464e-09 F-=4.9415e-09 [t=984s]
  [rand137] coeffs=[0.69461, 0.399879, -0.00431, 0.597993] a4_est=0.03035203 F+=1.5400e-09 F-=1.5332e-09 [t=995s]
  [rand138] coeffs=[0.366162, -0.215726, 0.859309, -0.284561] a4_est=0.00933734 F+=4.7185e-10 F-=4.7356e-10 [t=1006s]
  [rand139] coeffs=[-0.682408, -0.177118, -0.267524, -0.656795] a4_est=0.04703232 F+=2.3854e-09 F-=2.3767e-09 [t=1017s]
  [rand140] coeffs=[-0.213322, 0.333532, -0.891996, 0.21816] a4_est=0.01446119 F+=7.2672e-10 F-=7.3747e-10 [t=1028s]
  [rand141] coeffs=[0.14026, -0.829322, -0.51962, 0.150156] a4_est=0.02794189 F+=1.4156e-09 F-=1.4135e-09 [t=1039s]
  [rand142] coeffs=[0.189122, 0.842039, 0.487056, -0.134092] a4_est=0.02551587 F+=1.3004e-09 F-=1.2831e-09 [t=1050s]
  [rand143] coeffs=[0.511866, 0.704879, -0.467611, 0.149933] a4_est=0.02724720 F+=1.3853e-09 F-=1.3735e-09 [t=1061s]
  [rand144] coeffs=[0.090929, 0.900268, -0.422042, -0.055936] a4_est=0.02565962 F+=1.2885e-09 F-=1.3096e-09 [t=1072s]
  [rand145] coeffs=[-0.157218, 0.660959, 0.733249, -0.0276] a4_est=0.02727276 F+=1.3731e-09 F-=1.3882e-09 [t=1083s]
  [rand146] coeffs=[-0.297729, 0.567123, -0.72795, 0.244577] a4_est=0.01348973 F+=6.8670e-10 F-=6.7913e-10 [t=1094s]
  [rand147] coeffs=[0.397311, 0.217359, 0.499057, 0.73881] a4_est=0.08706557 F+=4.4079e-09 F-=4.4075e-09 [t=1105s]
  [rand148] coeffs=[-0.192406, 0.580046, -0.760171, -0.220606] a4_est=0.02872694 F+=1.4650e-09 F-=1.4436e-09 [t=1116s]
  [rand149] coeffs=[0.365476, 0.390446, 0.842309, 0.067041] a4_est=0.02708427 F+=1.3722e-09 F-=1.3701e-09 [t=1126s]
DONE. Total time this run: 1126 s
Active set (m=18): [0, 2, 4, 5, 6, 7, 8, 9, 10, 11, 12, 13, 16, 17, 20, 21, 22, 23]
smallest 6 eigenvalues at h=0.01: [3.9e-05, 4.5e-05, 4.6e-05, 0.000211, 0.075143, 0.075144]
Total directions: 166 | already done: 166 | remaining this run: 0 (target overdetermination vs 35 unknowns: 4.7x)
Nothing left to do -- all directions already computed.
Active set (m=18): [0, 2, 4, 5, 6, 7, 8, 9, 10, 11, 12, 13, 16, 17, 20, 21, 22, 23]
smallest 6 eigenvalues at h=0.01: [3.9e-05, 4.5e-05, 4.6e-05, 0.000211, 0.075143, 0.075144]
Total directions: 166 | already done: 166 | remaining this run: 0 (target overdetermination vs 35 unknowns: 4.7x)
Nothing left to do -- all directions already computed.
Active set (m=18): [0, 2, 4, 5, 6, 7, 8, 9, 10, 11, 12, 13, 16, 17, 20, 21, 22, 23]
smallest 6 eigenvalues at h=0.01: [3.9e-05, 4.5e-05, 4.6e-05, 0.000211, 0.075143, 0.075144]
Total directions: 166 | already done: 166 | remaining this run: 0 (target overdetermination vs 35 unknowns: 4.7x)
Nothing left to do -- all directions already computed.
Active set (m=18): [0, 2, 4, 5, 6, 7, 8, 9, 10, 11, 12, 13, 16, 17, 20, 21, 22, 23]
smallest 6 eigenvalues at h=0.01: [3.9e-05, 4.5e-05, 4.6e-05, 0.000211, 0.075143, 0.075144]
Total directions: 166 | already done: 166 | remaining this run: 0 (target overdetermination vs 35 unknowns: 4.7x)
Nothing left to do -- all directions already computed.
Active set (m=18): [0, 2, 4, 5, 6, 7, 8, 9, 10, 11, 12, 13, 16, 17, 20, 21, 22, 23]
smallest 6 eigenvalues at h=0.01: [3.9e-05, 4.5e-05, 4.6e-05, 0.000211, 0.075143, 0.075144]
Total directions: 166 | already done: 166 | remaining this run: 0 (target overdetermination vs 35 unknowns: 4.7x)
Nothing left to do -- all directions already computed.
Active set (m=18): [0, 2, 4, 5, 6, 7, 8, 9, 10, 11, 12, 13, 16, 17, 20, 21, 22, 23]
smallest 6 eigenvalues at h=0.01: [3.9e-05, 4.5e-05, 4.6e-05, 0.000211, 0.075143, 0.075144]
Total directions: 166 | already done: 166 | remaining this run: 0 (target overdetermination vs 35 unknowns: 4.7x)
Nothing left to do -- all directions already computed.
