$ julia --project=. their_entries.jl "[2,0]" "[3,1]" ... "[10,0]"   (clean copy of the authors' package, no cache installed)
[2, 0] ws=[0, 2] 20.7s
[3, 1] ws=[1] 1.1s
[4, 0] ws=[0, 2, 4] 1.1s
[4, 2] ws=[0, 2] 2.6s
[5, 1] ws=[1, 3] 1.9s
[6, 2] ws=[0, 2, 4] 24.9s
[5, 3] ws=[1] 9.7s
[7, 1] ws=[1, 3, 5] 10.9s
[6, 4] ws=[0, 2] 257.8s
[8, 0] ws=[0, 2, 4, 6, 8] 9.2s
[9, 1] ws=[1, 3, 5, 7] 92.6s
[10, 0] ws=[0, 2, 4, 6, 8, 10] 32.4s
[8, 2] ws=[0, 2, 4, 6] 245.7s
(the next signature, [10,2], was stopped when it passed 3 GB)

$ python3 compare_entries.py cache/zonalstore/4 .../ps.txt.reduced.pkl
lambda=(10,0) k=(0,0): 6 terms, identical
lambda=(10,0) k=(10,0): 6 terms, identical
lambda=(10,0) k=(10,10): 6 terms, identical
lambda=(10,0) k=(10,2): 10 terms, identical
lambda=(10,0) k=(10,4): 12 terms, identical
lambda=(10,0) k=(10,6): 12 terms, identical
lambda=(10,0) k=(10,8): 10 terms, identical
lambda=(10,0) k=(2,0): 10 terms, identical
lambda=(10,0) k=(2,2): 26 terms, identical
lambda=(10,0) k=(4,0): 12 terms, identical
lambda=(10,0) k=(4,2): 34 terms, identical
lambda=(10,0) k=(4,4): 52 terms, identical
lambda=(10,0) k=(6,0): 12 terms, identical
lambda=(10,0) k=(6,2): 34 terms, identical
lambda=(10,0) k=(6,4): 52 terms, identical
lambda=(10,0) k=(6,6): 52 terms, identical
lambda=(10,0) k=(8,0): 10 terms, identical
lambda=(10,0) k=(8,2): 26 terms, identical
lambda=(10,0) k=(8,4): 34 terms, identical
lambda=(10,0) k=(8,6): 34 terms, identical
lambda=(10,0) k=(8,8): 26 terms, identical
lambda=(2,0) k=(0,0): 2 terms, identical
lambda=(2,0) k=(2,0): 2 terms, identical
lambda=(2,0) k=(2,2): 2 terms, identical
lambda=(3,1) k=(1,1): 6 terms, identical
lambda=(4,0) k=(0,0): 3 terms, identical
lambda=(4,0) k=(2,0): 4 terms, identical
lambda=(4,0) k=(2,2): 8 terms, identical
lambda=(4,0) k=(4,0): 3 terms, identical
lambda=(4,0) k=(4,2): 4 terms, identical
lambda=(4,0) k=(4,4): 3 terms, identical
lambda=(4,2) k=(0,0): 14 terms, identical
lambda=(4,2) k=(2,0): 14 terms, identical
lambda=(4,2) k=(2,2): 14 terms, identical
lambda=(5,1) k=(1,1): 13 terms, identical
lambda=(5,1) k=(3,1): 13 terms, identical
lambda=(5,1) k=(3,3): 13 terms, identical
lambda=(5,3) k=(1,1): 26 terms, identical
lambda=(6,2) k=(0,0): 20 terms, identical
lambda=(6,2) k=(2,0): 24 terms, identical
lambda=(6,2) k=(2,2): 33 terms, identical
lambda=(6,2) k=(4,0): 20 terms, identical
lambda=(6,2) k=(4,2): 24 terms, identical
lambda=(6,2) k=(4,4): 20 terms, identical
lambda=(6,4) k=(0,0): 52 terms, identical
lambda=(6,4) k=(2,0): 52 terms, identical
lambda=(6,4) k=(2,2): 52 terms, identical
lambda=(7,1) k=(1,1): 19 terms, identical
lambda=(7,1) k=(3,1): 20 terms, identical
lambda=(7,1) k=(3,3): 26 terms, identical
lambda=(7,1) k=(5,1): 19 terms, identical
lambda=(7,1) k=(5,3): 20 terms, identical
lambda=(7,1) k=(5,5): 19 terms, identical
lambda=(8,0) k=(0,0): 5 terms, identical
lambda=(8,0) k=(2,0): 8 terms, identical
lambda=(8,0) k=(2,2): 20 terms, identical
lambda=(8,0) k=(4,0): 9 terms, identical
lambda=(8,0) k=(4,2): 24 terms, identical
lambda=(8,0) k=(4,4): 33 terms, identical
lambda=(8,0) k=(6,0): 8 terms, identical
lambda=(8,0) k=(6,2): 20 terms, identical
lambda=(8,0) k=(6,4): 24 terms, identical
lambda=(8,0) k=(6,6): 20 terms, identical
lambda=(8,0) k=(8,0): 5 terms, identical
lambda=(8,0) k=(8,2): 8 terms, identical
lambda=(8,0) k=(8,4): 9 terms, identical
lambda=(8,0) k=(8,6): 8 terms, identical
lambda=(8,0) k=(8,8): 5 terms, identical
lambda=(8,2) k=(0,0): 26 terms, identical
lambda=(8,2) k=(2,0): 34 terms, identical
lambda=(8,2) k=(2,2): 49 terms, identical
lambda=(8,2) k=(4,0): 34 terms, identical
lambda=(8,2) k=(4,2): 49 terms, identical
lambda=(8,2) k=(4,4): 49 terms, identical
lambda=(8,2) k=(6,0): 26 terms, identical
lambda=(8,2) k=(6,2): 34 terms, identical
lambda=(8,2) k=(6,4): 34 terms, identical
lambda=(8,2) k=(6,6): 26 terms, identical
lambda=(9,1) k=(1,1): 25 terms, identical
lambda=(9,1) k=(3,1): 33 terms, identical
lambda=(9,1) k=(3,3): 51 terms, identical
lambda=(9,1) k=(5,1): 33 terms, identical
lambda=(9,1) k=(5,3): 51 terms, identical
lambda=(9,1) k=(5,5): 51 terms, identical
lambda=(9,1) k=(7,1): 25 terms, identical
lambda=(9,1) k=(7,3): 33 terms, identical
lambda=(9,1) k=(7,5): 33 terms, identical
lambda=(9,1) k=(7,7): 25 terms, identical
88 identical, 0 different
