[ Info: Preparing zonalpolmats...
[ Info: Computing the sum-of-squares parts
[ Info: Creating 4-point sos constraint...
[ Info: Sampling the 4-point sos part
[ Info: Setting up SDP...
[ Info: Finished constructing constraint 1 (1.609924179s)
[ Info: Finished constructing constraint 2 (0.042502793s)
[ Info: Finished constructing constraint 3 (0.125761072s)
[ Info: Finished constructing constraint 4 (0.357194483s)
No sampled sos for the 4-point constraint found:
File cache/sampledsos/sampled_sos4_6_-1d1_1d2.jls does not exist
Converting to an SDP...  (4.236075913s)
 iter  time(s)           μ       P-obj       D-obj        gap    P-error    p-error    d-error        α_p        α_d       beta
    1     10.8   1.000e+20   0.000e+00   1.000e+10   1.00e+00   1.00e+10   0.00e+00   1.57e+14   6.78e-01   4.73e-01   3.00e-01
    2     12.1   5.078e+19   2.194e+09   1.337e+10   7.18e-01   3.22e+09   0.00e+00   8.25e+13   5.99e-01   4.81e-01   3.00e-01
    3     12.6   3.028e+19   1.246e+09   2.066e+10   8.86e-01   1.29e+09   0.00e+00   4.28e+13   6.24e-01   4.59e-01   3.00e-01
    4     13.0   1.880e+19   8.820e+08   3.109e+10   9.45e-01   4.87e+08   0.00e+00   2.32e+13   7.17e-01   5.75e-01   3.00e-01
    5     13.5   1.036e+19   7.394e+08   6.268e+10   9.77e-01   1.38e+08   0.00e+00   9.85e+12   6.59e-01   5.60e-01   3.00e-01
    6     14.0   6.189e+18   5.143e+08   3.568e+11   9.97e-01   4.70e+07   0.00e+00   4.33e+12   5.93e-01   7.32e-01   3.00e-01
    7     14.4   2.352e+18   3.768e+08   1.234e+12   9.99e-01   1.91e+07   0.00e+00   1.16e+12   5.18e-01   4.25e-01   3.00e-01
    8     14.9   1.686e+18   1.871e+08   3.216e+12   1.00e+00   9.22e+06   0.00e+00   6.67e+11   4.01e-01   3.19e-01   3.00e-01
    9     15.4   1.347e+18   1.374e+08   6.004e+12   1.00e+00   5.52e+06   0.00e+00   4.54e+11   4.57e-01   5.71e-01   3.00e-01
   10     15.9   8.285e+17   6.512e+07   1.259e+13   1.00e+00   3.00e+06   0.00e+00   1.95e+11   5.81e-01   6.18e-01   3.00e-01
   11     16.4   4.514e+17   3.303e+07   2.105e+13   1.00e+00   1.26e+06   0.00e+00   7.44e+10   5.60e-01   3.90e-01   3.00e-01
   12     16.9   3.127e+17   1.416e+07   2.503e+13   1.00e+00   5.53e+05   0.00e+00   4.54e+10   7.00e-01   5.28e-01   3.00e-01
   13     17.4   1.776e+17   4.441e+06   3.322e+13   1.00e+00   1.66e+05   0.00e+00   2.14e+10   6.56e-01   6.62e-01   3.00e-01
   14     17.9   8.406e+16   1.274e+06   4.090e+13   1.00e+00   5.71e+04   0.00e+00   7.25e+09   5.98e-01   6.58e-01   3.00e-01
   15     18.4   4.067e+16   5.062e+05   5.004e+13   1.00e+00   2.29e+04   0.00e+00   2.48e+09   5.16e-01   6.23e-01   3.00e-01
   16     18.8   2.148e+16   2.391e+05   6.113e+13   1.00e+00   1.11e+04   0.00e+00   9.34e+08   3.99e-01   6.30e-01   3.00e-01
   17     19.3   1.162e+16   1.427e+05   7.319e+13   1.00e+00   6.67e+03   0.00e+00   3.46e+08   3.41e-01   6.41e-01   3.00e-01
   18     19.8   6.514e+15   9.396e+04   8.173e+13   1.00e+00   4.40e+03   0.00e+00   1.24e+08   3.72e-01   7.00e-01   3.00e-01
   19     20.3   3.551e+15   5.910e+04   9.009e+13   1.00e+00   2.76e+03   0.00e+00   3.73e+07   3.29e-01   6.39e-01   3.00e-01
   20     20.8   2.246e+15   3.978e+04   9.432e+13   1.00e+00   1.85e+03   0.00e+00   1.35e+07   5.57e-01   7.28e-01   3.00e-01
   21     21.2   1.104e+15   1.763e+04   1.030e+14   1.00e+00   8.20e+02   0.00e+00   3.66e+06   4.24e-01   7.46e-01   3.00e-01
   22     21.7   6.049e+14   1.018e+04   1.094e+14   1.00e+00   4.72e+02   0.00e+00   9.30e+05   4.95e-01   6.11e-01   3.00e-01
   23     22.2   3.620e+14   5.166e+03   1.159e+14   1.00e+00   2.38e+02   0.00e+00   3.62e+05   7.78e-01   7.32e-01   3.00e-01
   24     22.6   1.302e+14   1.150e+03   1.271e+14   1.00e+00   5.29e+01   0.00e+00   9.70e+04   6.00e-01   7.06e-01   3.00e-01
   25     23.1   5.945e+13   4.718e+02   1.406e+14   1.00e+00   2.11e+01   0.00e+00   2.85e+04   5.59e-01   7.29e-01   3.00e-01
   26     23.5   2.672e+13   2.201e+02   1.492e+14   1.00e+00   9.31e+00   0.00e+00   7.73e+03   4.85e-01   7.56e-01   3.00e-01
   27     24.0   1.213e+13   1.238e+02   1.460e+14   1.00e+00   4.80e+00   0.00e+00   1.89e+03   5.39e-01   7.54e-01   3.00e-01
   28     24.4   5.443e+12   6.861e+01   1.266e+14   1.00e+00   2.21e+00   0.00e+00   4.63e+02   8.91e-01   7.85e-01   3.00e-01
   29     24.9   1.835e+12   2.586e+01   9.212e+13   1.00e+00   2.40e-01   0.00e+00   9.97e+01   1.00e+00   7.88e-01   3.00e-01
   30     25.3   6.414e+11   2.028e+01   3.408e+13   1.00e+00   7.48e-20   0.00e+00   2.12e+01   1.00e+00   8.01e-01   3.00e-01
   31     25.8   2.189e+11   1.988e+01   1.095e+13   1.00e+00   1.69e-19   0.00e+00   4.20e+00   1.00e+00   8.29e-01   3.00e-01
   32     26.2   6.575e+10   1.962e+01   3.287e+12   1.00e+00   1.50e-19   0.00e+00   7.17e-01   1.00e+00   8.31e-01   3.00e-01
   33     26.7   1.955e+10   1.945e+01   9.772e+11   1.00e+00   3.67e-19   0.00e+00   1.21e-01   1.00e+00   8.32e-01   3.00e-01
   34     27.2   5.800e+09   1.933e+01   2.898e+11   1.00e+00   1.26e-18   0.00e+00   2.03e-02   1.00e+00   8.32e-01   3.00e-01
   35     27.6   1.719e+09   1.925e+01   8.585e+10   1.00e+00   7.51e-19   0.00e+00   3.42e-03   1.00e+00   8.32e-01   3.00e-01
   36     28.1   5.091e+08   1.919e+01   2.542e+10   1.00e+00   3.62e-18   0.00e+00   5.73e-04   1.00e+00   8.32e-01   3.00e-01
   37     28.6   1.507e+08   1.915e+01   7.524e+09   1.00e+00   7.70e-18   0.00e+00   9.62e-05   1.00e+00   8.32e-01   3.00e-01
   38     29.1   4.462e+07   1.913e+01   2.227e+09   1.00e+00   1.08e-17   0.00e+00   1.61e-05   1.00e+00   8.32e-01   3.00e-01
   39     29.6   1.321e+07   1.911e+01   6.590e+08   1.00e+00   6.55e-18   0.00e+00   2.71e-06   1.00e+00   8.32e-01   3.00e-01
   40     30.1   3.909e+06   1.909e+01   1.950e+08   1.00e+00   3.50e-17   0.00e+00   4.55e-07   1.00e+00   8.32e-01   3.00e-01
   41     30.7   1.157e+06   1.908e+01   5.771e+07   1.00e+00   4.77e-17   0.00e+00   7.63e-08   1.00e+00   8.32e-01   3.00e-01
   42     31.2   3.425e+05   1.908e+01   1.708e+07   1.00e+00   1.92e-17   0.00e+00   1.28e-08   1.00e+00   8.32e-01   3.00e-01
   43     31.6   1.014e+05   1.907e+01   5.055e+06   1.00e+00   1.04e-16   0.00e+00   2.15e-09   1.00e+00   8.32e-01   3.00e-01
   44     32.0   3.001e+04   1.907e+01   1.496e+06   1.00e+00   2.41e-16   0.00e+00   3.60e-10   1.00e+00   8.32e-01   3.00e-01
   45     32.5   8.882e+03   1.907e+01   4.429e+05   1.00e+00   2.41e-16   0.00e+00   6.05e-11   1.00e+00   8.32e-01   3.00e-01
   46     33.0   2.629e+03   1.907e+01   1.311e+05   1.00e+00   4.72e-16   0.00e+00   1.01e-11   1.00e+00   8.32e-01   3.00e-01
   47     33.5   7.783e+02   1.907e+01   3.882e+04   9.99e-01   1.32e-15   0.00e+00   1.70e-12   1.00e+00   8.32e-01   3.00e-01
   48     34.0   2.304e+02   1.907e+01   1.151e+04   9.97e-01   1.13e-15   0.00e+00   2.86e-13   8.32e-01   8.32e-01   3.00e-01
   49     34.5   6.506e+01   1.909e+01   3.421e+03   9.89e-01   4.30e-15   0.00e+00   4.80e-14   8.75e-01   8.75e-01   1.00e-01
   50     34.9   9.759e+00   1.916e+01   5.886e+02   9.37e-01   1.70e-15   0.00e+00   6.00e-15   8.71e-01   8.71e-01   1.00e-01
   51     35.4   1.500e+00   1.956e+01   1.142e+02   7.08e-01   9.93e-15   0.00e+00   7.73e-16   7.17e-01   7.17e-01   1.00e-01
   52     35.9   4.676e-01   2.152e+01   5.077e+01   4.05e-01   1.86e-15   0.00e+00   2.18e-16   5.79e-01   5.79e-01   1.00e-01
   53     36.4   2.103e-01   2.580e+01   3.843e+01   1.97e-01   1.23e-14   0.00e+00   9.20e-17   5.55e-01   5.55e-01   1.00e-01
   54     36.8   9.967e-02   2.821e+01   3.388e+01   9.13e-02   7.87e-15   0.00e+00   4.09e-17   6.02e-01   6.02e-01   1.00e-01
   55     37.2   4.245e-02   3.085e+01   3.304e+01   3.42e-02   4.15e-15   0.00e+00   1.63e-17   5.65e-01   5.65e-01   1.00e-01
   56     37.7   1.984e-02   3.148e+01   3.245e+01   1.51e-02   7.20e-15   0.00e+00   7.09e-18   7.09e-01   7.09e-01   1.00e-01
   57     38.2   6.528e-03   3.180e+01   3.214e+01   5.43e-03   3.27e-15   0.00e+00   2.06e-18   6.32e-01   6.32e-01   1.00e-01
   58     38.6   2.581e-03   3.192e+01   3.205e+01   2.10e-03   1.36e-14   0.00e+00   7.60e-19   6.75e-01   6.75e-01   1.00e-01
   59     39.1   9.116e-04   3.197e+01   3.202e+01   7.24e-04   9.30e-15   0.00e+00   2.47e-19   6.26e-01   6.26e-01   1.00e-01
   60     39.5   3.678e-04   3.199e+01   3.201e+01   2.86e-04   1.08e-14   0.00e+00   9.22e-20   6.75e-01   6.75e-01   1.00e-01
   61     40.0   1.306e-04   3.200e+01   3.200e+01   1.01e-04   5.24e-15   0.00e+00   3.00e-20   5.69e-01   5.69e-01   1.00e-01
   62     40.4   6.027e-05   3.200e+01   3.200e+01   4.53e-05   1.35e-14   0.00e+00   1.29e-20   6.80e-01   6.80e-01   1.00e-01
   63     40.9   2.120e-05   3.200e+01   3.200e+01   1.61e-05   9.99e-15   0.00e+00   4.15e-21   5.83e-01   5.83e-01   1.00e-01
   64     41.4   9.460e-06   3.200e+01   3.200e+01   6.95e-06   1.87e-14   0.00e+00   1.73e-21   6.91e-01   6.91e-01   1.00e-01
   65     41.9   3.217e-06   3.200e+01   3.200e+01   2.41e-06   1.28e-14   0.00e+00   5.34e-22   6.42e-01   6.42e-01   1.00e-01
   66     42.4   1.245e-06   3.200e+01   3.200e+01   9.07e-07   9.60e-15   0.00e+00   1.91e-22   6.81e-01   6.81e-01   1.00e-01
   67     42.9   4.348e-07   3.200e+01   3.200e+01   3.22e-07   1.26e-14   0.00e+00   6.09e-23   6.78e-01   6.78e-01   1.00e-01
   68     43.3   1.523e-07   3.200e+01   3.200e+01   1.11e-07   4.59e-14   0.00e+00   1.96e-23   6.65e-01   6.65e-01   1.00e-01
   69     43.8   5.566e-08   3.200e+01   3.200e+01   4.07e-08   2.90e-14   0.00e+00   6.57e-24   6.51e-01   6.51e-01   1.00e-01
   70     44.3   2.102e-08   3.200e+01   3.200e+01   1.50e-08   3.44e-14   0.00e+00   2.29e-24   6.60e-01   6.60e-01   1.00e-01
   71     44.7   7.787e-09   3.200e+01   3.200e+01   5.70e-09   1.67e-14   0.00e+00   7.79e-25   6.24e-01   6.24e-01   1.00e-01
   72     45.2   3.149e-09   3.200e+01   3.200e+01   2.21e-09   1.99e-14   0.00e+00   2.93e-25   6.67e-01   6.67e-01   1.00e-01
   73     45.6   1.150e-09   3.200e+01   3.200e+01   8.44e-10   4.16e-14   0.00e+00   9.76e-26   6.37e-01   6.37e-01   1.00e-01
   74     46.0   4.488e-10   3.200e+01   3.200e+01   3.14e-10   3.82e-14   0.00e+00   3.54e-26   6.68e-01   6.68e-01   1.00e-01
   75     46.5   1.634e-10   3.200e+01   3.200e+01   1.19e-10   1.31e-14   0.00e+00   1.18e-26   6.45e-01   6.45e-01   1.00e-01
   76     47.0   6.259e-11   3.200e+01   3.200e+01   4.37e-11   2.37e-14   0.00e+00   4.18e-27   6.61e-01   6.61e-01   1.00e-01
   77     47.4   2.323e-11   3.200e+01   3.200e+01   1.70e-11   1.53e-13   0.00e+00   1.42e-27   6.31e-01   6.31e-01   1.00e-01
   78     47.9   9.219e-12   3.200e+01   3.200e+01   6.44e-12   4.99e-14   0.00e+00   5.23e-28   6.67e-01   6.67e-01   1.00e-01
   79     48.4   3.363e-12   3.200e+01   3.200e+01   2.47e-12   5.35e-14   0.00e+00   1.74e-28   6.42e-01   6.42e-01   1.00e-01
Optimal solution found
 48.375512 seconds (21.26 M allocations: 1.924 GiB, 43.70% gc time, 22.65% compilation time)
 iter  time(s)           μ       P-obj       D-obj        gap    P-error    p-error    d-error        α_p        α_d       beta
Primal objective:31.99999999996225841272107537684649140485
Dual objective:32.00000000002095701942183172238049032188
Duality gap:9.171657296995584338191446780916761730363e-13
RESULT d1=4 delta=6 s=0//1 prec=128
elapsed 100.11832308769226
