1790455538 602964
1790455598 2324244
1790455658 4363160
1790455718 7238636
1790455778 7076036
1790455838 9323664
1790455898 9791592
1790455958 8918068
1790456018 10249696
1790456078 11574416
1790456138 11765052
1790456198 10505880
1790456258 11126000
1790456318 11057796
1790456378 11115104
1790456438 11157172
1790456498 11185056
1790456558 11163852
1790456618 11245492
1790456678 11150436
1790456738 11148944
1790456798 11234068
1790456858 11255940
1790456918 11172576
1790456978 11190380
1790457038 11235660
1790457098 11250652
1790457158 11171596
1790457218 11185592
1790457278 11224688
1790457338 11246792
1790457398 11161376
1790457458 11192452
1790457518 11209228
1790457578 11247656
1790457638 11148996
1790457698 11186948
1790457758 11238900
1790457818 11102120
1790457878 11147640
1790457938 11197548
1790457998 11226888
1790458058 11156960
1790458118 11156172
1790458178 11241384
1790458238 11243488
1790458298 11196256
1790458358 11186056
1790458418 11199664
1790458478 11103844
1790458538 11154084
1790458598 11219184
1790458659 11269196
1790458719 11148688
1790458779 11207568
1790458839 11233988
1790458899 11246584
1790458959 11158108
1790459019 11198576
1790459079 11266792
1790459139 11159236
1790459199 11158756
1790459259 11244944
1790459319 11272884
1790459379 11203384
1790459439 11176500
1790459499 11225092
1790459559 11160132
1790459619 11159788
1790459679 11261888
1790459739 11281512
1790459799 11165492
1790459859 11210556
1790459919 11225232
1790459979 11279720
1790460039 11159964
1790460099 11231456
1790460159 11237320
1790460219 11151344
1790460279 11163560
1790460339 11247516
1790460399 11273372
1790460459 11205824
1790460519 11177692
1790460579 11225736
1790460639 11162084
1790460699 11160912
1790460759 11247240
1790460819 11283132
1790460879 11168472
1790460939 11212344
1790460999 11256464
1790461059 11276460
1790461119 11160908
1790461179 11231656
1790461239 11267416
1790461299 11162692
1790461359 11161152
1790461419 11245904
1790461479 11271816
1790461539 11205384
1790461599 11179200
1790461659 11225952
1790461719 11161588
1790461779 11161264
1790461839 11246048
1790461899 11271308
1790461959 11201060
1790462019 11212644
1790462079 11233964
1790462139 11108092
1790462199 11161668
1790462259 11215400
1790462319 11287616
1790462379 11153492
1790462439 11212408
1790462499 11226392
1790462559 11280788
1790462619 11161536
1790462679 11215492
1790462739 11282468
1790462799 11169716
1790462859 11212544
1790462919 11234524
1790462979 11108560
1790463039 11162004
1790463099 11223780
1790463159 11282808
1790463219 11201712
1790463279 11212992
1790463339 11226316
1790463399 11162700
1790463459 11162012
1790463519 11247000
1790463579 11283580
1790463639 11162196
1790463699 11196308
1790463759 11260792
1790463819 11161504
1790463879 11162280
1790463939 11246560
1790463999 11271972
1790464059 11164516
1790464119 11234640
1790464179 11269876
1790464239 11162140
1790464299 11164448
1790464359 11241324
1790464419 11273988
1790464479 11163868
1790464539 11234200
1790464599 11240164
1790464659 11151996
1790464720 11217600
1790464780 11258536
1790464840 11283696
1790464900 11156268
1790464960 11189472
1790465020 11215504
1790465080 11282492
1790465140 11162724
1790465200 11221800
1790465260 11238008
1790465320 11155860
1790465380 11158216
1790465440 11231728
1790465500 11276040
1790465560 11169136
1790465620 11215404
1790465680 11228952
1790465740 11110348
1790465800 11164472
1790465860 11259320
1790465920 11291572
1790465980 11187140
1790466040 11181332
1790466100 11252976
1790466160 11163864
1790466220 11163832
1790466280 11247752
1790466340 11274176
1790466400 11208740
1790466460 11189100
1790466520 11269508
1790466580 11165648
1790466640 11164472
1790466700 11213832
1790466760 11286272
1790466820 11164172
1790466880 11233816
1790466940 11251424
1790467000 11156776
1790467060 11230860
1790467120 11237196
1790467180 11284040
1790467240 11163380
1790467300 11232064
1790467360 11272988
1790467420 11152840
1790467480 11215076
1790467540 11236188
1790467600 11292384
1790467660 11161808
1790467720 11221564
1790467780 11262304
1790467840 11152908
1790467900 11215080
1790467960 11228488
1790468020 11110348
1790468080 11164308
1790468140 11248772
1790468200 11276236
1790468260 11212044
1790468320 11202092
1790468380 11269396
1790468440 11152908
1790468500 11214904
1790468560 11228332
1790468620 11110416
1790468680 11163988
1790468740 11247964
1790468800 11274156
1790468860 11163904
1790468920 11234344
1790468980 11272452
1790469040 11152916
1790469100 11214988
1790469160 11228400
1790469220 11162348
1790469280 11164148
1790469340 11249608
1790469400 11263636
