Script started on 2026-09-26 20:45:33+00:00 [COMMAND="timeout 36000 julia --project=. -t 4 fast_las2.jl 10 12 96 1e3 B_results.txt 0" <not executed on terminal>]
[ Info: Preparing zonalpolmats...
[ Info: Computing the sum-of-squares parts
[ Info: Setting up SDP...
[ Info: Finished constructing constraint 1 (1.38484886s)
[ Info: Finished constructing constraint 2 (1.657711157s)
[ Info: Finished constructing constraint 3 (42.155638568s)
[ Info: Finished constructing constraint 4 (422.227585998s)
Converting to an SDP...  (134.405647247s)
 iter  time(s)           μ       P-obj       D-obj        gap    P-error    p-error    d-error        α_p        α_d       beta
    1    206.3   1.000e+06   0.000e+00   1.000e+03   1.00e+00   1.00e+03   0.00e+00   2.22e+13   7.34e-01   4.93e-01   3.00e-01
    2    410.9   3.967e+05   2.439e+01   1.300e+03   9.63e-01   2.66e+02   0.00e+00   1.12e+13   6.57e-01   2.99e-01   3.00e-01
    3    625.0   2.133e+05   1.762e+01   1.569e+03   9.78e-01   9.12e+01   0.00e+00   7.87e+12   5.61e-01   5.65e-01   3.00e-01
    4    859.5   1.249e+05   1.069e+01   2.361e+03   9.91e-01   4.00e+01   0.00e+00   3.43e+12   2.46e-01   4.31e-01   3.00e-01
    5   1100.2   1.066e+05   7.387e+00   3.118e+03   9.95e-01   3.02e+01   0.00e+00   1.95e+12   3.75e-01   5.55e-01   3.00e-01
    6   1330.6   8.426e+04   5.027e+00   4.161e+03   9.98e-01   1.88e+01   0.00e+00   8.69e+11   3.71e-01   2.72e-01   3.00e-01
    7   1557.3   6.344e+04   3.476e+00   4.751e+03   9.99e-01   1.18e+01   0.00e+00   6.33e+11   2.07e-01   1.85e-01   3.00e-01
    8   1787.1   5.647e+04   3.673e+00   5.168e+03   9.99e-01   9.40e+00   0.00e+00   5.16e+11   4.95e-01   3.85e-01   3.00e-01
    9   2004.2   3.651e+04   2.317e+00   6.064e+03   9.99e-01   4.75e+00   0.00e+00   3.18e+11   2.97e-01   3.20e-01   3.00e-01
   10   2219.7   3.038e+04   1.928e+00   6.588e+03   9.99e-01   3.34e+00   0.00e+00   2.16e+11   3.19e-01   2.43e-01   3.00e-01
   11   2434.9   2.431e+04   1.581e+00   6.892e+03   1.00e+00   2.28e+00   0.00e+00   1.64e+11   1.79e-01   2.18e-01   3.00e-01
   12   2651.4   2.227e+04   1.538e+00   7.024e+03   1.00e+00   1.87e+00   0.00e+00   1.28e+11   1.15e-01   9.34e-02   3.00e-01
   13   2869.0   2.101e+04   1.622e+00   7.066e+03   1.00e+00   1.65e+00   0.00e+00   1.16e+11   1.92e-01   2.60e-01   3.00e-01
   14   3079.3   1.909e+04   1.635e+00   7.101e+03   1.00e+00   1.34e+00   0.00e+00   8.59e+10   3.34e-01   2.55e-01   3.00e-01
   15   3294.4   1.505e+04   1.299e+00   6.924e+03   1.00e+00   8.90e-01   0.00e+00   6.40e+10   1.07e-01   1.40e-01   3.00e-01
   16   3510.1   1.430e+04   1.453e+00   6.738e+03   1.00e+00   7.95e-01   0.00e+00   5.50e+10   3.84e-01   2.46e-01   3.00e-01
   17   3725.7   1.091e+04   1.611e+00   6.341e+03   9.99e-01   4.89e-01   0.00e+00   4.15e+10   7.98e-02   1.37e-01   3.00e-01
   18   3943.7   1.053e+04   1.661e+00   6.020e+03   9.99e-01   4.50e-01   0.00e+00   3.58e+10   1.51e-01   1.48e-01   3.00e-01
   19   4161.4   9.750e+03   1.755e+00   5.700e+03   9.99e-01   3.82e-01   0.00e+00   3.05e+10   1.54e-01   1.51e-01   3.00e-01
   20   4374.5   9.014e+03   1.986e+00   5.401e+03   9.99e-01   3.23e-01   0.00e+00   2.59e+10   2.50e-01   1.99e-01   3.00e-01
   21   4593.4   7.813e+03   2.250e+00   4.979e+03   9.99e-01   2.43e-01   0.00e+00   2.08e+10   1.96e-01   1.51e-01   3.00e-01
   22   4809.1   6.967e+03   2.087e+00   4.599e+03   9.99e-01   1.95e-01   0.00e+00   1.76e+10   2.18e-01   7.10e-02   3.00e-01
   23   5026.2   6.984e+03   3.123e+00   4.502e+03   9.99e-01   1.53e-01   0.00e+00   1.64e+10   3.75e-01   2.20e-01   3.00e-01
   24   5239.9   5.862e+03   3.830e+00   4.129e+03   9.98e-01   9.53e-02   0.00e+00   1.28e+10   3.43e-01   3.92e-01   3.00e-01
   25   5452.6   4.481e+03   4.636e+00   3.502e+03   9.97e-01   6.27e-02   0.00e+00   7.77e+09   3.64e-01   3.41e-01   3.00e-01
   26   5664.3   3.533e+03   5.605e+00   3.035e+03   9.96e-01   3.99e-02   0.00e+00   5.13e+09   2.02e-01   2.14e-01   3.00e-01
   27   5880.7   3.131e+03   6.507e+00   2.856e+03   9.95e-01   3.18e-02   0.00e+00   4.03e+09   3.39e-01   2.74e-01   3.00e-01
   28   6095.3   2.655e+03   8.123e+00   2.730e+03   9.94e-01   2.10e-02   0.00e+00   2.92e+09   3.50e-01   2.58e-01   3.00e-01
   29   6307.1   2.303e+03   1.003e+01   3.112e+03   9.94e-01   1.37e-02   0.00e+00   2.17e+09   3.60e-01   2.32e-01   3.00e-01
   30   6514.1   2.066e+03   1.192e+01   3.522e+03   9.93e-01   8.74e-03   0.00e+00   1.67e+09   5.03e-01   2.61e-01   3.00e-01
   31   6720.4   1.884e+03   1.538e+01   5.027e+03   9.94e-01   4.34e-03   0.00e+00   1.23e+09   3.01e-01   2.58e-01   3.00e-01
   32   6929.9   1.638e+03   1.799e+01   1.528e+04   9.98e-01   3.04e-03   0.00e+00   9.13e+08   4.00e-01   7.42e-02   3.00e-01
   33   7134.1   1.663e+03   1.952e+01   6.416e+04   9.99e-01   1.82e-03   0.00e+00   8.46e+08   2.78e-01   3.70e-01   3.00e-01
   34   7339.9   1.277e+03   2.108e+01   2.211e+05   1.00e+00   1.32e-03   0.00e+00   5.32e+08   5.82e-01   3.93e-01   3.00e-01
   35   7548.7   9.388e+02   2.143e+01   3.350e+05   1.00e+00   5.50e-04   0.00e+00   3.23e+08   4.63e-01   4.01e-01   3.00e-01
   36   7756.6   6.811e+02   2.185e+01   3.378e+05   1.00e+00   2.96e-04   0.00e+00   1.93e+08   8.99e-01   6.46e-01   3.00e-01
   37   7965.8   3.709e+02   2.240e+01   2.902e+05   1.00e+00   2.98e-05   0.00e+00   6.84e+07   1.00e+00   6.82e-01   3.00e-01
   38   8174.6   1.933e+02   2.270e+01   1.922e+05   1.00e+00   2.04e-14   0.00e+00   2.18e+07   1.00e+00   7.40e-01   3.00e-01
   39   8383.2   9.238e+01   2.287e+01   1.078e+05   1.00e+00   1.06e-14   0.00e+00   5.66e+06   1.00e+00   7.07e-01   3.00e-01
   40   8589.4   4.654e+01   2.295e+01   5.864e+04   9.99e-01   1.62e-14   0.00e+00   1.66e+06   1.00e+00   7.00e-01   3.00e-01
   41   8824.0   2.372e+01   2.298e+01   3.133e+04   9.99e-01   2.47e-14   0.00e+00   4.97e+05   1.00e+00   7.04e-01   3.00e-01
   42   9055.2   1.202e+01   2.299e+01   1.636e+04   9.97e-01   8.61e-15   0.00e+00   1.47e+05   1.00e+00   7.03e-01   3.00e-01
   43   9271.8   6.095e+00   2.300e+01   8.453e+03   9.95e-01   7.81e-15   0.00e+00   4.38e+04   1.00e+00   7.29e-01   3.00e-01
   44   9481.7   2.979e+00   2.300e+01   4.193e+03   9.89e-01   1.33e-14   0.00e+00   1.19e+04   1.00e+00   7.22e-01   3.00e-01
   45   9686.3   1.471e+00   2.301e+01   2.097e+03   9.78e-01   1.06e-14   0.00e+00   3.30e+03   1.00e+00   7.21e-01   3.00e-01
   46   9892.3   7.278e-01   2.302e+01   1.054e+03   9.57e-01   7.72e-15   0.00e+00   9.22e+02   1.00e+00   7.34e-01   3.00e-01
   47  10100.8   3.533e-01   2.304e+01   5.261e+02   9.16e-01   1.30e-14   0.00e+00   2.45e+02   1.00e+00   7.64e-01   3.00e-01
   48  10307.9   1.642e-01   2.307e+01   2.579e+02   8.36e-01   5.71e-15   0.00e+00   5.79e+01   1.00e+00   8.31e-01   3.00e-01
   49  10515.2   6.853e-02   2.315e+01   1.216e+02   6.80e-01   1.05e-14   0.00e+00   9.76e+00   1.00e+00   1.00e+00   3.00e-01
   50  10722.1   2.053e-02   2.335e+01   5.298e+01   3.88e-01   1.68e-14   0.00e+00   6.42e-18   8.71e-01   8.71e-01   3.00e-01
   51  10928.1   8.009e-03   2.379e+01   3.535e+01   1.96e-01   2.14e-14   0.00e+00   6.99e-18   5.98e-01   5.98e-01   1.00e-01
   52  11138.7   3.696e-03   2.429e+01   2.963e+01   9.90e-02   2.19e-14   0.00e+00   6.22e-18   6.03e-01   6.03e-01   1.00e-01
   53  11346.1   1.692e-03   2.463e+01   2.707e+01   4.73e-02   3.83e-14   0.00e+00   3.37e-18   6.11e-01   6.11e-01   1.00e-01
   54  11557.2   7.612e-04   2.481e+01   2.591e+01   2.17e-02   1.69e-14   0.00e+00   3.70e-18   6.69e-01   6.69e-01   1.00e-01
   55  11762.3   3.028e-04   2.489e+01   2.533e+01   8.71e-03   2.48e-14   0.00e+00   4.13e-18   6.81e-01   6.81e-01   1.00e-01
   56  11964.6   1.171e-04   2.492e+01   2.509e+01   3.38e-03   4.00e-14   0.00e+00   1.66e-18   8.53e-01   8.53e-01   1.00e-01
   57  12165.0   2.725e-05   2.494e+01   2.498e+01   7.88e-04   2.81e-14   0.00e+00   3.43e-18   8.71e-01   8.71e-01   1.00e-01
   58  12363.1   5.892e-06   2.494e+01   2.495e+01   1.71e-04   1.38e-14   0.00e+00   4.87e-18   9.12e-01   9.12e-01   1.00e-01
   59  12561.9   1.057e-06   2.494e+01   2.494e+01   3.06e-05   2.01e-14   0.00e+00   9.84e-18   9.49e-01   9.49e-01   1.00e-01
   60  12759.7   1.542e-07   2.494e+01   2.494e+01   4.46e-06   1.36e-14   0.00e+00   1.24e-17   9.73e-01   9.73e-01   1.00e-01
   61  12956.8   1.919e-08   2.494e+01   2.494e+01   5.55e-07   1.50e-14   0.00e+00   2.20e-17   9.65e-01   9.65e-01   1.00e-01
   62  13152.4   2.531e-09   2.494e+01   2.494e+01   7.33e-08   1.37e-14   0.00e+00   2.88e-17   9.82e-01   9.82e-01   1.00e-01
Optimal solution found
13152.367460 seconds (1.44 G allocations: 260.493 GiB, 1.45% gc time, 0.31% compilation time)
 iter  time(s)           μ       P-obj       D-obj        gap    P-error    p-error    d-error        α_p        α_d       beta
Primal objective:24.9423169046579998126254942389
Dual objective:24.9423173304648436762800520476
Duality gap:8.53583173240652681429861802862e-09
Script done on 2026-09-27 00:36:50+00:00 [COMMAND_EXIT_CODE="0"]
