[ Info: Preparing zonalpolmats...
[ Info: Computing the sum-of-squares parts
[ Info: Setting up SDP...
[ Info: Finished constructing constraint 1 (1.530098775s)
[ Info: Finished constructing constraint 2 (0.040328402s)
[ Info: Finished constructing constraint 3 (0.162767374s)
[ Info: Finished constructing constraint 4 (0.434245185s)
 iter  time(s)           μ       P-obj       D-obj        gap    P-error    p-error    d-error        α_p        α_d       beta
    1     11.3   1.000e+06   0.000e+00   0.000e+00   0.00e+00   1.00e+03   1.00e+00   1.57e+07   6.94e-01   4.47e-01   3.00e-01
    2     12.3   5.031e+05   3.638e+04  -3.050e+03   1.18e+00   3.06e+02   3.06e-01   8.66e+06   5.94e-01   4.97e-01   3.00e-01
    3     12.9   2.992e+05   4.980e+04  -8.799e+03   1.43e+00   1.24e+02   1.24e-01   4.36e+06   6.22e-01   4.71e-01   3.00e-01
    4     13.4   1.842e+05   5.729e+04  -1.155e+04   1.51e+00   4.70e+01   4.70e-02   2.30e+06   7.87e-01   5.47e-01   3.00e-01
    5     13.9   1.059e+05   5.765e+04  -8.649e+03   1.35e+00   1.00e+01   1.00e-02   1.04e+06   9.34e-01   6.86e-01   3.00e-01
    6     14.5   4.970e+04   4.439e+04  -7.540e+03   1.41e+00   6.65e-01   6.65e-04   3.28e+05   1.00e+00   7.63e-01   3.00e-01
    7     14.9   1.885e+04   1.967e+04  -1.769e+04   1.89e+01   2.33e-21   4.37e-27   7.77e+04   1.00e+00   7.94e-01   3.00e-01
    8     15.4   6.223e+03   6.674e+03  -9.226e+03   6.23e+00   1.70e-21   2.41e-27   1.60e+04   1.00e+00   8.61e-01   3.00e-01
    9     15.9   1.398e+03   2.940e+03  -3.073e+03   4.51e+01   1.25e-21   8.84e-28   2.22e+03   1.00e+00   8.43e-01   3.00e-01
   10     16.4   3.558e+02   1.423e+03  -7.838e+02   3.45e+00   4.24e-21   9.34e-28   3.47e+02   8.93e-01   8.16e-01   3.00e-01
   11     16.9   1.020e+02   6.111e+02  -2.053e+02   2.01e+00   6.11e-21   5.55e-28   6.40e+01   8.42e-01   7.16e-01   3.00e-01
   12     17.4   4.389e+01   3.310e+02  -9.063e+01   1.75e+00   8.96e-21   1.26e-29   1.82e+01   1.00e+00   7.28e-01   3.00e-01
   13     17.9   1.927e+01   2.293e+02  -6.114e+01   1.73e+00   2.37e-20   7.07e-28   4.93e+00   1.00e+00   6.60e-01   3.00e-01
   14     18.4   1.039e+01   1.913e+02  -6.365e+01   2.00e+00   3.98e-20   1.31e-27   1.67e+00   1.00e+00   7.63e-01   3.00e-01
   15     18.9   4.234e+00   1.452e+02  -5.406e+01   2.19e+00   3.00e-20   7.32e-28   3.96e-01   8.09e-01   7.29e-01   3.00e-01
   16     19.4   1.780e+00   6.653e+01  -3.602e+01   3.36e+00   9.79e-20   7.57e-29   1.07e-01   6.27e-01   5.67e-01   3.00e-01
   17     19.9   1.039e+00   3.661e+01  -2.721e+01   6.79e+00   1.55e-19   2.52e-28   4.65e-02   5.11e-01   6.23e-01   3.00e-01
   18     20.4   5.622e-01   2.026e+01  -1.935e+01   3.96e+01   1.47e-19   8.20e-28   1.76e-02   4.75e-01   6.80e-01   3.00e-01
   19     20.9   2.758e-01   8.746e+00  -1.253e+01   5.62e+00   3.15e-19   2.02e-28   5.61e-03   7.76e-01   4.43e-01   3.00e-01
   20     21.4   1.958e-01   4.938e+00  -7.926e+00   4.30e+00   4.84e-19   3.53e-28   3.13e-03   1.00e+00   7.26e-01   3.00e-01
   21     21.9   8.549e-02   3.327e+00  -1.606e+00   2.87e+00   9.03e-19   5.05e-29   8.56e-04   9.47e-01   6.85e-01   3.00e-01
   22     22.4   4.138e-02   2.540e+00   4.292e-01   7.11e-01   9.54e-19   0.00e+00   2.70e-04   1.00e+00   7.35e-01   3.00e-01
   23     23.0   1.793e-02   2.359e+00   1.467e+00   2.33e-01   6.06e-18   5.05e-29   7.15e-05   9.36e-01   7.51e-01   3.00e-01
   24     23.5   7.308e-03   2.285e+00   1.913e+00   8.86e-02   1.05e-17   1.01e-28   1.78e-05   8.80e-01   7.08e-01   3.00e-01
   25     23.9   3.320e-03   2.240e+00   2.077e+00   3.78e-02   4.55e-18   1.14e-28   5.19e-06   1.00e+00   7.65e-01   3.00e-01
   26     24.5   1.304e-03   2.223e+00   2.157e+00   1.50e-02   2.08e-17   2.52e-29   1.22e-06   1.00e+00   7.56e-01   3.00e-01
   27     25.0   5.286e-04   2.217e+00   2.190e+00   6.08e-03   1.28e-17   5.05e-29   2.97e-07   9.95e-01   8.41e-01   3.00e-01
   28     25.5   1.568e-04   2.215e+00   2.205e+00   2.14e-03   1.04e-17   3.79e-29   4.73e-08   1.00e+00   8.13e-01   3.00e-01
   29     26.0   5.187e-05   2.214e+00   2.211e+00   7.24e-04   4.33e-17   3.79e-29   8.83e-09   8.74e-01   8.74e-01   3.00e-01
   30     26.5   1.303e-05   2.214e+00   2.213e+00   2.20e-04   6.63e-17   0.00e+00   1.12e-09   8.76e-01   8.76e-01   1.00e-01
   31     27.0   2.043e-06   2.213e+00   2.213e+00   3.78e-05   1.52e-16   3.79e-29   1.38e-10   8.85e-01   8.85e-01   1.00e-01
   32     27.5   3.044e-07   2.213e+00   2.213e+00   6.06e-06   1.11e-16   0.00e+00   1.59e-11   8.74e-01   8.74e-01   1.00e-01
   33     28.0   4.874e-08   2.213e+00   2.213e+00   1.02e-06   1.04e-16   2.52e-29   2.01e-12   8.97e-01   8.97e-01   1.00e-01
   34     28.5   6.665e-09   2.213e+00   2.213e+00   1.46e-07   3.46e-16   0.00e+00   2.07e-13   8.98e-01   8.98e-01   1.00e-01
   35     29.0   9.066e-10   2.213e+00   2.213e+00   2.07e-08   1.73e-16   2.52e-29   2.12e-14   8.99e-01   8.99e-01   1.00e-01
Optimal solution found
 28.964209 seconds (16.82 M allocations: 1.330 GiB, 38.39% gc time, 39.01% compilation time)
 iter  time(s)           μ       P-obj       D-obj        gap    P-error    p-error    d-error        α_p        α_d       beta
Primal objective:2.21337921449983579342428372967
Dual objective:2.21337920181050502287722170973
Duality gap:2.86650627325705594211859095855e-09
status pdOpt mu 2.213379201810505
