[ Info: Preparing zonalpolmats...
[ Info: Computing the sum-of-squares parts
[ Info: Creating 4-point sos constraint...
[ Info: Sampling the 4-point sos part
[ Info: Setting up SDP...
[ Info: Finished constructing constraint 1 (1.275306375s)
[ Info: Finished constructing constraint 2 (0.509811875s)
[ Info: Finished constructing constraint 3 (8.909794569s)
[ Info: Finished constructing constraint 4 (59.026647951s)
No sampled sos for the 4-point constraint found:
File cache/sampledsos/sampled_sos4_10_-1d1_1d2.jls does not exist
Converting to an SDP...  (28.204508549s)
 iter  time(s)           μ       P-obj       D-obj        gap    P-error    p-error    d-error        α_p        α_d       beta
    1     43.3   1.000e+20   0.000e+00   1.000e+10   1.00e+00   1.00e+10   0.00e+00   1.42e+18   6.92e-01   4.95e-01   3.00e-01
    2     78.1   4.528e+19   5.180e+08   1.314e+10   9.24e-01   3.08e+09   0.00e+00   7.19e+17   7.00e-01   4.31e-01   3.00e-01
    3    111.3   2.234e+19   3.224e+08   1.724e+10   9.63e-01   9.24e+08   0.00e+00   4.09e+17   5.81e-01   4.72e-01   3.00e-01
    4    145.7   1.366e+19   1.543e+08   2.477e+10   9.88e-01   3.87e+08   0.00e+00   2.16e+17   4.43e-01   4.04e-01   3.00e-01
    5    179.7   9.849e+18   9.389e+07   3.415e+10   9.95e-01   2.15e+08   0.00e+00   1.29e+17   1.95e-01   3.54e-01   3.00e-01
    6    213.6   9.056e+18   8.171e+07   4.417e+10   9.96e-01   1.73e+08   0.00e+00   8.31e+16   5.34e-01   4.18e-01   3.00e-01
    7    246.6   5.512e+18   4.094e+07   5.831e+10   9.99e-01   8.07e+07   0.00e+00   4.84e+16   3.24e-01   3.25e-01   3.00e-01
    8    280.2   4.448e+18   3.470e+07   7.185e+10   9.99e-01   5.45e+07   0.00e+00   3.27e+16   3.28e-01   2.17e-01   3.00e-01
    9    314.1   3.613e+18   4.051e+07   8.378e+10   9.99e-01   3.67e+07   0.00e+00   2.56e+16   3.22e-01   3.13e-01   3.00e-01
   10    347.6   2.918e+18   3.284e+07   1.072e+11   9.99e-01   2.49e+07   0.00e+00   1.76e+16   4.43e-01   2.96e-01   3.00e-01
   11    382.5   2.081e+18   2.463e+07   1.399e+11   1.00e+00   1.39e+07   0.00e+00   1.24e+16   2.49e-01   2.93e-01   3.00e-01
   12    416.4   1.779e+18   2.830e+07   2.162e+11   1.00e+00   1.04e+07   0.00e+00   8.76e+15   3.72e-01   2.99e-01   3.00e-01
   13    450.1   1.386e+18   3.237e+07   3.377e+11   1.00e+00   6.53e+06   0.00e+00   6.14e+15   1.68e-01   1.35e-01   3.00e-01
   14    485.3   1.295e+18   3.997e+07   5.407e+11   1.00e+00   5.44e+06   0.00e+00   5.31e+15   2.66e-01   3.40e-01   3.00e-01
   15    520.1   1.065e+18   5.047e+07   2.263e+12   1.00e+00   3.99e+06   0.00e+00   3.51e+15   1.03e-01   1.28e-01   3.00e-01
   16    554.1   1.024e+18   3.841e+07   1.741e+13   1.00e+00   3.58e+06   0.00e+00   3.06e+15   2.75e-01   3.42e-01   3.00e-01
   17    588.9   8.630e+17   3.282e+07   3.774e+13   1.00e+00   2.60e+06   0.00e+00   2.01e+15   2.05e-01   1.74e-01   3.00e-01
   18    624.3   7.704e+17   2.779e+07   5.000e+13   1.00e+00   2.06e+06   0.00e+00   1.66e+15   1.62e-01   1.55e-01   3.00e-01
   19    658.7   7.067e+17   2.455e+07   7.197e+13   1.00e+00   1.73e+06   0.00e+00   1.41e+15   2.20e-01   1.51e-01   3.00e-01
   20    693.8   6.151e+17   2.025e+07   9.062e+13   1.00e+00   1.35e+06   0.00e+00   1.19e+15   4.64e-01   1.07e-01   3.00e-01
   21    728.7   4.012e+17   1.236e+07   1.057e+14   1.00e+00   7.23e+05   0.00e+00   1.07e+15   6.16e-01   3.35e-01   3.00e-01
   22    762.8   2.003e+17   5.681e+06   1.792e+14   1.00e+00   2.78e+05   0.00e+00   7.09e+14   5.45e-01   4.88e-01   3.00e-01
   23    797.5   1.195e+17   2.794e+06   2.981e+14   1.00e+00   1.27e+05   0.00e+00   3.63e+14   6.45e-01   5.47e-01   3.00e-01
   24    831.9   5.662e+16   1.004e+06   4.741e+14   1.00e+00   4.49e+04   0.00e+00   1.65e+14   4.91e-01   4.09e-01   3.00e-01
   25    865.5   3.626e+16   5.366e+05   6.054e+14   1.00e+00   2.28e+04   0.00e+00   9.73e+13   6.02e-01   7.32e-01   3.00e-01
   26    900.9   2.067e+16   2.192e+05   9.396e+14   1.00e+00   9.08e+03   0.00e+00   2.61e+13   7.55e-01   1.00e+00   3.00e-01
   27    937.0   8.091e+15   5.639e+04   1.533e+15   1.00e+00   2.22e+03   0.00e+00   6.36e-16   7.58e-01   1.00e+00   3.00e-01
   28    971.2   3.133e+15   1.394e+04   2.445e+15   1.00e+00   5.37e+02   0.00e+00   1.03e-15   7.91e-01   1.00e+00   3.00e-01
   29   1006.5   1.051e+15   2.958e+03   3.899e+15   1.00e+00   1.12e+02   0.00e+00   1.67e-15   8.59e-01   1.00e+00   3.00e-01
   30   1040.9   2.421e+14   4.384e+02   6.173e+15   1.00e+00   1.58e+01   0.00e+00   2.49e-15   8.63e-01   1.00e+00   3.00e-01
   31   1075.3   6.148e+13   8.185e+01   9.219e+15   1.00e+00   2.16e+00   0.00e+00   3.97e-15   7.74e-01   1.00e+00   3.00e-01
   32   1110.1   2.695e+13   3.808e+01   9.866e+15   1.00e+00   4.88e-01   0.00e+00   5.76e-15   7.37e-01   6.97e-01   3.00e-01
   33   1144.4   1.311e+13   2.868e+01   7.184e+15   1.00e+00   1.28e-01   0.00e+00   4.52e-15   4.91e-01   7.50e-01   3.00e-01
   34   1178.0   6.674e+12   2.702e+01   3.899e+15   1.00e+00   6.54e-02   0.00e+00   2.52e-15   5.75e-01   5.23e-01   3.00e-01
   35   1211.5   4.076e+12   2.610e+01   2.578e+15   1.00e+00   2.78e-02   0.00e+00   1.51e-15   6.63e-01   6.89e-01   3.00e-01
   36   1245.1   2.110e+12   2.557e+01   1.422e+15   1.00e+00   9.37e-03   0.00e+00   6.88e-16   1.00e+00   9.08e-01   3.00e-01
   37   1279.8   7.687e+11   2.519e+01   5.504e+14   1.00e+00   1.45e-26   0.00e+00   2.49e-16   1.00e+00   1.00e+00   3.00e-01
   38   1314.6   2.306e+11   2.519e+01   1.651e+14   1.00e+00   1.64e-26   0.00e+00   3.68e-18   9.94e-01   9.94e-01   1.00e-01
   39   1349.3   2.424e+10   2.519e+01   1.735e+13   1.00e+00   1.70e-26   0.00e+00   1.09e-19   1.00e+00   1.00e+00   1.00e-01
   40   1383.7   2.427e+09   2.519e+01   1.738e+12   1.00e+00   9.82e-27   0.00e+00   8.51e-21   1.00e+00   1.00e+00   1.00e-01
   41   1417.8   2.427e+08   2.519e+01   1.738e+11   1.00e+00   3.75e-26   0.00e+00   7.36e-22   1.00e+00   1.00e+00   1.00e-01
   42   1451.3   2.427e+07   2.519e+01   1.738e+10   1.00e+00   1.05e-26   0.00e+00   6.84e-23   1.00e+00   1.00e+00   1.00e-01
   43   1484.6   2.428e+06   2.519e+01   1.738e+09   1.00e+00   2.75e-26   0.00e+00   6.20e-24   1.00e+00   1.00e+00   1.00e-01
   44   1518.9   2.428e+05   2.519e+01   1.738e+08   1.00e+00   1.39e-26   0.00e+00   4.88e-25   1.00e+00   1.00e+00   1.00e-01
   45   1553.2   2.428e+04   2.519e+01   1.738e+07   1.00e+00   1.38e-26   0.00e+00   5.13e-26   1.00e+00   1.00e+00   1.00e-01
   46   1588.0   2.428e+03   2.519e+01   1.739e+06   1.00e+00   1.69e-26   0.00e+00   4.29e-27   1.00e+00   1.00e+00   1.00e-01
   47   1622.1   2.429e+02   2.519e+01   1.739e+05   1.00e+00   1.15e-26   0.00e+00   3.80e-28   1.00e+00   1.00e+00   1.00e-01
   48   1656.0   2.430e+01   2.519e+01   1.742e+04   9.97e-01   2.12e-26   0.00e+00   2.28e-29   9.99e-01   9.99e-01   1.00e-01
   49   1690.4   2.441e+00   2.519e+01   1.773e+03   9.72e-01   1.48e-26   0.00e+00   1.07e-29   9.95e-01   9.95e-01   1.00e-01
   50   1724.1   2.547e-01   2.520e+01   2.076e+02   7.83e-01   2.17e-26   0.00e+00   1.16e-29   9.62e-01   9.62e-01   1.00e-01
   51   1759.1   3.429e-02   2.528e+01   4.984e+01   3.27e-01   1.44e-26   0.00e+00   1.16e-29   7.89e-01   7.89e-01   1.00e-01
   52   1794.0   9.939e-03   2.550e+01   3.262e+01   1.22e-01   2.18e-26   0.00e+00   8.55e-30   6.67e-01   6.67e-01   1.00e-01
   53   1828.2   3.971e-03   2.572e+01   2.856e+01   5.24e-02   3.22e-26   0.00e+00   5.84e-30   5.65e-01   5.65e-01   1.00e-01
   54   1862.2   1.951e-03   2.587e+01   2.727e+01   2.63e-02   3.75e-26   0.00e+00   3.71e-30   5.69e-01   5.69e-01   1.00e-01
   55   1895.9   9.524e-04   2.594e+01   2.662e+01   1.30e-02   2.63e-26   0.00e+00   2.03e-30   4.62e-01   4.62e-01   1.00e-01
   56   1928.6   5.563e-04   2.597e+01   2.637e+01   7.61e-03   3.29e-26   0.00e+00   1.23e-30   5.28e-01   5.28e-01   1.00e-01
   57   1962.5   2.918e-04   2.599e+01   2.619e+01   4.00e-03   1.34e-26   0.00e+00   6.07e-31   6.91e-01   6.91e-01   1.00e-01
   58   1997.7   1.104e-04   2.600e+01   2.607e+01   1.52e-03   1.03e-26   0.00e+00   2.02e-31   7.52e-01   7.52e-01   1.00e-01
   59   2033.2   3.563e-05   2.600e+01   2.602e+01   4.90e-04   1.15e-26   0.00e+00   5.15e-32   9.21e-01   9.21e-01   1.00e-01
   60   2069.3   6.103e-06   2.600e+01   2.600e+01   8.40e-05   1.70e-26   0.00e+00   4.28e-33   9.17e-01   9.17e-01   1.00e-01
   61   2104.9   1.064e-06   2.600e+01   2.600e+01   1.47e-05   2.72e-26   0.00e+00   5.53e-34   9.26e-01   9.26e-01   1.00e-01
   62   2140.1   1.770e-07   2.600e+01   2.600e+01   2.44e-06   1.16e-26   0.00e+00   1.03e-34   9.44e-01   9.44e-01   1.00e-01
   63   2175.3   2.667e-08   2.600e+01   2.600e+01   3.67e-07   9.62e-27   0.00e+00   1.35e-34   9.67e-01   9.67e-01   1.00e-01
   64   2210.0   3.452e-09   2.600e+01   2.600e+01   4.75e-08   3.33e-26   0.00e+00   1.09e-34   9.89e-01   9.89e-01   1.00e-01
   65   2245.8   3.795e-10   2.600e+01   2.600e+01   5.23e-09   3.40e-26   0.00e+00   1.01e-34   9.99e-01   9.99e-01   1.00e-01
   66   2280.8   3.838e-11   2.600e+01   2.600e+01   5.29e-10   1.32e-26   0.00e+00   6.83e-35   1.00e+00   1.00e+00   1.00e-01
   67   2315.3   3.844e-12   2.600e+01   2.600e+01   5.29e-11   2.48e-26   0.00e+00   1.26e-34   1.00e+00   1.00e+00   1.00e-01
   68   2349.8   3.848e-13   2.600e+01   2.600e+01   5.30e-12   2.85e-26   0.00e+00   1.23e-34   1.00e+00   1.00e+00   1.00e-01
Optimal solution found
2349.753798 seconds (289.85 M allocations: 44.792 GiB, 2.40% gc time, 0.44% compilation time)
 iter  time(s)           μ       P-obj       D-obj        gap    P-error    p-error    d-error        α_p        α_d       beta
Primal objective:25.99999999999953793255779057887858667228
Dual objective:26.00000000002710612520816104084739738706
Duality gap:5.301575509683910850076472601163794407144e-13
RESULT d1=8 delta=10 s=0//1 prec=128
elapsed 2545.254578113556
exit 0
