Thu Sep 24 02:05:00 UTC 2026
lambda [9 5] k1=3 k2=3  triples=599350752 nonzero=599342630 cache=2070003 vals=481056
lambda [10 4] k1=4 k2=4  triples=467168480 nonzero=467162700 cache=1341062 vals=590466
lambda [8 5] k1=3 k2=3  triples=261538578 nonzero=261538578 cache=1041082 vals=651804
lambda [11 3] k1=5 k2=5  triples=247350600 nonzero=247333196 cache=573884 vals=678366
lambda [9 4] k1=4 k2=4  triples=213951788 nonzero=213951788 cache=721569 vals=690781
lambda [10 4] k1=2 k2=2  triples=183222984 nonzero=183219612 cache=969978 vals=691053
lambda [9 5] k1=1 k2=1  triples=156029328 nonzero=156025890 cache=1110663 vals=691103
lambda [10 4] k1=6 k2=2  triples=139474584 nonzero=139471812 cache=1031261 vals=702598
lambda [11 3] k1=5 k2=3  triples=125180388 nonzero=125168334 cache=486002 vals=702598
lambda [11 3] k1=7 k2=3  triples=100268868 nonzero=100259090 cache=527995 vals=705269
lambda [9 4] k1=4 k2=2  triples=91024528 nonzero=91024528 cache=561069 vals=705269
lambda [10 3] k1=7 k2=7  triples=84930692 nonzero=84930692 cache=292455 vals=711399
lambda [10 3] k1=7 k2=5  triples=82236030 nonzero=82236030 cache=292455 vals=711399
lambda [8 5] k1=3 k2=1  triples=73923192 nonzero=73923192 cache=612693 vals=711399
lambda [12 2] k1=8 k2=6  triples=73724160 nonzero=73718848 cache=158531 vals=721563
lambda [8 6] k1=0 k2=0  triples=68888016 nonzero=68887172 cache=697526 vals=737814
lambda [8 6] k1=2 k2=0  triples=68888016 nonzero=68887172 cache=697526 vals=737814
lambda [9 3] k1=5 k2=5  triples=50419152 nonzero=50419080 cache=187189 vals=755055
lambda [12 2] k1=10 k2=8  triples=47277360 nonzero=47274200 cache=106813 vals=755937
lambda [12 2] k1=8 k2=4  triples=44997984 nonzero=44993964 cache=153870 vals=755937
lambda [11 2] k1=6 k2=6  triples=43416934 nonzero=43416934 cache=90290 vals=758228
lambda [7 5] k1=1 k2=1  triples=38837232 nonzero=38837232 cache=287840 vals=767974
lambda [11 2] k1=8 k2=6  triples=32394834 nonzero=32394834 cache=86369 vals=768608
lambda [7 6] k1=0 k2=0  triples=33863376 nonzero=33863376 cache=373531 vals=770678
lambda [11 2] k1=8 k2=8  triples=30112420 nonzero=30112420 cache=86369 vals=770683
lambda [11 2] k1=4 k2=4  triples=30214104 nonzero=30214104 cache=83182 vals=770704
lambda [11 2] k1=6 k2=4  triples=28754152 nonzero=28754152 cache=87851 vals=770704
lambda [11 3] k1=1 k2=1  triples=23579094 nonzero=23575852 cache=230280 vals=770704
lambda [11 3] k1=7 k2=1  triples=23579094 nonzero=23575852 cache=230280 vals=770704
lambda [11 2] k1=8 k2=4  triples=21454392 nonzero=21454392 cache=85695 vals=770704
lambda [10 4] k1=4 k2=0  triples=21849072 nonzero=21848572 cache=185929 vals=770704
lambda [12 2] k1=6 k2=2  triples=19256880 nonzero=19255064 cache=89007 vals=770748
lambda [8 3] k1=3 k2=3  triples=16647639 nonzero=16647639 cache=69906 vals=779329
lambda [10 3] k1=3 k2=1  triples=17111981 nonzero=17111981 cache=119503 vals=779338
lambda [6 5] k1=1 k2=1  triples=16184448 nonzero=16184448 cache=127108 vals=785402
lambda [10 3] k1=5 k2=1  triples=16125771 nonzero=16125771 cache=123083 vals=785402
lambda [10 4] k1=0 k2=0  triples=16633680 nonzero=16633244 cache=211396 vals=785402
lambda [6 6] k1=0 k2=0  triples=15477072 nonzero=15477072 cache=159583 vals=787016
lambda [13 1] k1=9 k2=7  triples=13890944 nonzero=13881194 cache=0 vals=787705
lambda [13 1] k1=9 k2=9  triples=13746936 nonzero=13738144 cache=0 vals=787709
lambda [10 2] k1=8 k2=6  triples=12176664 nonzero=12175828 cache=39416 vals=789695
lambda [13 1] k1=5 k2=5  triples=11353320 nonzero=11348700 cache=0 vals=789753
lambda [10 3] k1=7 k2=1  triples=11194721 nonzero=11194721 cache=137293 vals=789753
lambda [11 2] k1=4 k2=2  triples=11311114 nonzero=11311114 cache=55415 vals=789753
lambda [13 1] k1=9 k2=5  triples=9701928 nonzero=9695074 cache=0 vals=789753
lambda [13 1] k1=11 k2=7  triples=9162112 nonzero=9152248 cache=0 vals=789915
lambda [11 2] k1=2 k2=2  triples=9671422 nonzero=9671422 cache=63523 vals=789923
lambda [10 2] k1=8 k2=8  triples=9246888 nonzero=9246280 cache=39416 vals=789923
lambda [9 4] k1=0 k2=0  triples=9615256 nonzero=9615256 cache=127043 vals=790283
lambda [12 1] k1=7 k2=7  triples=8239158 nonzero=8239158 cache=0 vals=790393
lambda [9 3] k1=1 k2=1  triples=8161776 nonzero=8161744 cache=89559 vals=790393
lambda [9 2] k1=4 k2=4  triples=7753622 nonzero=7753622 cache=22863 vals=792044
lambda [9 2] k1=6 k2=6  triples=7231672 nonzero=7231672 cache=28798 vals=793795
lambda [12 1] k1=5 k2=5  triples=6517980 nonzero=6517980 cache=0 vals=793795
lambda [12 1] k1=7 k2=5  triples=6249204 nonzero=6249204 cache=0 vals=793795
lambda [10 2] k1=4 k2=2  triples=6518664 nonzero=6518664 cache=30799 vals=794246
lambda [8 4] k1=2 k2=0  triples=6624078 nonzero=6624078 cache=61274 vals=794604
lambda [10 2] k1=2 k2=2  triples=5787576 nonzero=5787528 cache=41528 vals=794656
lambda [10 2] k1=6 k2=2  triples=5787576 nonzero=5787528 cache=41528 vals=794660
lambda [12 1] k1=9 k2=5  triples=4905324 nonzero=4905324 cache=0 vals=794746
lambda [8 4] k1=0 k2=0  triples=5497458 nonzero=5497458 cache=79943 vals=795343
lambda [8 3] k1=3 k2=1  triples=4784196 nonzero=4784196 cache=36288 vals=795343
lambda [8 3] k1=1 k2=1  triples=4380536 nonzero=4380536 cache=49265 vals=795868
lambda [11 1] k1=5 k2=5  triples=3549168 nonzero=3549168 cache=0 vals=796065
lambda [8 3] k1=5 k2=1  triples=3573216 nonzero=3573216 cache=49378 vals=796099
lambda [8 2] k1=4 k2=4  triples=3447576 nonzero=3447576 cache=14825 vals=800266
lambda [9 2] k1=4 k2=2  triples=3364900 nonzero=3364900 cache=17632 vals=800266
lambda [12 1] k1=5 k2=3  triples=3137754 nonzero=3137754 cache=0 vals=800266
lambda [12 1] k1=11 k2=9  triples=2805341 nonzero=2805341 cache=0 vals=800435
lambda [7 4] k1=2 k2=0  triples=3133056 nonzero=3133056 cache=32477 vals=800718
lambda [12 1] k1=3 k2=3  triples=2749590 nonzero=2749590 cache=0 vals=800718
lambda [12 1] k1=11 k2=5  triples=2486340 nonzero=2486340 cache=0 vals=800718
lambda [6 3] k1=3 k2=3  triples=2294955 nonzero=2294955 cache=16141 vals=805672
lambda [12 1] k1=9 k2=3  triples=2361426 nonzero=2361426 cache=0 vals=805672
lambda [8 2] k1=6 k2=4  triples=2282040 nonzero=2282040 cache=11911 vals=806184
lambda [8 2] k1=6 k2=6  triples=2178504 nonzero=2178504 cache=11911 vals=806184
lambda [11 1] k1=5 k2=3  triples=1822968 nonzero=1822968 cache=0 vals=806184
lambda [10 1] k1=5 k2=5  triples=1762458 nonzero=1762458 cache=0 vals=806230
lambda [12 2] k1=6 k2=0  triples=2352560 nonzero=2352308 cache=9842 vals=806230
lambda [8 2] k1=2 k2=2  triples=1671688 nonzero=1671688 cache=12657 vals=806243
lambda [10 1] k1=7 k2=7  triples=1501232 nonzero=1501232 cache=0 vals=806331
lambda [12 2] k1=2 k2=0  triples=1957872 nonzero=1957600 cache=11738 vals=806333
lambda [12 1] k1=11 k2=11  triples=1253052 nonzero=1253052 cache=0 vals=806333
lambda [7 2] k1=4 k2=4  triples=1220180 nonzero=1220180 cache=7021 vals=807197
lambda [6 4] k1=2 k2=0  triples=1387888 nonzero=1387888 cache=22390 vals=809666
lambda [11 1] k1=9 k2=3  triples=1128504 nonzero=1128504 cache=0 vals=809835
lambda [13 1] k1=5 k2=1  triples=1170400 nonzero=1169878 cache=0 vals=809835
lambda [14 0] k1=8 k2=8  triples=2116928 nonzero=2116928 cache=0 vals=809874
lambda [8 2] k1=6 k2=2  triples=1106664 nonzero=1106664 cache=10944 vals=809874
lambda [6 3] k1=1 k2=1  triples=989364 nonzero=989364 cache=11612 vals=809882
lambda [13 1] k1=3 k2=1  triples=1000160 nonzero=999404 cache=0 vals=809882
lambda [10 1] k1=3 k2=3  triples=928348 nonzero=928348 cache=0 vals=809886
lambda [12 2] k1=10 k2=0  triples=1168496 nonzero=1168272 cache=10308 vals=809886
lambda [6 3] k1=3 k2=1  triples=854824 nonzero=854824 cache=11850 vals=809886
lambda [10 1] k1=9 k2=7  triples=788828 nonzero=788828 cache=0 vals=810018
lambda [14 0] k1=8 k2=6  triples=1658880 nonzero=1658880 cache=0 vals=810018
lambda [9 1] k1=5 k2=5  triples=801096 nonzero=801096 cache=0 vals=810130
lambda [7 2] k1=2 k2=2  triples=763412 nonzero=763412 cache=6144 vals=810142
lambda [14 0] k1=10 k2=6  triples=1451520 nonzero=1451520 cache=0 vals=810156
lambda [14 0] k1=12 k2=8  triples=1323080 nonzero=1323080 cache=0 vals=810171
lambda [10 2] k1=4 k2=0  triples=863352 nonzero=863352 cache=3754 vals=810171
lambda [13 1] k1=1 k2=1  triples=659680 nonzero=658898 cache=0 vals=810171
lambda [13 1] k1=11 k2=1  triples=659680 nonzero=658898 cache=0 vals=810171
lambda [10 2] k1=2 k2=0  triples=766584 nonzero=766572 cache=5126 vals=810171
lambda [10 2] k1=6 k2=0  triples=766584 nonzero=766572 cache=5126 vals=810171
lambda [12 1] k1=9 k2=1  triples=552167 nonzero=552167 cache=0 vals=810171
lambda [5 4] k1=0 k2=0  triples=566216 nonzero=566216 cache=9760 vals=810531
lambda [9 1] k1=7 k2=7  triples=486864 nonzero=486864 cache=0 vals=810584
lambda [9 1] k1=5 k2=3  triples=496944 nonzero=496944 cache=0 vals=810584
lambda [13 0] k1=10 k2=8  triples=869638 nonzero=869638 cache=0 vals=810584
lambda [14 0] k1=6 k2=4  triples=927168 nonzero=927168 cache=0 vals=810584
lambda [10 1] k1=9 k2=3  triples=429568 nonzero=429568 cache=0 vals=810584
lambda [12 1] k1=1 k2=1  triples=431151 nonzero=431151 cache=0 vals=810584
lambda [5 3] k1=1 k2=1  triples=395136 nonzero=394904 cache=4200 vals=811683
lambda [14 0] k1=10 k2=4  triples=811272 nonzero=811272 cache=0 vals=811683
lambda [13 0] k1=10 k2=6  triples=739112 nonzero=739112 cache=0 vals=811683
lambda [9 2] k1=4 k2=0  triples=461608 nonzero=461608 cache=2190 vals=811683
lambda [10 2] k1=0 k2=0  triples=476280 nonzero=476244 cache=4841 vals=811683
lambda [13 0] k1=10 k2=10  triples=692604 nonzero=692604 cache=0 vals=811683
lambda [9 2] k1=2 k2=0  triples=430192 nonzero=430192 cache=3207 vals=811683
lambda [8 1] k1=5 k2=5  triples=306092 nonzero=306092 cache=0 vals=811711
lambda [9 2] k1=6 k2=0  triples=367360 nonzero=367360 cache=3186 vals=811711
lambda [13 0] k1=6 k2=4  triples=552636 nonzero=552636 cache=0 vals=811711
lambda [12 0] k1=8 k2=8  triples=530886 nonzero=530886 cache=0 vals=811712
lambda [12 1] k1=11 k2=1  triples=279881 nonzero=279881 cache=0 vals=811712
lambda [11 1] k1=1 k2=1  triples=276276 nonzero=276276 cache=0 vals=811712
lambda [14 0] k1=14 k2=10  triples=487488 nonzero=487488 cache=0 vals=811713
lambda [12 0] k1=8 k2=6  triples=500020 nonzero=500020 cache=0 vals=811713
lambda [13 0] k1=4 k2=4  triples=493425 nonzero=493425 cache=0 vals=811713
lambda [10 1] k1=3 k2=1  triples=239313 nonzero=239313 cache=0 vals=811713
lambda [8 1] k1=5 k2=3  triples=220695 nonzero=220695 cache=0 vals=811713
lambda [9 2] k1=0 k2=0  triples=273112 nonzero=273112 cache=2853 vals=811792
lambda [13 0] k1=10 k2=4  triples=434214 nonzero=434214 cache=0 vals=811792
lambda [12 0] k1=10 k2=8  triples=392394 nonzero=392394 cache=0 vals=811796
lambda [8 2] k1=2 k2=0  triples=249912 nonzero=249912 cache=1822 vals=811796
lambda [4 4] k1=0 k2=0  triples=217896 nonzero=217880 cache=3079 vals=812025
lambda [12 0] k1=6 k2=4  triples=341550 nonzero=341550 cache=0 vals=812025
lambda [10 1] k1=1 k2=1  triples=167883 nonzero=167883 cache=0 vals=812025
lambda [12 0] k1=4 k2=4  triples=314226 nonzero=314226 cache=0 vals=812025
lambda [14 0] k1=6 k2=2  triples=327040 nonzero=327040 cache=0 vals=812025
lambda [11 0] k1=6 k2=6  triples=266175 nonzero=266175 cache=0 vals=812025
lambda [9 1] k1=3 k2=1  triples=137112 nonzero=137112 cache=0 vals=812025
lambda [13 0] k1=12 k2=4  triples=256581 nonzero=256581 cache=0 vals=812038
lambda [8 2] k1=6 k2=0  triples=165528 nonzero=165528 cache=1923 vals=812038
lambda [14 0] k1=4 k2=2  triples=286160 nonzero=286160 cache=0 vals=812038
lambda [11 0] k1=8 k2=6  triples=228150 nonzero=228150 cache=0 vals=812038
lambda [14 0] k1=14 k2=4  triples=231792 nonzero=231792 cache=0 vals=812038
lambda [5 2] k1=2 k2=2  triples=111458 nonzero=111458 cache=870 vals=812554
lambda [8 1] k1=7 k2=7  triples=100730 nonzero=100730 cache=0 vals=812654
lambda [10 1] k1=9 k2=1  triples=110739 nonzero=110739 cache=0 vals=812654
lambda [13 0] k1=12 k2=12  triples=174486 nonzero=174486 cache=0 vals=812654
lambda [9 1] k1=1 k2=1  triples=99288 nonzero=99288 cache=0 vals=812654
lambda [13 0] k1=6 k2=2  triples=200704 nonzero=200704 cache=0 vals=812654
lambda [14 0] k1=2 k2=2  triples=204400 nonzero=204400 cache=0 vals=812654
lambda [7 2] k1=4 k2=0  triples=108632 nonzero=108632 cache=1003 vals=812654
lambda [7 1] k1=5 k2=3  triples=85536 nonzero=85410 cache=0 vals=812916
lambda [13 0] k1=4 k2=2  triples=179200 nonzero=179200 cache=0 vals=812916
lambda [12 0] k1=12 k2=6  triples=152180 nonzero=152180 cache=0 vals=812916
lambda [11 0] k1=10 k2=6  triples=139425 nonzero=139425 cache=0 vals=812925
lambda [8 1] k1=3 k2=1  triples=71996 nonzero=71996 cache=0 vals=812925
lambda [10 0] k1=6 k2=6  triples=132516 nonzero=132516 cache=0 vals=812925
lambda [8 1] k1=5 k2=1  triples=66120 nonzero=66120 cache=0 vals=812925
lambda [12 0] k1=12 k2=10  triples=106323 nonzero=106323 cache=0 vals=812925
lambda [12 0] k1=8 k2=2  triples=120267 nonzero=120267 cache=0 vals=812925
lambda [10 0] k1=8 k2=6  triples=103068 nonzero=103068 cache=0 vals=812928
lambda [10 0] k1=6 k2=4  triples=100368 nonzero=100368 cache=0 vals=812928
lambda [12 0] k1=12 k2=4  triples=95634 nonzero=95634 cache=0 vals=812928
lambda [13 0] k1=12 k2=2  triples=93184 nonzero=93184 cache=0 vals=812928
lambda [6 1] k1=3 k2=3  triples=39311 nonzero=39311 cache=0 vals=813019
lambda [12 0] k1=2 k2=2  triples=88893 nonzero=88893 cache=0 vals=813019
lambda [10 0] k1=8 k2=4  triples=78064 nonzero=78064 cache=0 vals=813019
lambda [8 1] k1=7 k2=1  triples=36740 nonzero=36740 cache=0 vals=813019
lambda [6 2] k1=4 k2=0  triples=45736 nonzero=45688 cache=610 vals=813097
lambda [11 0] k1=6 k2=2  triples=72471 nonzero=72471 cache=0 vals=813097
lambda [11 0] k1=4 k2=2  triples=69020 nonzero=69020 cache=0 vals=813097
lambda [4 2] k1=2 k2=2  triples=33144 nonzero=33144 cache=298 vals=813369
lambda [7 1] k1=5 k2=1  triples=28608 nonzero=28596 cache=0 vals=813369
lambda [6 1] k1=5 k2=3  triples=24101 nonzero=24101 cache=0 vals=813436
lambda [9 0] k1=4 k2=4  triples=47055 nonzero=47055 cache=0 vals=813436
lambda [10 0] k1=10 k2=6  triples=44172 nonzero=44172 cache=0 vals=813436
lambda [5 2] k1=2 k2=0  triples=22864 nonzero=22864 cache=190 vals=813436
lambda [10 0] k1=4 k2=2  triples=43308 nonzero=43308 cache=0 vals=813436
lambda [11 0] k1=10 k2=2  triples=37961 nonzero=37961 cache=0 vals=813436
lambda [9 0] k1=8 k2=6  triples=32166 nonzero=32166 cache=0 vals=813443
lambda [12 0] k1=12 k2=2  triples=36603 nonzero=36603 cache=0 vals=813443
lambda [6 1] k1=3 k2=1  triples=15292 nonzero=15292 cache=0 vals=813443
lambda [9 0] k1=8 k2=4  triples=28233 nonzero=28233 cache=0 vals=813443
lambda [14 0] k1=6 k2=0  triples=49536 nonzero=49536 cache=0 vals=813443
lambda [6 1] k1=1 k2=1  triples=13320 nonzero=13320 cache=0 vals=813443
lambda [5 1] k1=3 k2=3  triples=12144 nonzero=12144 cache=0 vals=813461
lambda [8 0] k1=4 k2=4  triples=23790 nonzero=23790 cache=0 vals=813462
lambda [9 0] k1=4 k2=2  triples=21840 nonzero=21840 cache=0 vals=813462
lambda [9 0] k1=8 k2=8  triples=17100 nonzero=17100 cache=0 vals=813462
lambda [8 0] k1=6 k2=6  triples=18876 nonzero=18876 cache=0 vals=813464
lambda [13 0] k1=6 k2=0  triples=30576 nonzero=30576 cache=0 vals=813464
lambda [13 0] k1=8 k2=0  triples=29484 nonzero=29484 cache=0 vals=813464
lambda [13 0] k1=4 k2=0  triples=27300 nonzero=27300 cache=0 vals=813464
lambda [4 2] k1=0 k2=0  triples=8808 nonzero=8808 cache=114 vals=813464
lambda [4 2] k1=2 k2=0  triples=8808 nonzero=8808 cache=114 vals=813464
lambda [9 0] k1=8 k2=2  triples=13104 nonzero=13104 cache=0 vals=813464
lambda [13 0] k1=2 k2=0  triples=19656 nonzero=19656 cache=0 vals=813464
lambda [5 1] k1=3 k2=1  triples=5808 nonzero=5808 cache=0 vals=813464
lambda [12 0] k1=8 k2=0  triples=19320 nonzero=19320 cache=0 vals=813464
lambda [8 0] k1=6 k2=2  triples=10516 nonzero=10516 cache=0 vals=813464
lambda [10 0] k1=10 k2=10  triples=9120 nonzero=9120 cache=0 vals=813464
lambda [8 0] k1=8 k2=6  triples=8580 nonzero=8580 cache=0 vals=813464
lambda [12 0] k1=2 k2=0  triples=14280 nonzero=14280 cache=0 vals=813464
lambda [12 0] k1=10 k2=0  triples=14280 nonzero=14280 cache=0 vals=813464
lambda [11 0] k1=6 k2=0  triples=11760 nonzero=11760 cache=0 vals=813464
lambda [7 0] k1=6 k2=4  triples=5894 nonzero=5894 cache=0 vals=813468
lambda [11 0] k1=8 k2=0  triples=10080 nonzero=10080 cache=0 vals=813468
lambda [7 0] k1=4 k2=2  triples=5060 nonzero=5060 cache=0 vals=813468
lambda [7 0] k1=2 k2=2  triples=4554 nonzero=4554 cache=0 vals=813468
lambda [8 0] k1=8 k2=2  triples=4780 nonzero=4780 cache=0 vals=813468
lambda [10 0] k1=4 k2=0  triples=7560 nonzero=7560 cache=0 vals=813468
lambda [4 1] k1=1 k2=1  triples=2019 nonzero=2019 cache=0 vals=813529
lambda [7 0] k1=6 k2=2  triples=3542 nonzero=3542 cache=0 vals=813529
lambda [12 0] k1=12 k2=0  triples=5880 nonzero=5880 cache=0 vals=813529
lambda [10 0] k1=8 k2=0  triples=5880 nonzero=5880 cache=0 vals=813529
lambda [6 0] k1=4 k2=4  triples=3312 nonzero=3312 cache=0 vals=813530
lambda [8 0] k1=8 k2=8  triples=2735 nonzero=2735 cache=0 vals=813530
lambda [11 0] k1=0 k2=0  triples=3360 nonzero=3360 cache=0 vals=813530
lambda [6 0] k1=2 k2=2  triples=2448 nonzero=2448 cache=0 vals=813530
lambda [9 0] k1=2 k2=0  triples=3108 nonzero=3108 cache=0 vals=813530
lambda [10 0] k1=0 k2=0  triples=2520 nonzero=2520 cache=0 vals=813530
lambda [8 0] k1=4 k2=0  triples=2457 nonzero=2457 cache=0 vals=813530
lambda [8 0] k1=2 k2=0  triples=2079 nonzero=2079 cache=0 vals=813530
lambda [2 2] k1=0 k2=0  triples=864 nonzero=864 cache=4 vals=813553
lambda [9 0] k1=0 k2=0  triples=1295 nonzero=1295 cache=0 vals=813553
lambda [5 0] k1=2 k2=2  triples=768 nonzero=768 cache=0 vals=813554
lambda [7 0] k1=4 k2=0  triples=1040 nonzero=1040 cache=0 vals=813554
lambda [6 0] k1=6 k2=6  triples=672 nonzero=672 cache=0 vals=813554
lambda [8 0] k1=0 k2=0  triples=945 nonzero=945 cache=0 vals=813554
lambda [7 0] k1=6 k2=0  triples=728 nonzero=728 cache=0 vals=813554
lambda [7 0] k1=0 k2=0  triples=416 nonzero=416 cache=0 vals=813554
lambda [2 1] k1=1 k2=1  triples=103 nonzero=103 cache=0 vals=813558
lambda [6 0] k1=6 k2=0  triples=296 nonzero=296 cache=0 vals=813558
lambda [5 0] k1=2 k2=0  triples=204 nonzero=204 cache=0 vals=813558
lambda [4 0] k1=4 k2=4  triples=126 nonzero=126 cache=0 vals=813560
lambda [4 0] k1=2 k2=0  triples=120 nonzero=120 cache=0 vals=813560
lambda [3 0] k1=2 k2=2  triples=51 nonzero=51 cache=0 vals=813560
lambda [3 0] k1=2 k2=0  triples=24 nonzero=24 cache=0 vals=813560
lambda [3 0] k1=0 k2=0  triples=16 nonzero=16 cache=0 vals=813560
lambda [2 0] k1=0 k2=0  triples=12 nonzero=12 cache=0 vals=813560
lambda [2 0] k1=2 k2=0  triples=12 nonzero=12 cache=0 vals=813560

real	46m41.216s
user	37m16.607s
sys	0m2.247s
exit=0
Thu Sep 24 02:51:42 UTC 2026
PSKER_DONE
