Thu Sep 24 02:05:00 UTC 2026
lambda [8 6] k1=2 k2=2  triples=538578928 nonzero=538573576 cache=2505430 vals=537647
lambda [10 4] k1=6 k2=6  triples=486425928 nonzero=486421636 cache=1311258 vals=654376
lambda [10 4] k1=6 k2=4  triples=355615136 nonzero=355611208 cache=1306668 vals=654376
lambda [11 3] k1=7 k2=7  triples=236868996 nonzero=236857202 cache=586953 vals=666678
lambda [11 3] k1=7 k2=5  triples=198126600 nonzero=198114560 cache=586953 vals=666678
lambda [10 4] k1=4 k2=2  triples=183222984 nonzero=183219612 cache=969978 vals=668070
lambda [9 5] k1=3 k2=1  triples=156029328 nonzero=156025890 cache=1110663 vals=675834
lambda [11 3] k1=3 k2=3  triples=125180388 nonzero=125168334 cache=486002 vals=676022
lambda [10 3] k1=5 k2=5  triples=118461030 nonzero=118461030 cache=323781 vals=701163
lambda [9 4] k1=2 k2=2  triples=97921208 nonzero=97921208 cache=543023 vals=718620
lambda [12 2] k1=6 k2=6  triples=88596480 nonzero=88588540 cache=150204 vals=722085
lambda [8 4] k1=4 k2=4  triples=86313060 nonzero=86313052 cache=369171 vals=756242
lambda [8 5] k1=1 k2=1  triples=81133920 nonzero=81133920 cache=602796 vals=761556
lambda [12 2] k1=8 k2=8  triples=79253424 nonzero=79248384 cache=158531 vals=763006
lambda [10 3] k1=3 k2=3  triples=69097064 nonzero=69097064 cache=275551 vals=763021
lambda [10 3] k1=5 k2=3  triples=65114724 nonzero=65114724 cache=288533 vals=763021
lambda [12 2] k1=4 k2=4  triples=54074976 nonzero=54069684 cache=142026 vals=763038
lambda [12 2] k1=6 k2=4  triples=54074976 nonzero=54069684 cache=142026 vals=763038
lambda [8 4] k1=2 k2=2  triples=49350080 nonzero=49350080 cache=262920 vals=763701
lambda [10 3] k1=7 k2=3  triples=45203024 nonzero=45203024 cache=280575 vals=765984
lambda [12 2] k1=10 k2=6  triples=43979520 nonzero=43976064 cache=106813 vals=766850
lambda [8 4] k1=4 k2=2  triples=40952512 nonzero=40952504 cache=327106 vals=766850
lambda [9 3] k1=3 k2=3  triples=35729120 nonzero=35729120 cache=142656 vals=769710
lambda [9 3] k1=5 k2=3  triples=30834720 nonzero=30834648 cache=180931 vals=770474
lambda [12 2] k1=10 k2=10  triples=31088016 nonzero=31085920 cache=106813 vals=770474
lambda [11 3] k1=3 k2=1  triples=29437254 nonzero=29433550 cache=197419 vals=770474
lambda [11 3] k1=5 k2=1  triples=29437254 nonzero=29433550 cache=197419 vals=770474
lambda [12 2] k1=10 k2=4  triples=26844000 nonzero=26841132 cache=105377 vals=770474
lambda [7 4] k1=2 k2=2  triples=21753768 nonzero=21753768 cache=123585 vals=782328
lambda [10 2] k1=6 k2=6  triples=19609512 nonzero=19609432 cache=55991 vals=784523
lambda [10 4] k1=2 k2=0  triples=21849072 nonzero=21848572 cache=185929 vals=784525
lambda [12 2] k1=4 k2=2  triples=19256880 nonzero=19255064 cache=89007 vals=784525
lambda [8 3] k1=5 k2=5  triples=17521868 nonzero=17521868 cache=85372 vals=788572
lambda [13 1] k1=7 k2=7  triples=16255360 nonzero=16248568 cache=0 vals=788993
lambda [10 2] k1=4 k2=4  triples=16267456 nonzero=16267456 cache=42695 vals=789161
lambda [12 2] k1=2 k2=2  triples=16024752 nonzero=16022984 cache=103904 vals=789161
lambda [12 2] k1=8 k2=2  triples=16024752 nonzero=16022984 cache=103904 vals=789161
lambda [10 4] k1=6 k2=0  triples=16633680 nonzero=16633244 cache=211396 vals=789161
lambda [10 2] k1=6 k2=4  triples=14442752 nonzero=14442672 cache=55799 vals=789161
lambda [10 3] k1=1 k2=1  triples=14153351 nonzero=14153351 cache=137510 vals=789162
lambda [8 3] k1=5 k2=3  triples=12433569 nonzero=12433569 cache=84807 vals=789162
lambda [13 1] k1=7 k2=5  triples=11353320 nonzero=11348700 cache=0 vals=789162
lambda [9 4] k1=2 k2=0  triples=12191326 nonzero=12191326 cache=112363 vals=789162
lambda [11 2] k1=6 k2=2  triples=10764550 nonzero=10764550 cache=57687 vals=790236
lambda [9 4] k1=4 k2=0  triples=11332636 nonzero=11332636 cache=114516 vals=790280
lambda [13 1] k1=11 k2=9  triples=9067128 nonzero=9057884 cache=0 vals=790731
lambda [9 3] k1=3 k2=1  triples=9457296 nonzero=9457296 cache=67691 vals=790731
lambda [12 2] k1=10 k2=2  triples=9560496 nonzero=9559104 cache=79565 vals=790731
lambda [10 2] k1=8 k2=4  triples=8968640 nonzero=8967868 cache=39332 vals=791181
lambda [6 4] k1=2 k2=2  triples=8512560 nonzero=8512560 cache=69227 vals=799141
lambda [9 3] k1=5 k2=1  triples=8161776 nonzero=8161744 cache=89559 vals=799141
lambda [11 2] k1=8 k2=2  triples=8031730 nonzero=8031730 cache=64099 vals=799568
lambda [7 3] k1=3 k2=3  triples=6888882 nonzero=6888882 cache=41282 vals=800347
lambda [12 1] k1=9 k2=7  triples=6467338 nonzero=6467338 cache=0 vals=800906
lambda [13 1] k1=11 k2=5  triples=6399144 nonzero=6392216 cache=0 vals=800906
lambda [9 2] k1=6 k2=4  triples=6170738 nonzero=6170738 cache=28798 vals=801783
lambda [13 1] k1=11 k2=11  triples=5657376 nonzero=5652154 cache=0 vals=801783
lambda [12 1] k1=9 k2=9  triples=5534699 nonzero=5534699 cache=0 vals=801785
lambda [13 1] k1=5 k2=3  triples=5184960 nonzero=5182850 cache=0 vals=801785
lambda [13 1] k1=7 k2=3  triples=5184960 nonzero=5182850 cache=0 vals=801785
lambda [8 4] k1=4 k2=0  triples=5497458 nonzero=5497458 cache=79943 vals=801785
lambda [13 1] k1=3 k2=3  triples=4430784 nonzero=4427628 cache=0 vals=801789
lambda [13 1] k1=9 k2=3  triples=4430784 nonzero=4427628 cache=0 vals=801790
lambda [11 1] k1=7 k2=7  triples=3816264 nonzero=3816264 cache=0 vals=802942
lambda [12 1] k1=11 k2=7  triples=3278062 nonzero=3278062 cache=0 vals=803123
lambda [10 2] k1=8 k2=2  triples=3594312 nonzero=3593996 cache=32991 vals=803123
lambda [11 1] k1=7 k2=5  triples=3211152 nonzero=3211152 cache=0 vals=803123
lambda [9 2] k1=2 k2=2  triples=3135916 nonzero=3135916 cache=23668 vals=803144
lambda [12 1] k1=7 k2=3  triples=3008366 nonzero=3008366 cache=0 vals=803176
lambda [13 1] k1=11 k2=3  triples=2922432 nonzero=2919148 cache=0 vals=803176
lambda [11 1] k1=9 k2=7  triples=2611128 nonzero=2611128 cache=0 vals=803263
lambda [9 2] k1=6 k2=2  triples=2677948 nonzero=2677948 cache=24108 vals=803263
lambda [7 4] k1=0 k2=0  triples=2792416 nonzero=2792416 cache=43779 vals=803356
lambda [11 1] k1=9 k2=5  triples=2197104 nonzero=2197104 cache=0 vals=803356
lambda [7 3] k1=1 k2=1  triples=2209116 nonzero=2209116 cache=26021 vals=803356
lambda [7 3] k1=3 k2=1  triples=2209116 nonzero=2209116 cache=26021 vals=803356
lambda [11 1] k1=9 k2=9  triples=1832532 nonzero=1832532 cache=0 vals=803356
lambda [12 2] k1=4 k2=0  triples=2352560 nonzero=2352308 cache=9842 vals=803356
lambda [11 1] k1=3 k2=3  triples=1649352 nonzero=1649352 cache=0 vals=803357
lambda [11 1] k1=7 k2=3  triples=1649352 nonzero=1649352 cache=0 vals=803357
lambda [8 2] k1=4 k2=2  triples=1671688 nonzero=1671688 cache=12657 vals=803709
lambda [10 1] k1=7 k2=5  triples=1464594 nonzero=1464594 cache=0 vals=803892
lambda [12 2] k1=8 k2=0  triples=1957872 nonzero=1957600 cache=11738 vals=803892
lambda [6 4] k1=0 k2=0  triples=1387888 nonzero=1387888 cache=22390 vals=803892
lambda [12 1] k1=11 k2=3  triples=1196934 nonzero=1196934 cache=0 vals=803892
lambda [11 2] k1=4 k2=0  triples=1413776 nonzero=1413776 cache=6418 vals=803892
lambda [13 1] k1=7 k2=1  triples=1170400 nonzero=1169878 cache=0 vals=803892
lambda [11 2] k1=6 k2=0  triples=1345456 nonzero=1345456 cache=6435 vals=803892
lambda [10 1] k1=5 k2=3  triples=983768 nonzero=983768 cache=0 vals=804022
lambda [11 2] k1=2 k2=0  triples=1208816 nonzero=1208816 cache=7673 vals=804022
lambda [14 0] k1=10 k2=8  triples=1852312 nonzero=1852312 cache=0 vals=804075
lambda [13 1] k1=9 k2=1  triples=1000160 nonzero=999404 cache=0 vals=804075
lambda [12 2] k1=0 k2=0  triples=1168496 nonzero=1168272 cache=10308 vals=804075
lambda [14 0] k1=10 k2=10  triples=1706208 nonzero=1706208 cache=0 vals=804075
lambda [14 0] k1=6 k2=6  triples=1658880 nonzero=1658880 cache=0 vals=804075
lambda [10 1] k1=7 k2=3  triples=817508 nonzero=817508 cache=0 vals=804075
lambda [10 1] k1=9 k2=5  triples=769578 nonzero=769578 cache=0 vals=804212
lambda [11 2] k1=8 k2=0  triples=1003856 nonzero=1003856 cache=7664 vals=804212
lambda [12 1] k1=5 k2=1  triples=733691 nonzero=733691 cache=0 vals=804212
lambda [7 2] k1=4 k2=2  triples=684668 nonzero=684668 cache=6469 vals=806150
lambda [12 1] k1=7 k2=1  triples=703437 nonzero=703437 cache=0 vals=806150
lambda [14 0] k1=12 k2=10  triples=1218720 nonzero=1218720 cache=0 vals=806165
lambda [12 1] k1=3 k2=1  triples=642929 nonzero=642929 cache=0 vals=806165
lambda [9 1] k1=7 k2=5  triples=580104 nonzero=580104 cache=0 vals=806460
lambda [11 2] k1=0 k2=0  triples=730576 nonzero=730576 cache=6673 vals=806615
lambda [13 0] k1=8 k2=8  triples=1067283 nonzero=1067283 cache=0 vals=806617
lambda [14 0] k1=12 k2=6  triples=1036800 nonzero=1036800 cache=0 vals=806617
lambda [9 1] k1=3 k2=3  triples=496944 nonzero=496944 cache=0 vals=806640
lambda [13 0] k1=6 k2=6  triples=940688 nonzero=940688 cache=0 vals=806640
lambda [13 0] k1=8 k2=6  triples=907092 nonzero=907092 cache=0 vals=806640
lambda [14 0] k1=8 k2=4  triples=927168 nonzero=927168 cache=0 vals=806640
lambda [10 1] k1=9 k2=9  triples=393737 nonzero=393737 cache=0 vals=806640
lambda [11 1] k1=5 k2=1  triples=446292 nonzero=446292 cache=0 vals=806640
lambda [14 0] k1=4 k2=4  triples=811272 nonzero=811272 cache=0 vals=806640
lambda [11 1] k1=3 k2=1  triples=403788 nonzero=403788 cache=0 vals=806640
lambda [11 1] k1=7 k2=1  triples=403788 nonzero=403788 cache=0 vals=806640
lambda [14 0] k1=12 k2=12  triples=728400 nonzero=728400 cache=0 vals=806640
lambda [10 2] k1=8 k2=0  triples=476280 nonzero=476244 cache=4841 vals=806640
lambda [9 1] k1=7 k2=3  triples=359856 nonzero=359856 cache=0 vals=806640
lambda [6 2] k1=4 k2=4  triples=361464 nonzero=361040 cache=2641 vals=808020
lambda [6 2] k1=2 k2=2  triples=336528 nonzero=336440 cache=2369 vals=808182
lambda [14 0] k1=12 k2=4  triples=579480 nonzero=579480 cache=0 vals=808182
lambda [14 0] k1=14 k2=8  triples=529232 nonzero=529232 cache=0 vals=808183
lambda [12 0] k1=6 k2=6  triples=543500 nonzero=543500 cache=0 vals=808184
lambda [13 0] k1=12 k2=8  triples=513877 nonzero=513877 cache=0 vals=808196
lambda [13 0] k1=8 k2=4  triples=532899 nonzero=532899 cache=0 vals=808196
lambda [11 1] k1=9 k2=1  triples=276276 nonzero=276276 cache=0 vals=808196
lambda [8 1] k1=3 k2=3  triples=240309 nonzero=240309 cache=0 vals=809082
lambda [10 1] k1=5 k2=1  triples=253599 nonzero=253599 cache=0 vals=809082
lambda [6 2] k1=4 k2=2  triples=250656 nonzero=250328 cache=2612 vals=809082
lambda [13 0] k1=12 k2=6  triples=436748 nonzero=436748 cache=0 vals=809082
lambda [13 0] k1=12 k2=10  triples=409266 nonzero=409266 cache=0 vals=809082
lambda [14 0] k1=14 k2=6  triples=414720 nonzero=414720 cache=0 vals=809082
lambda [10 1] k1=7 k2=1  triples=210741 nonzero=210741 cache=0 vals=809082
lambda [8 2] k1=4 k2=0  triples=249912 nonzero=249912 cache=1822 vals=809082
lambda [12 0] k1=10 k2=6  triples=369580 nonzero=369580 cache=0 vals=809086
lambda [8 1] k1=7 k2=5  triples=170072 nonzero=170072 cache=0 vals=809246
lambda [14 0] k1=14 k2=12  triples=291360 nonzero=291360 cache=0 vals=809246
lambda [12 0] k1=8 k2=4  triples=314226 nonzero=314226 cache=0 vals=809246
lambda [14 0] k1=8 k2=2  triples=327040 nonzero=327040 cache=0 vals=809246
lambda [12 0] k1=10 k2=10  triples=258213 nonzero=258213 cache=0 vals=809246
lambda [9 1] k1=5 k2=1  triples=137112 nonzero=137112 cache=0 vals=809246
lambda [8 2] k1=0 k2=0  triples=165528 nonzero=165528 cache=1923 vals=809333
lambda [8 1] k1=7 k2=3  triples=122625 nonzero=122625 cache=0 vals=809333
lambda [4 3] k1=1 k2=1  triples=123409 nonzero=123409 cache=1266 vals=810054
lambda [14 0] k1=10 k2=2  triples=286160 nonzero=286160 cache=0 vals=810054
lambda [12 0] k1=10 k2=4  triples=232254 nonzero=232254 cache=0 vals=810054
lambda [11 0] k1=8 k2=8  triples=209052 nonzero=209052 cache=0 vals=810054
lambda [7 1] k1=3 k2=3  triples=106920 nonzero=106860 cache=0 vals=810391
lambda [7 1] k1=5 k2=5  triples=96960 nonzero=96792 cache=0 vals=810474
lambda [7 2] k1=2 k2=0  triples=121128 nonzero=121128 cache=1005 vals=810478
lambda [9 1] k1=7 k2=1  triples=99288 nonzero=99288 cache=0 vals=810478
lambda [11 0] k1=6 k2=4  triples=181188 nonzero=181188 cache=0 vals=810478
lambda [14 0] k1=12 k2=2  triples=204400 nonzero=204400 cache=0 vals=810478
lambda [13 0] k1=8 k2=2  triples=193536 nonzero=193536 cache=0 vals=810478
lambda [11 0] k1=4 k2=4  triples=172560 nonzero=172560 cache=0 vals=810478
lambda [12 0] k1=12 k2=8  triples=161574 nonzero=161574 cache=0 vals=810478
lambda [11 0] k1=8 k2=4  triples=155304 nonzero=155304 cache=0 vals=810478
lambda [13 0] k1=10 k2=2  triples=157696 nonzero=157696 cache=0 vals=810478
lambda [11 0] k1=10 k2=8  triples=127754 nonzero=127754 cache=0 vals=810488
lambda [7 2] k1=0 k2=0  triples=83640 nonzero=83640 cache=1034 vals=810548
lambda [13 0] k1=2 k2=2  triples=129024 nonzero=129024 cache=0 vals=810548
lambda [12 0] k1=6 k2=2  triples=130725 nonzero=130725 cache=0 vals=810548
lambda [12 0] k1=4 k2=2  triples=120267 nonzero=120267 cache=0 vals=810548
lambda [8 1] k1=1 k2=1  triples=54368 nonzero=54368 cache=0 vals=810548
lambda [10 0] k1=4 k2=4  triples=100368 nonzero=100368 cache=0 vals=810548
lambda [11 0] k1=10 k2=4  triples=94908 nonzero=94908 cache=0 vals=810548
lambda [6 2] k1=2 k2=0  triples=61368 nonzero=61344 cache=438 vals=810548
lambda [10 0] k1=8 k2=8  triples=77952 nonzero=77952 cache=0 vals=810551
lambda [12 0] k1=10 k2=2  triples=88893 nonzero=88893 cache=0 vals=810551
lambda [14 0] k1=14 k2=2  triples=81760 nonzero=81760 cache=0 vals=810551
lambda [6 2] k1=0 k2=0  triples=45736 nonzero=45688 cache=610 vals=810551
lambda [7 1] k1=3 k2=1  triples=35760 nonzero=35748 cache=0 vals=810551
lambda [14 0] k1=14 k2=14  triples=66432 nonzero=66432 cache=0 vals=810551
lambda [11 0] k1=10 k2=10  triples=59554 nonzero=59554 cache=0 vals=810551
lambda [11 0] k1=8 k2=2  triples=62118 nonzero=62118 cache=0 vals=810551
lambda [7 1] k1=1 k2=1  triples=28608 nonzero=28596 cache=0 vals=810551
lambda [9 0] k1=6 k2=6  triples=50036 nonzero=50036 cache=0 vals=810551
lambda [11 0] k1=2 k2=2  triples=51765 nonzero=51765 cache=0 vals=810551
lambda [9 0] k1=6 k2=4  triples=43918 nonzero=43918 cache=0 vals=810551
lambda [6 1] k1=5 k2=5  triples=19110 nonzero=19110 cache=0 vals=810699
lambda [10 0] k1=6 k2=2  triples=43308 nonzero=43308 cache=0 vals=810699
lambda [10 0] k1=10 k2=8  triples=33408 nonzero=33408 cache=0 vals=810699
lambda [10 0] k1=10 k2=4  triples=33456 nonzero=33456 cache=0 vals=810699
lambda [5 2] k1=0 k2=0  triples=18848 nonzero=18848 cache=253 vals=810748
lambda [10 0] k1=2 k2=2  triples=33684 nonzero=33684 cache=0 vals=810748
lambda [10 0] k1=8 k2=2  triples=33684 nonzero=33684 cache=0 vals=810748
lambda [14 0] k1=8 k2=0  triples=49536 nonzero=49536 cache=0 vals=810748
lambda [12 0] k1=12 k2=12  triples=26124 nonzero=26124 cache=0 vals=810748
lambda [14 0] k1=4 k2=0  triples=43344 nonzero=43344 cache=0 vals=810748
lambda [14 0] k1=10 k2=0  triples=43344 nonzero=43344 cache=0 vals=810748
lambda [8 0] k1=6 k2=4  triples=20130 nonzero=20130 cache=0 vals=810750
lambda [9 0] k1=6 k2=2  triples=20384 nonzero=20384 cache=0 vals=810750
lambda [6 1] k1=5 k2=1  triples=9376 nonzero=9376 cache=0 vals=810750
lambda [14 0] k1=2 k2=0  triples=30960 nonzero=30960 cache=0 vals=810750
lambda [14 0] k1=12 k2=0  triples=30960 nonzero=30960 cache=0 vals=810750
lambda [9 0] k1=2 k2=2  triples=17472 nonzero=17472 cache=0 vals=810756
lambda [13 0] k1=10 k2=0  triples=24024 nonzero=24024 cache=0 vals=810756
lambda [10 0] k1=10 k2=2  triples=14436 nonzero=14436 cache=0 vals=810756
lambda [12 0] k1=6 k2=0  triples=21000 nonzero=21000 cache=0 vals=810756
lambda [5 1] k1=1 k2=1  triples=5808 nonzero=5808 cache=0 vals=810914
lambda [8 0] k1=4 k2=2  triples=12428 nonzero=12428 cache=0 vals=810914
lambda [12 0] k1=4 k2=0  triples=19320 nonzero=19320 cache=0 vals=810914
lambda [8 0] k1=2 k2=2  triples=10516 nonzero=10516 cache=0 vals=810914
lambda [8 0] k1=8 k2=4  triples=9150 nonzero=9150 cache=0 vals=810914
lambda [7 0] k1=4 k2=4  triples=8420 nonzero=8420 cache=0 vals=810917
lambda [13 0] k1=12 k2=0  triples=14196 nonzero=14196 cache=0 vals=810917
lambda [14 0] k1=0 k2=0  triples=12384 nonzero=12384 cache=0 vals=810917
lambda [14 0] k1=14 k2=0  triples=12384 nonzero=12384 cache=0 vals=810917
lambda [11 0] k1=4 k2=0  triples=11200 nonzero=11200 cache=0 vals=810917
lambda [11 0] k1=2 k2=0  triples=8400 nonzero=8400 cache=0 vals=810917
lambda [4 1] k1=3 k2=3  triples=2242 nonzero=2242 cache=0 vals=811016
lambda [13 0] k1=0 k2=0  triples=7644 nonzero=7644 cache=0 vals=811016
lambda [7 0] k1=6 k2=6  triples=3857 nonzero=3857 cache=0 vals=811019
lambda [3 2] k1=0 k2=0  triples=2456 nonzero=2456 cache=28 vals=811039
lambda [10 0] k1=6 k2=0  triples=7560 nonzero=7560 cache=0 vals=811039
lambda [11 0] k1=10 k2=0  triples=6160 nonzero=6160 cache=0 vals=811039
lambda [12 0] k1=0 k2=0  triples=5880 nonzero=5880 cache=0 vals=811039
lambda [10 0] k1=2 k2=0  triples=5880 nonzero=5880 cache=0 vals=811039
lambda [4 1] k1=3 k2=1  triples=1545 nonzero=1545 cache=0 vals=811039
lambda [9 0] k1=4 k2=0  triples=3885 nonzero=3885 cache=0 vals=811039
lambda [9 0] k1=6 k2=0  triples=3626 nonzero=3626 cache=0 vals=811039
lambda [6 0] k1=4 k2=2  triples=2448 nonzero=2448 cache=0 vals=811041
lambda [6 0] k1=6 k2=4  triples=1656 nonzero=1656 cache=0 vals=811041
lambda [9 0] k1=8 k2=0  triples=2331 nonzero=2331 cache=0 vals=811041
lambda [10 0] k1=10 k2=0  triples=2520 nonzero=2520 cache=0 vals=811041
lambda [3 1] k1=1 k2=1  triples=612 nonzero=612 cache=0 vals=811059
lambda [8 0] k1=6 k2=0  triples=2079 nonzero=2079 cache=0 vals=811059
lambda [6 0] k1=6 k2=2  triples=1224 nonzero=1224 cache=0 vals=811059
lambda [5 0] k1=4 k2=4  triples=605 nonzero=605 cache=0 vals=811059
lambda [5 0] k1=4 k2=2  triples=640 nonzero=640 cache=0 vals=811059
lambda [7 0] k1=2 k2=0  triples=936 nonzero=936 cache=0 vals=811059
lambda [8 0] k1=8 k2=0  triples=945 nonzero=945 cache=0 vals=811059
lambda [6 0] k1=2 k2=0  triples=592 nonzero=592 cache=0 vals=811059
lambda [6 0] k1=4 k2=0  triples=592 nonzero=592 cache=0 vals=811059
lambda [4 0] k1=2 k2=2  triples=345 nonzero=345 cache=0 vals=811060
lambda [6 0] k1=0 k2=0  triples=296 nonzero=296 cache=0 vals=811060
lambda [4 0] k1=4 k2=2  triples=207 nonzero=207 cache=0 vals=811060
lambda [5 0] k1=4 k2=0  triples=170 nonzero=170 cache=0 vals=811060
lambda [5 0] k1=0 k2=0  triples=102 nonzero=102 cache=0 vals=811060
lambda [4 0] k1=0 k2=0  triples=72 nonzero=72 cache=0 vals=811060
lambda [4 0] k1=4 k2=0  triples=72 nonzero=72 cache=0 vals=811060
lambda [2 0] k1=2 k2=2  triples=16 nonzero=16 cache=0 vals=811062
lambda [1 0] k1=0 k2=0  triples=1 nonzero=1 cache=0 vals=811062
lambda [0 0] k1=0 k2=0  triples=1 nonzero=1 cache=0 vals=811063

real	45m41.766s
user	36m22.654s
sys	0m2.289s
exit=0
Thu Sep 24 02:50:42 UTC 2026
