Thu Sep 24 02:51:48 UTC 2026
    block 2 ('sos4', 1, 3): 74594 terms so far (800s, 5330 MB)
merged s4_part.pkl              74594 terms in, total       0 ->   74594 nonzero
    block 1 ('sos4', 1, 2): 72528 terms so far (808s, 4208 MB)
merged s4_part.pkl              72528 terms in, total   74594 ->   74594 nonzero
    block 19 ('sos4', 3, 2): 72528 terms so far (948s, 3475 MB)
merged s4_part.pkl              72528 terms in, total   74594 ->   74594 nonzero
    block 20 ('sos4', 3, 3): 74594 terms so far (1004s, 4103 MB)
merged s4_part.pkl              74594 terms in, total   74594 ->   74594 nonzero
    block 21 ('sos4', 3, 4): 74606 terms so far (276s, 2070 MB)
merged s4_part.pkl              74606 terms in, total   74594 ->   74606 nonzero
    block 6 ('sos4', 10, 2): 57596 terms so far (498s, 2097 MB)
    block 7 ('sos4', 10, 3): 60490 terms so far (1168s, 2519 MB)
    block 8 ('sos4', 10, 4): 60502 terms so far (1788s, 2524 MB)
    block 9 ('sos4', 10, 5): 60502 terms so far (2094s, 2525 MB)
    block 10 ('sos4', 11, 3): 60502 terms so far (2163s, 2525 MB)
    block 11 ('sos4', 11, 4): 60502 terms so far (2206s, 2525 MB)
    block 12 ('sos4', 11, 5): 60502 terms so far (2234s, 2525 MB)
merged s4_part.pkl              60502 terms in, total   74606 ->   74606 nonzero
    block 13 ('sos4', 2, 1): 67793 terms so far (149s, 1463 MB)
    block 14 ('sos4', 2, 2): 68042 terms so far (970s, 3588 MB)
    block 15 ('sos4', 2, 3): 70366 terms so far (1704s, 4521 MB)
    block 16 ('sos4', 2, 4): 70378 terms so far (2293s, 4585 MB)
    block 17 ('sos4', 2, 5): 70378 terms so far (2570s, 4587 MB)
    block 18 ('sos4', 3, 1): 74486 terms so far (2813s, 4588 MB)
merged s4_part.pkl              74486 terms in, total   74606 ->   74606 nonzero
    block 45 ('sos4', 9, 1): 49037 terms so far (83s, 1201 MB)
    block 46 ('sos4', 9, 2): 49286 terms so far (683s, 2936 MB)
    block 47 ('sos4', 9, 3): 51481 terms so far (1384s, 3956 MB)
    block 48 ('sos4', 9, 4): 51493 terms so far (1794s, 3958 MB)
    block 49 ('sos4', 9, 5): 51493 terms so far (1976s, 3958 MB)
merged s4_part.pkl              51493 terms in, total   74606 ->   74606 nonzero
ALL GROUPS DONE

real	225m9.272s
user	164m9.667s
sys	1m23.058s
exit=0
