Thu Sep 24 03:00:41 UTC 2026
read 127 blocks, 60 of them for irreducible representations (23s)
objective B X B^T [0,0] for lambda = (0,0): 24  (expected 24)
read sum-of-squares data (24s)
read 490 zonal polynomials (24s)
    block 0 ('sos3', 1, 1): 965 terms so far (24s, 199 MB)
    block 1 ('sos3', 1, 2): 965 terms so far (27s, 230 MB)
    block 2 ('sos3', 1, 3): 965 terms so far (27s, 231 MB)
    block 3 ('sos3', 2, 1): 965 terms so far (32s, 262 MB)
    block 4 ('sos3', 2, 2): 965 terms so far (37s, 272 MB)
    block 5 ('sos3', 2, 3): 962 terms so far (43s, 278 MB)
    block 6 ('sos3', 3, 1): 962 terms so far (49s, 292 MB)
    block 7 ('sos3', 3, 2): 962 terms so far (54s, 292 MB)
    block 8 ('sos3', 3, 3): 962 terms so far (54s, 292 MB)
    block 9 ('sos3', 4, 1): 962 terms so far (58s, 292 MB)
    block 10 ('sos3', 4, 2): 962 terms so far (62s, 292 MB)
    block 11 ('sos3', 4, 3): 962 terms so far (69s, 292 MB)
    block 12 ('sos3', 5, 1): 962 terms so far (74s, 292 MB)
    block 13 ('sos3', 5, 2): 962 terms so far (77s, 292 MB)
    block 14 ('sos3', 5, 3): 962 terms so far (83s, 292 MB)
k=3 sum-of-squares part done (83s)
      lambda [0, 0], 964 terms (83s)
      lambda [4, 0], 966 terms (83s)
      lambda [8, 0], 966 terms (85s)
      lambda [12, 0], 966 terms (87s)
  k=3 J1=(0,) J2=(1, 2) done, 966 terms (89s)
      lambda [0, 0], 966 terms (89s)
      lambda [4, 0], 966 terms (90s)
      lambda [8, 0], 966 terms (91s)
      lambda [12, 0], 966 terms (93s)
  k=3 J1=(1,) J2=(0, 2) done, 966 terms (95s)
      lambda [0, 0], 966 terms (95s)
      lambda [4, 0], 966 terms (95s)
      lambda [8, 0], 966 terms (96s)
      lambda [12, 0], 966 terms (99s)
  k=3 J1=(2,) J2=(0, 1) done, 966 terms (101s)
      lambda [0, 0], 966 terms (101s)
      lambda [4, 0], 966 terms (108s)
      lambda [8, 0], 966 terms (152s)
      lambda [12, 0], 966 terms (219s)
  k=3 J1=(0, 1) J2=(0, 2) done, 951 terms (243s)
      lambda [0, 0], 951 terms (243s)
      lambda [4, 0], 951 terms (250s)
      lambda [8, 0], 951 terms (291s)
      lambda [12, 0], 951 terms (359s)
  k=3 J1=(0, 1) J2=(1, 2) done, 935 terms (383s)
      lambda [0, 0], 935 terms (383s)
      lambda [4, 0], 935 terms (389s)
      lambda [8, 0], 935 terms (432s)
      lambda [12, 0], 935 terms (505s)
  k=3 J1=(0, 2) J2=(1, 2) done, 0 terms (527s)
CONSTRAINT 3: HOLDS EXACTLY  (0 nonzero coefficients, 527s)

constraint 3  zero

real	8m47.153s
user	6m4.018s
sys	0m0.280s
exit=0
