start  0 (D4-): max ip 0.500000  angle 60.000 deg  RSS distance to D4 subset 0.0000
start  1 (rnd): max ip 0.515259  angle 58.985 deg  RSS distance to D4 subset 1.6606
start  2 (rnd): max ip 0.508127  angle 59.461 deg  RSS distance to D4 subset 1.6835
start  3 (rnd): max ip 0.517329  angle 58.847 deg  RSS distance to D4 subset 1.5373
start  4 (D4-): max ip 0.500000  angle 60.000 deg  RSS distance to D4 subset 0.0000
start  5 (rnd): max ip 0.514819  angle 59.015 deg  RSS distance to D4 subset 1.5812
start  6 (rnd): max ip 0.525568  angle 58.293 deg  RSS distance to D4 subset 1.5742
start  7 (rnd): max ip 0.500000  angle 60.000 deg  RSS distance to D4 subset 0.0000
start  8 (D4-): max ip 0.500000  angle 60.000 deg  RSS distance to D4 subset 0.0000
start  9 (rnd): max ip 0.508128  angle 59.461 deg  RSS distance to D4 subset 1.6869
start 10 (rnd): max ip 0.518100  angle 58.795 deg  RSS distance to D4 subset 1.5743
start 11 (rnd): max ip 0.517463  angle 58.838 deg  RSS distance to D4 subset 1.5100
start 12 (D4-): max ip 0.500000  angle 60.000 deg  RSS distance to D4 subset 0.0000
start 13 (rnd): max ip 0.520744  angle 58.618 deg  RSS distance to D4 subset 1.2497
start 14 (rnd): max ip 0.514116  angle 59.062 deg  RSS distance to D4 subset 1.5562
start 15 (rnd): max ip 0.514201  angle 59.056 deg  RSS distance to D4 subset 1.6294
start 16 (D4-): max ip 0.500000  angle 60.000 deg  RSS distance to D4 subset 0.0000
start 17 (rnd): max ip 0.521687  angle 58.555 deg  RSS distance to D4 subset 1.5670
start 18 (rnd): max ip 0.521530  angle 58.565 deg  RSS distance to D4 subset 1.3598
start 19 (rnd): max ip 0.508109  angle 59.462 deg  RSS distance to D4 subset 1.6590
start 20 (D4-): max ip 0.500000  angle 60.000 deg  RSS distance to D4 subset 0.0000
start 21 (rnd): max ip 0.521204  angle 58.587 deg  RSS distance to D4 subset 1.3088
start 22 (rnd): max ip 0.526755  angle 58.214 deg  RSS distance to D4 subset 1.5504
start 23 (rnd): max ip 0.519274  angle 58.716 deg  RSS distance to D4 subset 1.4721
start 24 (D4-): max ip 0.500000  angle 60.000 deg  RSS distance to D4 subset 0.0000
start 25 (rnd): max ip 0.522499  angle 58.500 deg  RSS distance to D4 subset 1.5100
start 26 (rnd): max ip 0.524604  angle 58.358 deg  RSS distance to D4 subset 1.3158
start 27 (rnd): max ip 0.510774  angle 59.285 deg  RSS distance to D4 subset 1.6278
start 28 (D4-): max ip 0.500000  angle 60.000 deg  RSS distance to D4 subset 0.0000
start 29 (rnd): max ip 0.522521  angle 58.498 deg  RSS distance to D4 subset 1.3650
start 30 (rnd): max ip 0.500000  angle 60.000 deg  RSS distance to D4 subset 0.0000
start 31 (rnd): max ip 0.508128  angle 59.461 deg  RSS distance to D4 subset 1.6627
start 32 (D4-): max ip 0.500000  angle 60.000 deg  RSS distance to D4 subset 0.0000
start 33 (rnd): max ip 0.519051  angle 58.731 deg  RSS distance to D4 subset 1.3927
start 34 (rnd): max ip 0.519469  angle 58.703 deg  RSS distance to D4 subset 1.2764
start 35 (rnd): max ip 0.510774  angle 59.285 deg  RSS distance to D4 subset 1.6278
start 36 (D4-): max ip 0.500000  angle 60.000 deg  RSS distance to D4 subset 0.0000
start 37 (rnd): max ip 0.529283  angle 58.043 deg  RSS distance to D4 subset 1.5843
start 38 (rnd): max ip 0.520243  angle 58.651 deg  RSS distance to D4 subset 1.2909
start 39 (rnd): max ip 0.508109  angle 59.462 deg  RSS distance to D4 subset 1.6960
best max ip 0.500000 (angle 60.000 deg), its D4 distance 0.0000
