$ (cd arc1_v1w1 && full_breakpoint_trace.py)
Breakpoints at t=0 (pure root-aligned v1 case):
  [np.float64(1.047198)]
  compare: pi/4=0.785398, pi/3=1.047198, arccos(1/3)=1.230959

Breakpoints at t=pi/2 (pure root-aligned w1 case):
  [np.float64(1.047198)]

Full breakpoint sets across t:
  t=0.0000: [np.float64(1.0472)]
  t=0.0542: [np.float64(0.1082), np.float64(1.0472), np.float64(1.2531)]
  t=0.1083: [np.float64(0.2154), np.float64(1.0472), np.float64(1.1366), np.float64(1.5649)]
  t=0.1625: [np.float64(0.3208), np.float64(1.0472), np.float64(1.0565), np.float64(1.5575)]
  t=0.2167: [np.float64(0.4235), np.float64(0.9958), np.float64(1.0472), np.float64(1.5471)]
  t=0.2708: [np.float64(0.5228), np.float64(0.9481), np.float64(1.0472), np.float64(1.5337)]
  t=0.3250: [np.float64(0.6181), np.float64(0.9097), np.float64(1.0472), np.float64(1.5171)]
  t=0.3792: [np.float64(0.709), np.float64(0.8785), np.float64(1.0472), np.float64(1.4972)]
  t=0.4333: [np.float64(0.7951), np.float64(0.8531), np.float64(1.0472), np.float64(1.474)]
  t=0.4875: [np.float64(0.8326), np.float64(1.0472), np.float64(1.4473)]
  t=0.5417: [np.float64(0.8163), np.float64(1.0472), np.float64(1.4169)]
  t=0.5958: [np.float64(0.8038), np.float64(1.0472), np.float64(1.3828)]
  t=0.6500: [np.float64(0.7947), np.float64(1.0472), np.float64(1.0884), np.float64(1.3447)]
  t=0.7042: [np.float64(0.7887), np.float64(1.0472), np.float64(1.1491), np.float64(1.3025)]
  t=0.7583: [np.float64(0.7858), np.float64(1.0472), np.float64(1.2048), np.float64(1.2559)]
  t=0.8125: [np.float64(0.7858), np.float64(1.0472), np.float64(1.2048), np.float64(1.2559)]
  t=0.8666: [np.float64(0.7887), np.float64(1.0472), np.float64(1.1491), np.float64(1.3025)]
  t=0.9208: [np.float64(0.7947), np.float64(1.0472), np.float64(1.0884), np.float64(1.3447)]
  t=0.9750: [np.float64(0.8038), np.float64(1.0472), np.float64(1.3828)]
  t=1.0291: [np.float64(0.8163), np.float64(1.0472), np.float64(1.4169)]
  t=1.0833: [np.float64(0.8326), np.float64(1.0472), np.float64(1.4473)]
  t=1.1375: [np.float64(0.7951), np.float64(0.8531), np.float64(1.0472), np.float64(1.474)]
  t=1.1916: [np.float64(0.709), np.float64(0.8785), np.float64(1.0472), np.float64(1.4972)]
  t=1.2458: [np.float64(0.6181), np.float64(0.9097), np.float64(1.0472), np.float64(1.5171)]
  t=1.3000: [np.float64(0.5228), np.float64(0.9481), np.float64(1.0472), np.float64(1.5337)]
  t=1.3541: [np.float64(0.4235), np.float64(0.9958), np.float64(1.0472), np.float64(1.5471)]
  t=1.4083: [np.float64(0.3208), np.float64(1.0472), np.float64(1.0565), np.float64(1.5575)]
  t=1.4625: [np.float64(0.2154), np.float64(1.0472), np.float64(1.1366), np.float64(1.5649)]
  t=1.5166: [np.float64(0.1082), np.float64(1.0472), np.float64(1.2531)]
  t=1.5708: [np.float64(1.0472)]
