$ (cd arc1_v1w1 && identify_wall2.py)
t=0.40 supports (unique quadruples/higher):
  [0, 2, 13, 14, 17, 18]
  [0, 3, 7, 13, 17, 19]
  [0, 3, 7, 23]
  [0, 3, 8, 13, 18, 20]
  [0, 3, 8, 23]
  [0, 4, 7, 14, 17, 21]
  [0, 4, 7, 23]
  [0, 4, 8, 14, 18, 22]
  [0, 4, 8, 23]
  [1, 2, 5, 6, 9, 10]
  [1, 5, 9, 11, 15, 19]
  [1, 5, 10, 11, 16, 20]
  [1, 6, 9, 12, 15, 21]
  [1, 6, 10, 12, 16, 22]
  [1, 11, 12, 15, 16]
  [2, 5, 9, 13, 17, 19]
  [2, 5, 10, 13, 18, 20]
  [2, 6, 9, 14, 17, 21]
  [2, 6, 10, 14, 18, 22]
  [3, 5, 11, 13, 19, 20]
  [3, 7, 11, 15, 19]
  [3, 7, 11, 15, 23]
  [3, 8, 11, 16, 20]
  [3, 8, 11, 16, 23]
  [4, 6, 12, 14, 21, 22]
  [4, 7, 12, 15, 21]
  [4, 7, 12, 15, 23]
  [4, 8, 12, 16, 22]
  [4, 8, 12, 16, 23]
  [7, 9, 15, 17, 19, 21]
  [8, 10, 16, 18, 20, 22]
  [11, 12, 15, 16, 23]

t=0.50 supports:
  [0, 2, 13, 14, 17, 18]
  [0, 3, 7, 13, 17, 19]
  [0, 3, 7, 23]
  [0, 3, 8, 13, 18, 20]
  [0, 3, 8, 23]
  [0, 4, 7, 14, 17, 21]
  [0, 4, 7, 23]
  [0, 4, 8, 14, 18, 22]
  [0, 4, 8, 23]
  [1, 2, 5, 6, 9, 10]
  [1, 5, 9, 11, 15, 19]
  [1, 5, 10, 11, 16, 20]
  [1, 6, 9, 12, 15, 21]
  [1, 6, 10, 12, 16, 22]
  [1, 11, 12, 15, 16]
  [2, 5, 9, 13, 17, 19]
  [2, 5, 10, 13, 18, 20]
  [2, 6, 9, 14, 17, 21]
  [2, 6, 10, 14, 18, 22]
  [3, 5, 11, 13, 19, 20]
  [3, 7, 19, 23]
  [3, 8, 11, 16, 20]
  [3, 8, 11, 16, 23]
  [3, 11, 19, 23]
  [4, 6, 12, 14, 21, 22]
  [4, 7, 12, 15, 21]
  [4, 7, 12, 15, 23]
  [4, 8, 12, 16, 22]
  [4, 8, 12, 16, 23]
  [7, 9, 15, 17, 19, 21]
  [7, 15, 19, 23]
  [8, 10, 16, 18, 20, 22]
  [11, 12, 15, 16, 23]
  [11, 15, 19, 23]

NEW supports appearing between t=0.40 and t=0.50: [[3, 7, 19, 23], [7, 15, 19, 23], [3, 11, 19, 23], [11, 15, 19, 23]]
