$ (cd arc1_v1w1 && bisect_crossover.py)
0 0.34 -0.006784661332251787 7.3
1 0.335 0.002876630212908851 14.6
2 0.3375 -0.0019646608348417288 22.0
3 0.33625 0.0004533401525657115 30.3
4 0.336875 -0.0007563235788084154 37.6
5 0.3365625 -0.0001516572599574996 45.3
6 0.33640625 0.00015080009244939775 52.7
7 0.336484375 -4.3892632593481736e-07 60.2
8 0.3364453125 7.517799793219778e-05 68.3
9 0.33646484375 3.7368889456562865e-05 75.4
10 0.336474609375 1.8464819970649205e-05 83.1
11 0.3364794921875 9.012906422688187e-06 90.7
12 0.33648193359375 4.2869799483340845e-06 98.2
13 0.336483154296875 1.924024286173315e-06 106.0
14 0.3364837646484375 7.425483488607107e-07 113.6
15 0.33648406982421875 1.5181085364806727e-07 120.9
16 0.3364842224121094 -1.4355777559712548e-07 128.5
17 0.3364841461181641 4.126529162037112e-09 136.2
18 0.3364841842651367 -6.971562568340311e-08 144.3
19 0.33648416519165036 -3.2794548877147673e-08 154.3
20 0.33648415565490725 -1.433401001167144e-08 162.5
21 0.33648415088653566 -5.103740463346203e-09 170.9
22 0.33648414850234987 -4.886056602868051e-10 179.1
23 0.33648414731025694 1.8189617484670886e-09 190.1
24 0.33648414790630343 6.651780434881255e-10 200.4
25 0.33648414820432665 8.828619145015622e-11 208.8
26 0.33648414835333823 -2.001597344559504e-10 217.1
27 0.33648414827883244 -5.5936771512303604e-11 225.5
28 0.3364841482415795 1.6174709966574684e-11 233.8
29 0.336484148260206 -1.9881030773452366e-11 241.6
30 0.33648414825089273 -1.853160403585818e-12 249.8
31 0.3364841482462361 7.160774781457688e-12 258.1
32 0.33648414824856443 2.653807188926749e-12 266.7
33 0.3364841482497286 4.0032339266816907e-13 275.8
34 0.3364841482503107 -7.264185054593986e-13 284.0
35 0.33648414825001965 -1.6304755639575827e-13 292.5
36 0.3364841482498741 1.1863791813616953e-13 301.4
37 0.3364841482499469 -2.2204819129803338e-14 310.3
38 0.3364841482499105 4.821654950318085e-14 319.7
39 0.33648414824992867 1.3005865186688199e-14 328.8
t_c (rational bisection) = 0.3364841482499378
theta_c = 0.649167204624017853936835296442
