$ (cd arc1_v1w1 && identify_vertex_at_pi3.py)
Vertices at theta=pi/3-eps lying on any of +e2+-e3, +e2+-e4:
  v=[ 1.413969e+00  1.413969e+00 -2.450000e-04  2.450000e-04]  facets=['+e1+e2', '+e1-e3', '+e1+e4', '+e2-e3', '+e2+e4']
  v=[ 0.707107  0.707107 -0.707107 -0.707107]  facets=['+e1-e3', '+e1-e4', '+e2-e3', '+e2-e4', '-e3-e4']
  v=[ 1.413969e+00  1.413969e+00 -2.450000e-04 -2.450000e-04]  facets=['+e1+e2', '+e1-e3', '+e1-e4', '+e2-e3', '+e2-e4']
  v=[ 0.707107  0.707107 -0.707107  0.707107]  facets=['+e1-e3', '+e1+e4', '+e2-e3', '+e2+e4', '-e3+e4']
  v=[-0.707107  0.707107 -0.707107 -0.707107]  facets=['-e1+e2', '-e1-e3', '-e1-e4', '+e2-e3', '+e2-e4', '-e3-e4']
  v=[ 0.        0.       -1.414214  0.      ]  facets=['+e1-e3', '-e1-e3', '+e2-e3', '-e2-e3', '-e3+e4', '-e3-e4']
  v=[ 0.        0.        0.       -1.414214]  facets=['+e1-e4', '-e1-e4', '+e2-e4', '-e2-e4', '+e3-e4', '-e3-e4']
  v=[-0.707107  0.707107 -0.707107  0.707107]  facets=['-e1+e2', '-e1-e3', '-e1+e4', '+e2-e3', '+e2+e4', '-e3+e4']
  v=[0.       0.       0.       1.414214]  facets=['+e1+e4', '-e1+e4', '+e2+e4', '-e2+e4', '+e3+e4', '-e3+e4']
  v=[-0.707107  0.707107  0.707107  0.707107]  facets=['-e1+e2', '-e1+e3', '-e1+e4', '+e2+e3', '+e2+e4', '+e3+e4']
  v=[0.       1.414214 0.       0.      ]  facets=['-e1+e2', '+e2+e3', '+e2-e3', '+e2+e4', '+e2-e4']
  v=[-0.707107  0.707107  0.707107 -0.707107]  facets=['-e1+e2', '-e1+e3', '-e1-e4', '+e2+e3', '+e2-e4', '+e3-e4']
  v=[0.       0.       1.414214 0.      ]  facets=['+e1+e3', '-e1+e3', '+e2+e3', '-e2+e3', '+e3+e4', '+e3-e4']
  v=[0.707107 0.707107 0.707107 0.707107]  facets=['+e1+e3', '+e1+e4', '+e2+e3', '+e2+e4', '+e3+e4']
  v=[ 0.707107  0.707107  0.707107 -0.707107]  facets=['+e1+e3', '+e1-e4', '+e2+e3', '+e2-e4', '+e3-e4']
  v=[1.413969e+00 1.413969e+00 2.450000e-04 2.450000e-04]  facets=['+e1+e2', '+e1+e3', '+e1+e4', '+e2+e3', '+e2+e4']
  v=[1.414034 1.414214 0.       0.      ]  facets=['+e1+e2', '+e2+e3', '+e2-e3', '+e2+e4', '+e2-e4']
  v=[ 1.413969e+00  1.413969e+00  2.450000e-04 -2.450000e-04]  facets=['+e1+e2', '+e1+e3', '+e1-e4', '+e2+e3', '+e2-e4']

Vertices at theta=pi/3+eps lying on any of +e2+-e3, +e2+-e4:
  v=[ 0.707107  0.707107 -0.707107 -0.707107]  facets=['+e1-e3', '+e1-e4', '+e2-e3', '+e2-e4', '-e3-e4']
  v=[ 0.707107  0.707107 -0.707107  0.707107]  facets=['+e1-e3', '+e1+e4', '+e2-e3', '+e2+e4', '-e3+e4']
  v=[-0.707107  0.707107 -0.707107  0.707107]  facets=['-e1+e2', '-e1-e3', '-e1+e4', '+e2-e3', '+e2+e4', '-e3+e4']
  v=[-0.707107  0.707107 -0.707107 -0.707107]  facets=['-e1+e2', '-e1-e3', '-e1-e4', '+e2-e3', '+e2-e4', '-e3-e4']
  v=[ 0.        0.       -1.414214  0.      ]  facets=['+e1-e3', '-e1-e3', '+e2-e3', '-e2-e3', '-e3+e4', '-e3-e4']
  v=[ 0.        0.        0.       -1.414214]  facets=['+e1-e4', '-e1-e4', '+e2-e4', '-e2-e4', '+e3-e4', '-e3-e4']
  v=[0.       0.       0.       1.414214]  facets=['+e1+e4', '-e1+e4', '+e2+e4', '-e2+e4', '+e3+e4', '-e3+e4']
  v=[1.414214 1.414214 0.       0.      ]  facets=['+e1+e3', '+e1-e3', '+e1+e4', '+e1-e4', '+e2+e3', '+e2-e3', '+e2+e4', '+e2-e4']
  v=[-0.707107  0.707107  0.707107 -0.707107]  facets=['-e1+e2', '-e1+e3', '-e1-e4', '+e2+e3', '+e2-e4', '+e3-e4']
  v=[0.       1.414214 0.       0.      ]  facets=['-e1+e2', '+e2+e3', '+e2-e3', '+e2+e4', '+e2-e4']
  v=[-0.707107  0.707107  0.707107  0.707107]  facets=['-e1+e2', '-e1+e3', '-e1+e4', '+e2+e3', '+e2+e4', '+e3+e4']
  v=[ 0.707107  0.707107  0.707107 -0.707107]  facets=['+e1+e3', '+e1-e4', '+e2+e3', '+e2-e4', '+e3-e4']
  v=[0.707107 0.707107 0.707107 0.707107]  facets=['+e1+e3', '+e1+e4', '+e2+e3', '+e2+e4', '+e3+e4']
  v=[0.       0.       1.414214 0.      ]  facets=['+e1+e3', '-e1+e3', '+e2+e3', '-e2+e3', '+e3+e4', '+e3-e4']
