$ (cd arc1_v1w1 && scan_all_facets_near_V.py)
theta=0.189007: top 6 by value:
    +e2+e3: 1.00000000
    +e2-e3: 1.00000000
    +e2+e4: 1.00000000
    +e2-e4: 1.00000000
    u1: 1.00000000
    -e1+e2: 0.82486713

theta=0.198007: top 6 by value:
    +e2+e3: 1.00000000
    +e2-e3: 1.00000000
    +e2+e4: 1.00000000
    +e2-e4: 1.00000000
    u1: 1.00000000
    -e1+e2: 0.81697503

theta=0.199007: top 6 by value:
    u1: 1.00000000
    +e2+e3: 1.00000000
    +e2-e3: 1.00000000
    +e2+e4: 1.00000000
    +e2-e4: 1.00000000
    -e1+e2: 0.81609970

theta=0.200007: top 6 by value:
    +e2+e3: 1.00000000
    +e2-e3: 1.00000000
    +e2+e4: 1.00000000
    +e2-e4: 1.00000000
    u1: 1.00000000
    -e1+e2: 0.81522469

theta=0.209007: top 6 by value:
    +e2+e3: 1.00000000
    +e2-e3: 1.00000000
    +e2+e4: 1.00000000
    +e2-e4: 1.00000000
    u1: 1.00000000
    -e1+e2: 0.80736297

