$ (cd arc1_v1w1 && regionC_boxcover.py)
N degree 12 12 D degree 10 11
domain: v in (0.000700,0.413335)
  box  0: v=[0.00070,0.02133] u=[0.95038,0.99709] N:ok(0/169) D:ok(0/132) 3.4s
  box  1: v=[0.02133,0.04196] u=[0.75133,0.99449] N:ok(0/169) D:ok(0/132) 7.6s
  box  2: v=[0.04196,0.06260] u=[0.67299,0.99021] N:ok(0/169) D:ok(0/132) 12.1s
  box  3: v=[0.06260,0.08323] u=[0.62069,0.98427] N:ok(0/169) D:ok(0/132) 16.3s
  box  4: v=[0.08323,0.10386] u=[0.58169,0.97670] N:ok(0/169) D:ok(0/132) 20.5s
  box  5: v=[0.10386,0.12449] u=[0.57851,0.96754] N:ok(0/169) D:ok(0/132) 25.0s
  box  6: v=[0.12449,0.14512] u=[0.57851,0.95683] N:ok(0/169) D:ok(0/132) 29.5s
  box  7: v=[0.14512,0.16575] u=[0.57851,0.94463] N:ok(0/169) D:ok(0/132) 33.8s
  box  8: v=[0.16575,0.18639] u=[0.57851,0.93099] N:ok(0/169) D:ok(0/132) 38.0s
  box  9: v=[0.18639,0.20702] u=[0.57851,0.91597] N:ok(0/169) D:ok(0/132) 42.0s
  box 10: v=[0.20702,0.22765] u=[0.57851,0.89966] N:ok(0/169) D:ok(0/132) 45.2s
  box 11: v=[0.22765,0.24828] u=[0.57851,0.88210] N:ok(0/169) D:ok(0/132) 48.6s
  box 12: v=[0.24828,0.26891] u=[0.57851,0.86340] N:ok(0/169) D:ok(0/132) 52.2s
  box 13: v=[0.26891,0.28954] u=[0.57851,0.84361] N:ok(0/169) D:ok(0/132) 55.4s
  box 14: v=[0.28954,0.31018] u=[0.57851,0.82282] N:ok(0/169) D:ok(0/132) 58.6s
  box 15: v=[0.31018,0.33081] u=[0.59755,0.80112] N:ok(0/169) D:ok(0/132) 61.6s
  box 16: v=[0.33081,0.35144] u=[0.62686,0.77858] N:ok(0/169) D:ok(0/132) 64.8s
  box 17: v=[0.35144,0.37207] u=[0.65496,0.75528] N:ok(0/169) D:ok(0/132) 67.8s
  box 18: v=[0.37207,0.39270] u=[0.68183,0.73131] N:ok(0/169) D:ok(0/132) 70.6s
  box 19: SKIPPED (degenerate width)

ALL BOXES CERTIFIED: True
