$ (cd arc1_v1w1 && regionE_boxcover.py)
N degree 10 10 D degree 8 9
domain: v in (0.239638,0.412935)  t in (0.4696,0.7839)
  box  0: v=[0.23964,0.24927] u=[0.44662,0.45234] N:ok(0/121) D:ok(0/90) 18.0s
  box  1: v=[0.24927,0.25889] u=[0.44281,0.46843] N:ok(0/121) D:ok(0/90) 40.9s
  box  2: v=[0.25889,0.26852] u=[0.43932,0.48429] N:ok(0/121) D:ok(0/90) 64.4s
  box  3: v=[0.26852,0.27815] u=[0.43611,0.49992] N:ok(0/121) D:ok(0/90) 89.2s
  box  4: v=[0.27815,0.28778] u=[0.43318,0.51532] N:ok(0/121) D:ok(0/90) 113.2s
  box  5: v=[0.28778,0.29740] u=[0.43051,0.53047] N:ok(0/121) D:ok(0/90) 137.9s
  box  6: v=[0.29740,0.30703] u=[0.42808,0.54538] N:ok(0/121) D:ok(0/90) 162.0s
  box  7: v=[0.30703,0.31666] u=[0.42590,0.56004] N:ok(0/121) D:ok(0/90) 186.7s
  box  8: v=[0.31666,0.32629] u=[0.42393,0.57445] N:ok(0/121) D:ok(0/90) 211.7s
  box  9: v=[0.32629,0.33591] u=[0.42219,0.57620] N:ok(0/121) D:ok(0/90) 235.0s
  box 10: v=[0.33591,0.34554] u=[0.42065,0.57620] N:ok(0/121) D:ok(0/90) 259.3s
  box 11: v=[0.34554,0.35517] u=[0.41932,0.57620] N:ok(0/121) D:ok(0/90) 284.2s
  box 12: v=[0.35517,0.36480] u=[0.41817,0.57620] N:ok(0/121) D:ok(0/90) 308.1s
  box 13: v=[0.36480,0.37442] u=[0.41722,0.57620] N:ok(0/121) D:ok(0/90) 332.5s
  box 14: v=[0.37442,0.38405] u=[0.41644,0.57620] N:ok(0/121) D:ok(0/90) 356.1s
  box 15: v=[0.38405,0.39368] u=[0.41584,0.57620] N:ok(0/121) D:ok(0/90) 379.5s
  box 16: v=[0.39368,0.40331] u=[0.41541,0.57620] N:ok(0/121) D:ok(0/90) 402.8s
  box 17: v=[0.40331,0.41293] u=[0.41514,0.57620] N:ok(0/121) D:ok(0/90) 424.6s

ALL BOXES CERTIFIED: True
