$ (cd arc1_v1w1 && regionD_boxcover.py)
N degree 14 14 D degree 12 13
domain: v in (0.088587,0.314137)  (t in (0.1759,0.6095))
  box  0: v=[0.08859,0.09884] u=[0.57305,0.57620] N:ok(0/225) D:ok(0/182) 2.9s
  box  1: v=[0.09884,0.10909] u=[0.55789,0.57620] N:ok(0/225) D:ok(0/182) 6.3s
  box  2: v=[0.10909,0.11934] u=[0.54427,0.57620] N:ok(0/225) D:ok(0/182) 9.6s
  box  3: v=[0.11934,0.12960] u=[0.53196,0.57620] N:ok(0/225) D:ok(0/182) 13.0s
  box  4: v=[0.12960,0.13985] u=[0.52079,0.57620] N:ok(0/225) D:ok(0/182) 16.8s
  box  5: v=[0.13985,0.15010] u=[0.51062,0.57620] N:ok(0/225) D:ok(0/182) 20.6s
  box  6: v=[0.15010,0.16035] u=[0.50132,0.57620] N:ok(0/225) D:ok(0/182) 24.2s
  box  7: v=[0.16035,0.17061] u=[0.49281,0.57620] N:ok(0/225) D:ok(0/182) 28.2s
  box  8: v=[0.17061,0.18086] u=[0.48501,0.57620] N:ok(0/225) D:ok(0/182) 32.2s
  box  9: v=[0.18086,0.19111] u=[0.47784,0.57620] N:ok(0/225) D:ok(0/182) 35.7s
  box 10: v=[0.19111,0.20136] u=[0.47125,0.57620] N:ok(0/225) D:ok(0/182) 39.7s
  box 11: v=[0.20136,0.21161] u=[0.46520,0.57620] N:ok(0/225) D:ok(0/182) 43.6s
  box 12: v=[0.21161,0.22187] u=[0.45963,0.57620] N:ok(0/225) D:ok(0/182) 47.4s
  box 13: v=[0.22187,0.23212] u=[0.45451,0.57620] N:ok(0/225) D:ok(0/182) 51.1s
  box 14: v=[0.23212,0.24237] u=[0.45876,0.57620] N:ok(0/225) D:ok(0/182) 54.9s
  box 15: v=[0.24237,0.25262] u=[0.47589,0.57620] N:ok(0/225) D:ok(0/182) 58.8s
  box 16: v=[0.25262,0.26288] u=[0.49275,0.57620] N:ok(0/225) D:ok(0/182) 62.5s
  box 17: v=[0.26288,0.27313] u=[0.50935,0.57620] N:ok(0/225) D:ok(0/182) 66.1s
  box 18: v=[0.27313,0.28338] u=[0.52568,0.57620] N:ok(0/225) D:ok(0/182) 69.8s
  box 19: v=[0.28338,0.29363] u=[0.54173,0.57620] N:ok(0/225) D:ok(0/182) 73.2s
  box 20: v=[0.29363,0.30388] u=[0.55750,0.57620] N:ok(0/225) D:ok(0/182) 76.6s
  box 21: v=[0.30388,0.31414] u=[0.57299,0.57620] N:ok(0/225) D:ok(0/182) 79.9s

ALL BOXES CERTIFIED: True
