$ (cd arc2_w1v2 && bandC_certificate.py)
======================================================================
w1-v2 arc, band below region-top, C-sub-part (t in (0,t_cross))
box-covering certificate attempt
======================================================================
Step 1: combinatorial stability check
  t=0.0050 theta=1.5210: 34 vertices
  t=0.0278 theta=1.4548: 34 vertices
  t=0.0507 theta=1.4161: 34 vertices
  t=0.0735 theta=1.3866: 34 vertices
  t=0.0964 theta=1.3622: 34 vertices
  t=0.1192 theta=1.3410: 34 vertices
  t=0.1421 theta=1.3223: 34 vertices
  t=0.1649 theta=1.3053: 34 vertices
combinatorial pattern identical across all 8 samples: True

Step 2: loading cached exact vertex/volume derivation
F_Omega/D_Omega target constant: vol_band - 7/3

Step 3: map to Weierstrass (u,v) PER TERM
Step 3: loading cached (u,v) mapping
N degree (u,v)=(12,12)   D degree (u,v)=(10,11)

Step 4: box-covering, u in (u_C(t), u_W(t)), v=tan(t/2), t in (0,t_cross)
  box  0: v=[0.00170,0.00375] u=[0.92178,0.99897]  N:all>=0(169+/0-/00 of 169) D:all>=0(169+/0-/00 of 169)  [OK]
  box  1: v=[0.00375,0.00579] u=[0.88592,0.99893]  N:all>=0(169+/0-/00 of 169) D:all>=0(169+/0-/00 of 169)  [OK]
  box  2: v=[0.00579,0.00784] u=[0.86018,0.99888]  N:all>=0(169+/0-/00 of 169) D:all>=0(169+/0-/00 of 169)  [OK]
  box  3: v=[0.00784,0.00988] u=[0.83937,0.99881]  N:all>=0(169+/0-/00 of 169) D:all>=0(169+/0-/00 of 169)  [OK]
  box  4: v=[0.00988,0.01192] u=[0.82162,0.99872]  N:all>=0(169+/0-/00 of 169) D:all>=0(169+/0-/00 of 169)  [OK]
  box  5: v=[0.01192,0.01397] u=[0.80602,0.99861]  N:all>=0(169+/0-/00 of 169) D:all>=0(169+/0-/00 of 169)  [OK]
  box  6: v=[0.01397,0.01601] u=[0.79204,0.99849]  N:all>=0(169+/0-/00 of 169) D:all>=0(169+/0-/00 of 169)  [OK]
  box  7: v=[0.01601,0.01805] u=[0.77931,0.99835]  N:all>=0(169+/0-/00 of 169) D:all>=0(169+/0-/00 of 169)  [OK]
  box  8: v=[0.01805,0.02010] u=[0.76761,0.99819]  N:all>=0(169+/0-/00 of 169) D:all>=0(169+/0-/00 of 169)  [OK]
  box  9: v=[0.02010,0.02214] u=[0.75676,0.99802]  N:all>=0(169+/0-/00 of 169) D:all>=0(169+/0-/00 of 169)  [OK]
  box 10: v=[0.02214,0.02419] u=[0.74664,0.99783]  N:all>=0(169+/0-/00 of 169) D:all>=0(169+/0-/00 of 169)  [OK]
  box 11: v=[0.02419,0.02623] u=[0.73714,0.99763]  N:all>=0(169+/0-/00 of 169) D:all>=0(169+/0-/00 of 169)  [OK]
  box 12: v=[0.02623,0.02827] u=[0.72820,0.99740]  N:all>=0(169+/0-/00 of 169) D:all>=0(169+/0-/00 of 169)  [OK]
  box 13: v=[0.02827,0.03032] u=[0.71973,0.99716]  N:all>=0(169+/0-/00 of 169) D:all>=0(169+/0-/00 of 169)  [OK]
  box 14: v=[0.03032,0.03236] u=[0.71169,0.99691]  N:all>=0(169+/0-/00 of 169) D:all>=0(169+/0-/00 of 169)  [OK]
  box 15: v=[0.03236,0.03441] u=[0.70404,0.99664]  N:all>=0(169+/0-/00 of 169) D:all>=0(169+/0-/00 of 169)  [OK]
  box 16: v=[0.03441,0.03645] u=[0.69674,0.99635]  N:all>=0(169+/0-/00 of 169) D:all>=0(169+/0-/00 of 169)  [OK]
  box 17: v=[0.03645,0.03849] u=[0.68976,0.99604]  N:all>=0(169+/0-/00 of 169) D:all>=0(169+/0-/00 of 169)  [OK]
  box 18: v=[0.03849,0.04054] u=[0.68307,0.99572]  N:all>=0(169+/0-/00 of 169) D:all>=0(169+/0-/00 of 169)  [OK]
  box 19: v=[0.04054,0.04258] u=[0.67665,0.99538]  N:all>=0(169+/0-/00 of 169) D:all>=0(169+/0-/00 of 169)  [OK]
  box 20: v=[0.04258,0.04463] u=[0.67047,0.99503]  N:all>=0(169+/0-/00 of 169) D:all>=0(169+/0-/00 of 169)  [OK]
  box 21: v=[0.04463,0.04667] u=[0.66453,0.99466]  N:all>=0(169+/0-/00 of 169) D:all>=0(169+/0-/00 of 169)  [OK]
  box 22: v=[0.04667,0.04871] u=[0.65879,0.99427]  N:all>=0(169+/0-/00 of 169) D:all>=0(169+/0-/00 of 169)  [OK]
  box 23: v=[0.04871,0.05076] u=[0.65326,0.99387]  N:all>=0(169+/0-/00 of 169) D:all>=0(169+/0-/00 of 169)  [OK]
  box 24: v=[0.05076,0.05280] u=[0.64791,0.99345]  N:all>=0(169+/0-/00 of 169) D:all>=0(169+/0-/00 of 169)  [OK]
  box 25: v=[0.05280,0.05485] u=[0.64274,0.99301]  N:all>=0(169+/0-/00 of 169) D:all>=0(169+/0-/00 of 169)  [OK]
  box 26: v=[0.05485,0.05689] u=[0.63773,0.99255]  N:all>=0(169+/0-/00 of 169) D:all>=0(169+/0-/00 of 169)  [OK]
  box 27: v=[0.05689,0.05893] u=[0.63287,0.99208]  N:all>=0(169+/0-/00 of 169) D:all>=0(169+/0-/00 of 169)  [OK]
  box 28: v=[0.05893,0.06098] u=[0.62816,0.99160]  N:all>=0(169+/0-/00 of 169) D:all>=0(169+/0-/00 of 169)  [OK]
  box 29: v=[0.06098,0.06302] u=[0.62359,0.99110]  N:all>=0(169+/0-/00 of 169) D:all>=0(169+/0-/00 of 169)  [OK]
  box 30: v=[0.06302,0.06507] u=[0.61915,0.99058]  N:all>=0(169+/0-/00 of 169) D:all>=0(169+/0-/00 of 169)  [OK]
  box 31: v=[0.06507,0.06711] u=[0.61483,0.99004]  N:all>=0(169+/0-/00 of 169) D:all>=0(169+/0-/00 of 169)  [OK]
  box 32: v=[0.06711,0.06915] u=[0.61064,0.98949]  N:all>=0(169+/0-/00 of 169) D:all>=0(169+/0-/00 of 169)  [OK]
  box 33: v=[0.06915,0.07120] u=[0.60655,0.98892]  N:all>=0(169+/0-/00 of 169) D:all>=0(169+/0-/00 of 169)  [OK]
  box 34: v=[0.07120,0.07324] u=[0.60257,0.98834]  N:all>=0(169+/0-/00 of 169) D:all>=0(169+/0-/00 of 169)  [OK]
  box 35: v=[0.07324,0.07528] u=[0.59870,0.98774]  N:all>=0(169+/0-/00 of 169) D:all>=0(169+/0-/00 of 169)  [OK]
  box 36: v=[0.07528,0.07733] u=[0.59492,0.98712]  N:all>=0(169+/0-/00 of 169) D:all>=0(169+/0-/00 of 169)  [OK]
  box 37: v=[0.07733,0.07937] u=[0.59124,0.98649]  N:all>=0(169+/0-/00 of 169) D:all>=0(169+/0-/00 of 169)  [OK]
  box 38: v=[0.07937,0.08142] u=[0.58765,0.98584]  N:all>=0(169+/0-/00 of 169) D:all>=0(169+/0-/00 of 169)  [OK]
  box 39: v=[0.08142,0.08346] u=[0.58414,0.98518]  N:all>=0(169+/0-/00 of 169) D:all>=0(169+/0-/00 of 169)  [OK]

ALL 40 BOXES CERTIFIED (exact rational/Q(sqrt2) arithmetic).
Excluded margin: ~4.000% of the v-range at the two ends, plus ~0.1-0.2% of u-range at each box's own floor/ceiling edges.
