$ (cd arc2_w1v2 && w1v2_identify_c.py)

=== t=0.1 ===
  theta=0.199007 [B(new)]
  theta=1.047198 [universal]
  theta=1.151505 [UNEXPLAINED] vertex=[0.      0.      1.41421 0.     ] touches=['u1', (0, 1, 2, 1), (0, -1, 2, 1), (1, 1, 2, 1), (1, -1, 2, 1), (2, 1, 3, 1), (2, 1, 3, -1)]
  theta=1.151505 [UNEXPLAINED] vertex=[0.      0.      1.41421 0.     ] touches=['u1', (0, 1, 2, 1), (0, -1, 2, 1), (1, 1, 2, 1), (1, -1, 2, 1), (2, 1, 3, 1), (2, 1, 3, -1)]
  theta=1.565788 [W]

=== t=0.2 ===
  theta=0.392231 [B(new)]
  theta=1.012892 [UNEXPLAINED] vertex=[0.      0.      1.41421 0.     ] touches=['u1', (0, 1, 2, 1), (0, -1, 2, 1), (1, 1, 2, 1), (1, -1, 2, 1), (2, 1, 3, 1), (2, 1, 3, -1)]
  theta=1.012892 [UNEXPLAINED] vertex=[0.      0.      1.41421 0.     ] touches=['u1', (0, 1, 2, 1), (0, -1, 2, 1), (1, 1, 2, 1), (1, -1, 2, 1), (2, 1, 3, 1), (2, 1, 3, -1)]
  theta=1.047198 [universal]
  theta=1.550663 [W]

=== t=0.3 ===
  theta=0.574684 [B(new)]
  theta=0.926383 [UNEXPLAINED] vertex=[0.      0.      1.41421 0.     ] touches=['u1', (0, 1, 2, 1), (0, -1, 2, 1), (1, 1, 2, 1), (1, -1, 2, 1), (2, 1, 3, 1), (2, 1, 3, -1)]
  theta=0.926383 [UNEXPLAINED] vertex=[0.      0.      1.41421 0.     ] touches=['u1', (0, 1, 2, 1), (0, -1, 2, 1), (1, 1, 2, 1), (1, -1, 2, 1), (2, 1, 3, 1), (2, 1, 3, -1)]
  theta=1.047198 [universal]
  theta=1.525121 [W]

=== t=0.4636 ===
  theta=0.840998 [B(new)]
  theta=1.047198 [universal]
  theta=1.459479 [W]

=== t=0.6 ===
  theta=0.802990 [UNEXPLAINED] vertex=[ 0.       0.       1.41421 -0.     ] touches=['u1', (0, 1, 2, 1), (0, -1, 2, 1), (1, 1, 2, 1), (1, -1, 2, 1), (2, 1, 3, 1), (2, 1, 3, -1)]
  theta=0.802990 [UNEXPLAINED] vertex=[0.      0.      1.41421 0.     ] touches=['u1', (0, 1, 2, 1), (0, -1, 2, 1), (1, 1, 2, 1), (1, -1, 2, 1), (2, 1, 3, 1), (2, 1, 3, -1)]
  theta=0.802990 [UNEXPLAINED] vertex=[0.      0.      1.41421 0.     ] touches=['u1', (0, 1, 2, 1), (0, -1, 2, 1), (1, 1, 2, 1), (1, -1, 2, 1), (2, 1, 3, 1), (2, 1, 3, -1)]
  theta=1.047198 [universal]
  theta=1.379999 [W]

=== t=0.75 ===
  theta=0.786025 [UNEXPLAINED] vertex=[0.      0.      1.41421 0.     ] touches=['u1', (0, 1, 2, 1), (0, -1, 2, 1), (1, 1, 2, 1), (1, -1, 2, 1), (2, 1, 3, 1), (2, 1, 3, -1)]
  theta=0.786025 [UNEXPLAINED] vertex=[ 0.       0.       1.41421 -0.     ] touches=['u1', (0, 1, 2, 1), (0, -1, 2, 1), (1, 1, 2, 1), (1, -1, 2, 1), (2, 1, 3, 1), (2, 1, 3, -1)]
  theta=0.786025 [UNEXPLAINED] vertex=[0.      0.      1.41421 0.     ] touches=['u1', (0, 1, 2, 1), (0, -1, 2, 1), (1, 1, 2, 1), (1, -1, 2, 1), (2, 1, 3, 1), (2, 1, 3, -1)]
  theta=1.047198 [universal]
  theta=1.196593 [B(new)]
  theta=1.263357 [W]
