$ (cd core && piece2_sturm.py)
degree of Q_II*(1+t^2)^4: 10
Q(3/5) = 262816768/9765625 26.9124370432
Q(2/3) = 692488/19683
Q(1)   = 0 0.0
Q(1/2) [Piece I side, sanity] = 577/32

sympy poly degree: 10

t_a = 5773/10000 = 0.5773, 1/sqrt(3) = 0.5773502691896257
Number of real roots of Q_II*(1+t^2)^4 in [5773/10000, 1]: 1
t_a2 = 11547/20000 = 0.57735 vs 1/sqrt3=0.5773502691896257  (t_a2 < 1/sqrt3: True)
roots in [11547/20000, 1]: 1

All real roots (exact, as roots or intervals):
   CRootOf(24*x**9 + 72*x**8 - 33*x**7 - 171*x**6 - 71*x**5 + 111*x**4 + x**3 - 29*x**2 - x + 1, 0) ~ -2.7864773156345226
   CRootOf(24*x**9 + 72*x**8 - 33*x**7 - 171*x**6 - 71*x**5 + 111*x**4 + x**3 - 29*x**2 - x + 1, 1) ~ -0.4381451639209291
   CRootOf(24*x**9 + 72*x**8 - 33*x**7 - 171*x**6 - 71*x**5 + 111*x**4 + x**3 - 29*x**2 - x + 1, 2) ~ -0.232448440070862
   CRootOf(24*x**9 + 72*x**8 - 33*x**7 - 171*x**6 - 71*x**5 + 111*x**4 + x**3 - 29*x**2 - x + 1, 3) ~ 0.17821550540184122
   1 ~ 1.0
   CRootOf(24*x**9 + 72*x**8 - 33*x**7 - 171*x**6 - 71*x**5 + 111*x**4 + x**3 - 29*x**2 - x + 1, 4) ~ 1.4393087977897836

--- refined check: exclude the known boundary root at t=1 ---
roots in [5773/10000, 999/1000] (main range, excludes t=1): 0
roots in [999/1000, 1] (upper sliver incl. boundary root at t=1): 1
Q(1999/2000) = 6130183177647610528370703428003/16000000000000000000000000000000 = 3.831364e-01  sign=+
Q(19999/20000) = 6142617671689662360105316370070349280003/160000000000000000000000000000000000000000 = 3.839136e-02  sign=+
Q(199999/200000) = 6143861760716809663836001053196370007034992800003/1600000000000000000000000000000000000000000000000000 = 3.839914e-03  sign=+

t_low=577/1000=0.577  (< 1/sqrt3=0.5773502691896257)
roots in [577/1000, 5773/10000] (brackets 1/sqrt(3)): 0
Q(2887/5000) = 2.452515e+01
Q(7217/12500) = 2.452113e+01
Q(5773/10000) = 2.451510e+01

--- cleanest single-bracket version ---
1/sqrt(3) = 0.5773502691896257  (must lie in (0.2, 0.999))
roots of Q_II*(1+t^2)^4 in [1/5, 999/1000]: 0
Q(1/5) = 1.333055
Q(3/5) = 26.912437  (reference interior point, known positive)
roots in [999/1000, 1]: 1  (should be exactly the known root AT t=1)
Q(1) exact = 0
