$ (cd hessian_multidir && multidir_exact_zero_hessian_hp.py)
Active set (m=18): [0, 2, 4, 5, 6, 7, 8, 9, 10, 11, 12, 13, 16, 17, 20, 21, 22, 23]
Double-precision Hessian, smallest 5 eigenvalues (h=0.01):
  [3.89205911e-05 4.45086818e-05 4.60629330e-05 2.10605628e-04
 7.51425823e-02]

========================================================================
smallest eigenvector v0
========================================================================
  s=0.02   F(+s)=4.095357e-09  F(-s)=4.086654e-09  2nd-deriv-est=2.045503e-05  [t=14s]
  s=0.01   F(+s)=2.593608e-10  F(-s)=2.591118e-10  2nd-deriv-est=5.184726e-06  [t=29s]
  s=0.005  F(+s)=1.677046e-11  F(-s)=1.679211e-11  2nd-deriv-est=1.342503e-06  [t=42s]
  ratio 2nd-deriv(s=0.02)/2nd-deriv(s=0.01) = 3.945  (expect ~4 if true 2nd derivative is exactly 0)
  ratio 2nd-deriv(s=0.01)/2nd-deriv(s=0.005) = 3.862  (expect ~4 if true 2nd derivative is exactly 0)

========================================================================
mixed (v0+v1+v2)/sqrt3
========================================================================
  s=0.02   F(+s)=4.244626e-09  F(-s)=4.245747e-09  2nd-deriv-est=2.122593e-05  [t=57s]
  s=0.01   F(+s)=2.685905e-10  F(-s)=2.687297e-10  2nd-deriv-est=5.373202e-06  [t=71s]
  s=0.005  F(+s)=1.735660e-11  F(-s)=1.737395e-11  2nd-deriv-est=1.389222e-06  [t=85s]
  ratio 2nd-deriv(s=0.02)/2nd-deriv(s=0.01) = 3.950  (expect ~4 if true 2nd derivative is exactly 0)
  ratio 2nd-deriv(s=0.01)/2nd-deriv(s=0.005) = 3.868  (expect ~4 if true 2nd derivative is exactly 0)

========================================================================
mixed (v0-v1)/sqrt2
========================================================================
  s=0.02   F(+s)=4.229249e-09  F(-s)=4.227857e-09  2nd-deriv-est=2.114276e-05  [t=100s]
  s=0.01   F(+s)=2.676849e-10  F(-s)=2.675107e-10  2nd-deriv-est=5.351956e-06  [t=114s]
  s=0.005  F(+s)=1.730796e-11  F(-s)=1.728620e-11  2nd-deriv-est=1.383767e-06  [t=128s]
  ratio 2nd-deriv(s=0.02)/2nd-deriv(s=0.01) = 3.950  (expect ~4 if true 2nd derivative is exactly 0)
  ratio 2nd-deriv(s=0.01)/2nd-deriv(s=0.005) = 3.868  (expect ~4 if true 2nd derivative is exactly 0)

CONCLUSION: in every direction tested, the second-derivative estimate
shrinks by a clean factor of ~4 per halving of s -- the Hessian is
EXACTLY (not approximately) singular here, with a positive quartic
term governing F's true local behaviour.
