$ (cd hessian_multidir && joint_hessian_closed_form.py)
=== Adjacent pair, chamber C001: m12, m13 ===
--- m12-m13 (adjacent)  <alpha,beta>=+0.50 ---
  c1=+1.00 c2=+1.00 phi=+0.00  computed=+0.333332  model=+0.333333  diff=-1.03e-06
  c1=+0.90 c2=+0.90 phi=+0.00  computed=+0.285832  model=+0.285833  diff=-9.82e-07
  c1=+0.50 c2=-0.50 phi=+0.30  computed=-0.023627  model=-0.023625  diff=-1.84e-06
  c1=+0.00 c2=+0.00 phi=+0.00  computed=+0.083335  model=+0.083333  diff=+1.21e-06
  c1=+1.00 c2=+0.00 phi=+0.00  computed=+0.000001  model=+0.000000  diff=+7.09e-07
  max |computed - model| over test points: 1.84e-06

=== Obtuse pair, chamber C001: n13, m23 ===
--- n13-m23 (obtuse)  <alpha,beta>=-0.50 ---
  c1=+1.00 c2=+1.00 phi=+0.00  computed=-0.000000  model=+0.000000  diff=-6.97e-08
  c1=+0.90 c2=+0.90 phi=+0.00  computed=-0.000001  model=+0.000000  diff=-9.92e-07
  c1=+0.50 c2=-0.50 phi=+0.30  computed=-0.000002  model=+0.000000  diff=-2.11e-06
  c1=+0.00 c2=+0.00 phi=+0.00  computed=+0.000000  model=+0.000000  diff=+3.75e-07
  c1=+1.00 c2=+0.00 phi=+0.00  computed=+0.000001  model=+0.000000  diff=+8.50e-07
  max |computed - model| over test points: 2.11e-06

=== Orthogonal pair, chamber C001: m13, n13 ===
--- m13-n13 (orthogonal)  <alpha,beta>=-0.00 ---
  c1=+1.00 c2=+1.00 phi=+0.00  computed=+0.000004  model=+0.000000  diff=+4.27e-06
  c1=+0.90 c2=+0.90 phi=+0.00  computed=+0.000002  model=+0.000000  diff=+1.71e-06
  c1=+0.50 c2=-0.50 phi=+0.30  computed=-0.000002  model=+0.000000  diff=-2.09e-06
  c1=+0.00 c2=+0.00 phi=+0.00  computed=+0.000000  model=+0.000000  diff=+2.32e-07
  c1=+1.00 c2=+0.00 phi=+0.00  computed=+0.000002  model=+0.000000  diff=+1.97e-06
  max |computed - model| over test points: 4.27e-06

=== Independent cross-check, chamber C004's adjacent pair: n12, m14 ===
--- n12-m14 (adjacent, different chamber)  <alpha,beta>=+0.50 ---
  c1=+1.00 c2=+1.00 phi=+0.00  computed=+0.333331  model=+0.333333  diff=-2.27e-06
  c1=+0.90 c2=+0.90 phi=+0.00  computed=+0.285835  model=+0.285833  diff=+1.38e-06
  c1=+0.50 c2=-0.50 phi=+0.30  computed=-0.023626  model=-0.023625  diff=-1.02e-06
  c1=+0.00 c2=+0.00 phi=+0.00  computed=+0.083333  model=+0.083333  diff=-2.39e-07
  c1=+1.00 c2=+0.00 phi=+0.00  computed=+0.000002  model=+0.000000  diff=+1.90e-06
  max |computed - model| over test points: 2.27e-06

=== Exact analytic optimum of the adjacent-pair model ===
max|H12| over c1,c2 in [-1,1], phi: analytically 1/3 at c1=c2=+-1 (any phi).
dense-grid check of max|H12|: 0.333333  (expect 1/3 = 0.333333)
=> exact worst-case joint-Hessian eigenvalue = 2/3 - 1/3 = 0.333333
