$ (cd hessian_multidir && m3_hessian.py)
m=1 check: F(0)= 2.5357849153806455e-10
Hessian (should be ~ (2/3)*I_3):
[[ 0.6667 -0.     -0.    ]
 [-0.      0.6667 -0.    ]
 [-0.     -0.      0.6667]]
eigenvalues: [0.6667 0.6667 0.6667]

======================================================================
m=2 (adjacent pair alpha=(1,1,0,0), beta=(1,0,1,0)):
Gram(alpha,beta) = 0.4999999999999999
F(0) = 4.454570046164008e-11
Full 6x6 Hessian:
[[ 0.6667 -0.      0.      0.1666  0.1178 -0.    ]
 [-0.      0.6667 -0.      0.1178  0.2499 -0.    ]
 [ 0.     -0.      0.6667 -0.      0.      0.0832]
 [ 0.1666  0.1178 -0.      0.6667  0.     -0.    ]
 [ 0.1178  0.2499  0.      0.      0.6667 -0.    ]
 [-0.     -0.      0.0832 -0.     -0.      0.6667]]
eigenvalues: [0.3335 0.5834 0.5835 0.7499 0.75   0.9999]
min eigenvalue: 0.33349679677701277

======================================================================
m=3 (mutually-adjacent triple: (1,1,0,0),(1,0,1,0),(1,0,0,1)):
Gram matrix of the triple:
[[1.  0.5 0.5]
 [0.5 1.  0.5]
 [0.5 0.5 1. ]]
F(0) = 3.575362228502854e-10
eigenvalues (9 total): [0.3335 0.3335 0.3335 0.5834 0.5834 0.8333 0.9166 0.9166 1.1665]
min eigenvalue: 0.3334830338723844

cross-check at h=0.01, min eigenvalue: 0.3333706298233901
difference: 0.000112404048994319

======================================================================
Non-adjacent pair check (orthogonal): alpha=(1,1,0,0), k=index1=(1,-1,0,0)/sqrt2:
cross block (rows 0-2, cols 3-5):
[[ 0.0002 -0.     -0.    ]
 [-0.     -0.     -0.    ]
 [-0.     -0.     -0.    ]]
eigenvalues: [0.6665 0.6667 0.6667 0.6667 0.6667 0.667 ]

Non-adjacent pair check (obtuse, Gram=-1/2): alpha=(1,1,0,0), k=index6:
cross block:
[[ 0.  0. -0.]
 [-0. -0.  0.]
 [ 0.  0.  0.]]
eigenvalues: [0.6667 0.6667 0.6667 0.6667 0.6667 0.6667]

======================================================================
Path triple (a-b adjacent, b-k adjacent, a-k orthogonal), a=(1,1,0,0), b=(1,0,1,0), k=index1:
eigenvalues (9): [0.2759 0.3782 0.549  0.6665 0.6667 0.6668 0.7844 0.9553 1.0574]
min eigenvalue: 0.27592854296381836
