$ (cd hessian_multidir && multidir_nullspace_broad_sample_m20.py)
Active set (m=20): [0, 2, 4, 5, 6, 7, 8, 9, 10, 11, 12, 13, 15, 16, 17, 19, 20, 21, 22, 23]
dim = 60
========================================================================
STEP 0: double-precision spectrum at 3 step sizes
========================================================================
  h=0.02: smallest 7 eigenvalues = [4.7000e-05 1.7300e-04 1.7400e-04 4.3800e-04 8.1400e-04 3.5586e-02
 5.9922e-02]
  h=0.01: smallest 7 eigenvalues = [1.5000e-05 4.5000e-05 4.9000e-05 1.1600e-04 2.1500e-04 3.5237e-02
 5.9820e-02]
  h=0.005: smallest 7 eigenvalues = [1.1000e-05 2.3000e-05 3.5000e-05 4.8000e-05 6.9000e-05 3.5158e-02
 5.9795e-02]
  eigenvalue[0] shrink ratios: h=.02/.01=3.115  h=.01/.005=1.388
  eigenvalue[1] shrink ratios: h=.02/.01=3.841  h=.01/.005=1.951
  eigenvalue[2] shrink ratios: h=.02/.01=3.586  h=.01/.005=1.397
  eigenvalue[3] shrink ratios: h=.02/.01=3.757  h=.01/.005=2.446
  eigenvalue[4] shrink ratios: h=.02/.01=3.786  h=.01/.005=3.095
  eigenvalue[5] shrink ratios: h=.02/.01=1.010  h=.01/.005=1.002

Total test directions: 30

  [basis eigenvector w0]  F(+s)=3.8655e-10  F(-s)=3.8578e-10  a4_est=0.007628  [t=32s]
  [basis eigenvector w1]  F(+s)=1.3598e-09  F(-s)=1.3618e-09  a4_est=0.026881  [t=47s]
  [basis eigenvector w2]  F(+s)=1.3622e-09  F(-s)=1.3623e-09  a4_est=0.026908  [t=62s]
  [basis eigenvector w3]  F(+s)=2.3900e-09  F(-s)=2.3900e-09  a4_est=0.047210  [t=76s]
  [basis eigenvector w4]  F(+s)=1.5885e-08  F(-s)=1.5880e-08  a4_est=0.313731  [t=90s]
  [(w0+w1)/sqrt2]  F(+s)=1.0071e-09  F(-s)=1.0011e-09  a4_est=0.019834  [t=105s]
  [(w0+w2)/sqrt2]  F(+s)=8.1431e-10  F(-s)=8.1231e-10  a4_est=0.016065  [t=120s]
  [(w0+w3)/sqrt2]  F(+s)=1.8881e-09  F(-s)=1.8874e-09  a4_est=0.037289  [t=135s]
  [(w0+w4)/sqrt2]  F(+s)=4.6189e-09  F(-s)=4.6185e-09  a4_est=0.091234  [t=149s]
  [(w1+w2)/sqrt2]  F(+s)=1.4634e-09  F(-s)=1.4606e-09  a4_est=0.028879  [t=164s]
  [(w1+w3)/sqrt2]  F(+s)=2.2327e-09  F(-s)=2.2699e-09  a4_est=0.044470  [t=179s]
  [(w1+w4)/sqrt2]  F(+s)=3.6384e-09  F(-s)=3.6490e-09  a4_est=0.071974  [t=193s]
  [(w2+w3)/sqrt2]  F(+s)=2.0639e-09  F(-s)=2.0359e-09  a4_est=0.040492  [t=208s]
  [(w2+w4)/sqrt2]  F(+s)=3.6988e-09  F(-s)=3.6850e-09  a4_est=0.072926  [t=223s]
  [(w3+w4)/sqrt2]  F(+s)=5.1085e-09  F(-s)=5.1084e-09  a4_est=0.100907  [t=237s]
  [random#0 coeffs=[-0.351, 0.458, -0.605, -0.395, -0.381]]  F(+s)=1.7420e-09  F(-s)=1.7432e-09  a4_est=0.034421  [t=251s]
  [random#1 coeffs=[0.256, -0.066, -0.618, 0.443, -0.593]]  F(+s)=1.9549e-09  F(-s)=1.9612e-09  a4_est=0.038677  [t=266s]
  [random#2 coeffs=[0.286, -0.374, -0.308, 0.37, -0.739]]  F(+s)=4.7857e-09  F(-s)=4.7907e-09  a4_est=0.094582  [t=280s]
  [random#3 coeffs=[-0.696, -0.022, 0.674, -0.031, 0.243]]  F(+s)=4.9260e-10  F(-s)=4.8749e-10  a4_est=0.009680  [t=296s]
  [random#4 coeffs=[0.115, -0.747, 0.503, 0.195, 0.372]]  F(+s)=1.3765e-09  F(-s)=1.3902e-09  a4_est=0.027326  [t=312s]
  [random#5 coeffs=[0.349, 0.387, -0.075, -0.282, 0.803]]  F(+s)=7.0243e-09  F(-s)=7.0341e-09  a4_est=0.138849  [t=329s]
  [random#6 coeffs=[-0.182, 0.915, -0.207, 0.135, 0.262]]  F(+s)=1.0085e-09  F(-s)=1.0164e-09  a4_est=0.019999  [t=345s]
  [random#7 coeffs=[0.115, 0.63, -0.659, 0.382, 0.102]]  F(+s)=1.5493e-09  F(-s)=1.5407e-09  a4_est=0.030519  [t=361s]
  [random#8 coeffs=[0.053, 0.498, -0.135, -0.799, -0.305]]  F(+s)=2.2426e-09  F(-s)=2.2464e-09  a4_est=0.044336  [t=379s]
  [random#9 coeffs=[0.219, 0.335, 0.077, 0.799, 0.443]]  F(+s)=2.3353e-09  F(-s)=2.3166e-09  a4_est=0.045945  [t=395s]
  [random#10 coeffs=[-0.437, -0.065, 0.816, -0.064, -0.367]]  F(+s)=1.1647e-09  F(-s)=1.1694e-09  a4_est=0.023052  [t=412s]
  [random#11 coeffs=[0.882, -0.078, 0.06, 0.373, -0.27]]  F(+s)=7.6583e-10  F(-s)=7.6556e-10  a4_est=0.015125  [t=429s]
  [random#12 coeffs=[0.232, -0.629, 0.496, 0.207, 0.511]]  F(+s)=1.8567e-09  F(-s)=1.8619e-09  a4_est=0.036727  [t=445s]
  [random#13 coeffs=[-0.154, -0.863, -0.106, -0.469, -0.009]]  F(+s)=1.9600e-09  F(-s)=1.9397e-09  a4_est=0.038515  [t=461s]
  [random#14 coeffs=[0.576, -0.122, 0.039, -0.163, 0.791]]  F(+s)=7.2435e-09  F(-s)=7.2422e-09  a4_est=0.143068  [t=478s]

========================================================================
SUMMARY
========================================================================
min a4_est = 0.007628   max a4_est = 0.313731
directions with negative a4_est: 0 / 30
smallest a4_est found: 0.007628  at direction [basis eigenvector w0]

========================================================================
Re-confirm quartic scaling (s=0.0075 vs s=0.015) on a subsample
========================================================================
  [basis eigenvector w0]  a4_est(s=0.015)=0.007628  a4_est(s=0.0075)=0.008010  ratio=0.952 (expect ~1.0)  [t=494s]
  [random#13 coeffs=[-0.154, -0.863, -0.106, -0.469, -0.009]]  a4_est(s=0.015)=0.038515  a4_est(s=0.0075)=0.039208  ratio=0.982 (expect ~1.0)  [t=509s]
  [random#14 coeffs=[0.576, -0.122, 0.039, -0.163, 0.791]]  a4_est(s=0.015)=0.143068  a4_est(s=0.0075)=0.144297  ratio=0.991 (expect ~1.0)  [t=524s]
  [basis eigenvector w4]  a4_est(s=0.015)=0.313731  a4_est(s=0.0075)=0.316566  ratio=0.991 (expect ~1.0)  [t=539s]

DONE. Total time: 539 s
