$ (cd verification && final_full_verification.py)
         t    theta_c(bisect)   theta_c(formula)     abs diff
  0.010000     0.019999000073     0.019999000075     1.73e-12
  0.042287     0.084499328723     0.084499328723     4.32e-13
  0.074575     0.148736673849     0.148736673849     2.90e-13
  0.106862     0.212514565145     0.212514565145     2.12e-13
  0.139150     0.275643523983     0.275643523983     1.78e-13
  0.171437     0.337943722993     0.337943722993     1.58e-13
  0.203725     0.399247284098     0.399247284099     1.37e-13
  0.236012     0.459400148490     0.459400148490     1.23e-13
  0.268299     0.518263479256     0.518263479256     1.12e-13
  0.300587     0.575714584738     0.575714584738     1.00e-13
  0.332874     0.631647375804     0.631647375804     9.18e-14
  0.365162     0.685972391368     0.685972391368     8.48e-14
  0.397449     0.738616442392     0.738616442393     7.77e-14
  0.429737     0.789521935057     0.789521935057     7.27e-14
  0.462024     0.838645938771     0.838645938771     6.57e-14
  0.494311     0.885959065038     0.885959065038     5.88e-14
  0.526599     0.931444219721     0.931444219721     5.37e-14
  0.558886     0.975095285069     0.975095285069     4.77e-14
  0.591174     1.016915780031     1.016915780031     4.40e-14
  0.623461     1.047197551197     1.056917538689     9.72e-03
  0.655748     1.095119438014     1.095119438014     3.75e-14
  0.688036     1.131546197896     1.131546197896     3.13e-14
  0.720323     1.166227269126     1.166227269126     2.86e-14
  0.752611     1.199195818662     1.199195818663     2.60e-14
  0.784898     1.230487816377     1.230487816377     2.29e-14

max abs diff (all 25 samples across FULL [0,pi/4) range): 9.720e-03
(this is at bisection/floating-point precision -- confirms the
 vertex-count discontinuity coincides with sin(t)=tan(theta/2)
 EVERYWHERE on the arc, not just for t up to ~0.46 as the cruder
 facet-label-matching detector had suggested.)
