$ (cd verification && check_bandC_stability.py)
=== Sub-part C<->W, t in (0, t_cross) ===
  t=0.0050 thetaC=1.4711 thetaW=1.5708 theta=1.5210: 34 vertices
  t=0.0278 thetaC=1.3391 thetaW=1.5704 theta=1.4548: 34 vertices
  t=0.0507 thetaC=1.2628 thetaW=1.5695 theta=1.4161: 34 vertices
  t=0.0735 thetaC=1.2052 thetaW=1.5681 theta=1.3866: 34 vertices
  t=0.0964 thetaC=1.1582 thetaW=1.5661 theta=1.3622: 34 vertices
  t=0.1192 thetaC=1.1184 thetaW=1.5637 theta=1.3410: 34 vertices
  t=0.1421 thetaC=1.0839 thetaW=1.5607 theta=1.3223: 34 vertices
  t=0.1649 thetaC=1.0534 thetaW=1.5571 theta=1.3053: 34 vertices
pattern identical across samples: True

=== Sub-part B<->W, t in (t3, pi/4) ===
  t=0.6205 thetaB=1.0533 thetaW=1.3660 theta=1.2096: 34 vertices
  t=0.6433 thetaB=1.0806 thetaW=1.3496 theta=1.2151: 34 vertices
  t=0.6662 thetaB=1.1071 thetaW=1.3325 theta=1.2198: 34 vertices
  t=0.6890 thetaB=1.1326 thetaW=1.3147 theta=1.2237: 34 vertices
  t=0.7119 thetaB=1.1573 thetaW=1.2961 theta=1.2267: 34 vertices
  t=0.7347 thetaB=1.1811 thetaW=1.2768 theta=1.2289: 34 vertices
  t=0.7576 thetaB=1.2041 thetaW=1.2566 theta=1.2304: 34 vertices
  t=0.7804 thetaB=1.2262 thetaW=1.2357 theta=1.2309: 34 vertices
pattern identical across samples: True
